Archive member included because of file (symbol)

.\CortexM3\ARM_GCC_493\Debug\ConnectFour.a(cyfitter_cfg.o)
                              .\CortexM3\ARM_GCC_493\Debug\Cm3Start.o (cyfitter_cfg)
.\CortexM3\ARM_GCC_493\Debug\ConnectFour.a(SPIM_1.o)
                              .\CortexM3\ARM_GCC_493\Debug\tft.o (SPIM_1_ReadTxStatus)
.\CortexM3\ARM_GCC_493\Debug\ConnectFour.a(DC.o)
                              .\CortexM3\ARM_GCC_493\Debug\tft.o (DC_Write)
.\CortexM3\ARM_GCC_493\Debug\ConnectFour.a(CyBootAsmGnu.o)
                              .\CortexM3\ARM_GCC_493\Debug\XPT2046.o (CyDelayCycles)
.\CortexM3\ARM_GCC_493\Debug\ConnectFour.a(CyDmac.o)
                              .\CortexM3\ARM_GCC_493\Debug\Cm3Start.o (CyDmacConfigure)
.\CortexM3\ARM_GCC_493\Debug\ConnectFour.a(CyLib.o)
                              .\CortexM3\ARM_GCC_493\Debug\GUI_X.o (CyHalt)
.\CortexM3\ARM_GCC_493\Debug\ConnectFour.a(cyPm.o)
                              .\CortexM3\ARM_GCC_493\Debug\ConnectFour.a(CyLib.o) (CyPmReadStatus)
.\CortexM3\ARM_GCC_493\Debug\ConnectFour.a(T_DIN.o)
                              .\CortexM3\ARM_GCC_493\Debug\XPT2046.o (T_DIN_Write)
.\CortexM3\ARM_GCC_493\Debug\ConnectFour.a(T_CLK.o)
                              .\CortexM3\ARM_GCC_493\Debug\XPT2046.o (T_CLK_Write)
.\CortexM3\ARM_GCC_493\Debug\ConnectFour.a(T_CS.o)
                              .\CortexM3\ARM_GCC_493\Debug\XPT2046.o (T_CS_Write)
.\CortexM3\ARM_GCC_493\Debug\ConnectFour.a(T_DO.o)
                              .\CortexM3\ARM_GCC_493\Debug\XPT2046.o (T_DO_Read)
.\CortexM3\ARM_GCC_493\Debug\ConnectFour.a(SELECT_PWM.o)
                              .\CortexM3\ARM_GCC_493\Debug\Robot.o (SELECT_PWM_WriteCompare)
.\CortexM3\ARM_GCC_493\Debug\ConnectFour.a(HAMMER_PWM.o)
                              .\CortexM3\ARM_GCC_493\Debug\Robot.o (HAMMER_PWM_WriteCompare)
.\CortexM3\ARM_GCC_493\Debug\ConnectFour.a(PHOTO_INTERRUPTER_ISR.o)
                              .\CortexM3\ARM_GCC_493\Debug\Robot.o (PHOTO_INTERRUPTER_ISR_StartEx)
.\CortexM3\ARM_GCC_493\Debug\ConnectFour.a(PHOTO_INTERRUPTER_PINS.o)
                              .\CortexM3\ARM_GCC_493\Debug\Robot.o (PHOTO_INTERRUPTER_PINS_ClearInterrupt)
.\CortexM3\ARM_GCC_493\Debug\ConnectFour.a(DmaDone.o)
                              .\CortexM3\ARM_GCC_493\Debug\main.o (DmaDone_Enable)
.\CortexM3\ARM_GCC_493\Debug\ConnectFour.a(VDAC8.o)
                              .\CortexM3\ARM_GCC_493\Debug\main.o (VDAC8_Start)
.\CortexM3\ARM_GCC_493\Debug\ConnectFour.a(USBFS.o)
                              .\CortexM3\ARM_GCC_493\Debug\main.o (USBFS_Start)
.\CortexM3\ARM_GCC_493\Debug\ConnectFour.a(USBFS_drv.o)
                              .\CortexM3\ARM_GCC_493\Debug\ConnectFour.a(USBFS.o) (USBFS_lastPacketSize)
.\CortexM3\ARM_GCC_493\Debug\ConnectFour.a(USBFS_episr.o)
                              .\CortexM3\ARM_GCC_493\Debug\ConnectFour.a(USBFS.o) (USBFS_EP_2_ISR)
.\CortexM3\ARM_GCC_493\Debug\ConnectFour.a(USBFS_pm.o)
                              .\CortexM3\ARM_GCC_493\Debug\ConnectFour.a(USBFS.o) (USBFS_DP_ISR)
.\CortexM3\ARM_GCC_493\Debug\ConnectFour.a(USBFS_std.o)
                              .\CortexM3\ARM_GCC_493\Debug\ConnectFour.a(USBFS_pm.o) (USBFS_ConfigReg)
.\CortexM3\ARM_GCC_493\Debug\ConnectFour.a(USBFS_vnd.o)
                              .\CortexM3\ARM_GCC_493\Debug\ConnectFour.a(USBFS_drv.o) (USBFS_HandleVendorRqst)
.\CortexM3\ARM_GCC_493\Debug\ConnectFour.a(USBFS_Dp.o)
                              .\CortexM3\ARM_GCC_493\Debug\ConnectFour.a(USBFS_pm.o) (USBFS_Dp_ClearInterrupt)
.\CortexM3\ARM_GCC_493\Debug\ConnectFour.a(USBFS_ep2_dma.o)
                              .\CortexM3\ARM_GCC_493\Debug\ConnectFour.a(USBFS.o) (USBFS_ep2_DmaInitialize)
.\CortexM3\ARM_GCC_493\Debug\ConnectFour.a(VDAC_DMA_dma.o)
                              .\CortexM3\ARM_GCC_493\Debug\main.o (VDAC_DMA_DmaInitialize)
.\CortexM3\ARM_GCC_493\Debug\ConnectFour.a(CyFlash.o)
                              .\CortexM3\ARM_GCC_493\Debug\ConnectFour.a(cyPm.o) (CyFlash_SetWaitCycles)
.\CortexM3\ARM_GCC_493\Debug\ConnectFour.a(CySpc.o)
                              .\CortexM3\ARM_GCC_493\Debug\ConnectFour.a(CyFlash.o) (CySpcStart)
.\CortexM3\ARM_GCC_493\Debug\ConnectFour.a(USBFS_cls.o)
                              .\CortexM3\ARM_GCC_493\Debug\ConnectFour.a(USBFS_drv.o) (USBFS_DispatchClassRqst)
.\CortexM3\ARM_GCC_493\Debug\ConnectFour.a(USBFS_descr.o)
                              .\CortexM3\ARM_GCC_493\Debug\ConnectFour.a(USBFS_std.o) (USBFS_TABLE)
.\CortexM3\ARM_GCC_493\Debug\ConnectFour.a(USBFS_audio.o)
                              .\CortexM3\ARM_GCC_493\Debug\ConnectFour.a(USBFS_cls.o) (USBFS_DispatchAUDIOClassRqst)
..\emFile_V322c\LinkLibrary\PSoC5\GCC\libemf32nosnlfn.a(FS_FRead.o)
                              .\CortexM3\ARM_GCC_493\Debug\Music.o (FS_FRead)
..\emFile_V322c\LinkLibrary\PSoC5\GCC\libemf32nosnlfn.a(FS_Misc.o)
[...]
Memory Configuration

Name             Origin             Length             Attributes
rom              0x00000000         0x00040000         xr
ram              0x1fff8000         0x00010000         xrw
*default*        0x00000000         0xffffffff

Linker script and memory map

LOAD c:/program files (x86)/cypress/psoc creator/3.3/psoc creator/import/gnu/arm/4.9.3/bin/../lib/gcc/arm-none-eabi/4.9.3/armv7-m/crti.o
LOAD c:/program files (x86)/cypress/psoc creator/3.3/psoc creator/import/gnu/arm/4.9.3/bin/../lib/gcc/arm-none-eabi/4.9.3/armv7-m/crtbegin.o
LOAD c:/program files (x86)/cypress/psoc creator/3.3/psoc creator/import/gnu/arm/4.9.3/bin/../lib/gcc/arm-none-eabi/4.9.3/../../../../arm-none-eabi/lib/armv7-m/crt0.o
START GROUP
LOAD .\CortexM3\ARM_GCC_493\Debug\main.o
LOAD .\CortexM3\ARM_GCC_493\Debug\tft.o
LOAD .\CortexM3\ARM_GCC_493\Debug\GUI_X.o
LOAD .\CortexM3\ARM_GCC_493\Debug\GUIConf.o
LOAD .\CortexM3\ARM_GCC_493\Debug\LCDConf.o
LOAD .\CortexM3\ARM_GCC_493\Debug\Connect4Board.o
LOAD .\CortexM3\ARM_GCC_493\Debug\XPT2046.o
LOAD .\CortexM3\ARM_GCC_493\Debug\Connect4.o
LOAD .\CortexM3\ARM_GCC_493\Debug\Robot.o
LOAD .\CortexM3\ARM_GCC_493\Debug\Tick.o
LOAD .\CortexM3\ARM_GCC_493\Debug\Music.o
LOAD .\CortexM3\ARM_GCC_493\Debug\dds.o
LOAD .\CortexM3\ARM_GCC_493\Debug\cymetadata.o
LOAD .\CortexM3\ARM_GCC_493\Debug\Cm3Start.o
LOAD .\CortexM3\ARM_GCC_493\Debug\ConnectFour.a
LOAD C:\Program Files (x86)\Cypress\PSoC Creator\3.3\PSoC Creator\psoc\content\cycomponentlibrary\CyComponentLibrary.cylib\CortexM3\ARM_GCC_493\Debug\CyComponentLibrary.a
LOAD c:/program files (x86)/cypress/psoc creator/3.3/psoc creator/import/gnu/arm/4.9.3/bin/../lib/gcc/arm-none-eabi/4.9.3/../../../../arm-none-eabi/lib/armv7-m\libm.a
LOAD ..\emFile_V322c\LinkLibrary\PSoC5\GCC\libemf32nosnlfn.a
LOAD ..\emWinGraphics_v5_46\LinkLibrary\PSoC5\GCC\libemWin_nosts_cm3_gcc.a
END GROUP
START GROUP
LOAD c:/program files (x86)/cypress/psoc creator/3.3/psoc creator/import/gnu/arm/4.9.3/bin/../lib/gcc/arm-none-eabi/4.9.3/armv7-m\libgcc.a
LOAD c:/program files (x86)/cypress/psoc creator/3.3/psoc creator/import/gnu/arm/4.9.3/bin/../lib/gcc/arm-none-eabi/4.9.3/../../../../arm-none-eabi/lib/armv7-m\libg_nano.a
LOAD c:/program files (x86)/cypress/psoc creator/3.3/psoc creator/import/gnu/arm/4.9.3/bin/../lib/gcc/arm-none-eabi/4.9.3/../../../../arm-none-eabi/lib/armv7-m\libc_nano.a
END GROUP
START GROUP
LOAD c:/program files (x86)/cypress/psoc creator/3.3/psoc creator/import/gnu/arm/4.9.3/bin/../lib/gcc/arm-none-eabi/4.9.3/armv7-m\libgcc.a
LOAD c:/program files (x86)/cypress/psoc creator/3.3/psoc creator/import/gnu/arm/4.9.3/bin/../lib/gcc/arm-none-eabi/4.9.3/../../../../arm-none-eabi/lib/armv7-m\libc_nano.a
END GROUP
LOAD c:/program files (x86)/cypress/psoc creator/3.3/psoc creator/import/gnu/arm/4.9.3/bin/../lib/gcc/arm-none-eabi/4.9.3/armv7-m/crtend.o
LOAD c:/program files (x86)/cypress/psoc creator/3.3/psoc creator/import/gnu/arm/4.9.3/bin/../lib/gcc/arm-none-eabi/4.9.3/armv7-m/crtn.o
START GROUP
LOAD c:/program files (x86)/cypress/psoc creator/3.3/psoc creator/import/gnu/arm/4.9.3/bin/../lib/gcc/arm-none-eabi/4.9.3/armv7-m\libgcc.a
LOAD c:/program files (x86)/cypress/psoc creator/3.3/psoc creator/import/gnu/arm/4.9.3/bin/../lib/gcc/arm-none-eabi/4.9.3/../../../../arm-none-eabi/lib/armv7-m\libc.a
LOAD c:/program files (x86)/cypress/psoc creator/3.3/psoc creator/import/gnu/arm/4.9.3/bin/../lib/gcc/arm-none-eabi/4.9.3/../../../../arm-none-eabi/lib/armv7-m\libnosys.a
END GROUP
                0x00000000                CY_APPL_ORIGIN = 0x0
                0x00000100                CY_FLASH_ROW_SIZE = 0x100
                0x00000020                CY_ECC_ROW_SIZE = 0x20
                0x00000000                CY_EE_IN_BTLDR = 0x0
                0x00000000                CY_APPL_LOADABLE = 0x0
                0x00000800                CY_EE_SIZE = 0x800
                0x00000001                CY_APPL_NUM = 0x1
                0x00000001                CY_APPL_MAX = 0x1
                0x00000040                CY_METADATA_SIZE = 0x40
                0x00000000                CY_APPL_LOADABLE = 0x0
                0x00000000                CY_CHECKSUM_EXCLUDE_SIZE = ALIGN (0x0, CY_FLASH_ROW_SIZE)
                0x1fff8388                PROVIDE (__cy_heap_start, _end)
                0x00000001                PROVIDE (__cy_region_num, ((__cy_regions_end - __cy_regions) / 0x10))
                0x20008000                PROVIDE (__cy_stack, (ORIGIN (ram) + 0x10000))
                0x20007800                PROVIDE (__cy_heap_end, (__cy_stack - 0x800))

.cybootloader   0x00000000        0x0
 *(.cybootloader)
                0x00000000                appl1_start = CY_APPL_ORIGIN?CY_APPL_ORIGIN:ALIGN (CY_FLASH_ROW_SIZE)
                0x0001ff00                appl2_start = (appl1_start + ALIGN ((((0x40000 - appl1_start) - (0x2 * CY_FLASH_ROW_SIZE)) / 0x2), CY_FLASH_ROW_SIZE))
                0x00000000                appl_start = (CY_APPL_NUM == 0x1)?appl1_start:appl2_start
                0x00000000                ecc_offset = ((appl_start / CY_FLASH_ROW_SIZE) * CY_ECC_ROW_SIZE)
                0x00000000                ee_offset = (CY_APPL_LOADABLE && ! (CY_EE_IN_BTLDR))?((CY_EE_SIZE / CY_APPL_MAX) * (CY_APPL_NUM - 0x1)):0x0
                0x00000800                ee_size = (CY_APPL_LOADABLE && ! (CY_EE_IN_BTLDR))?(CY_EE_SIZE / CY_APPL_MAX):CY_EE_SIZE
                0x00000000                PROVIDE (CY_ECC_OFFSET, ecc_offset)

.text           0x00000000     0x1e1e
 CREATE_OBJECT_SYMBOLS
                0x00000000                PROVIDE (__cy_interrupt_vector, RomVectors)
 *(.romvectors)
 .romvectors    0x00000000       0x10 .\CortexM3\ARM_GCC_493\Debug\Cm3Start.o
                0x00000000                RomVectors
                0x00000001                ASSERT ((. != __cy_interrupt_vector), No interrupt vector)
                0x00000001                ASSERT (CY_APPL_ORIGIN?(SIZEOF (.cybootloader) <= CY_APPL_ORIGIN):0x1, Wrong image location)
                0x00000010                PROVIDE (__cy_reset, Reset)
 *(.text.Reset)
 .text.Reset    0x00000010       0x18 .\CortexM3\ARM_GCC_493\Debug\Cm3Start.o
                0x00000010                Reset
                0x00000001                ASSERT ((. != __cy_reset), No reset code)
 *(.dma_init)
                0x00000001                ASSERT ((((appl_start + .) <= 0x10000) || 0x1), DMA Init must be within the first 64k of flash)
 *(.text .text.* .gnu.linkonce.t.*)
 .text          0x00000028       0x5c c:/program files (x86)/cypress/psoc creator/3.3/psoc creator/import/gnu/arm/4.9.3/bin/../lib/gcc/arm-none-eabi/4.9.3/armv7-m/crtbegin.o
 .text.VdacDmaDone
                0x00000084       0x48 .\CortexM3\ARM_GCC_493\Debug\main.o
                0x00000084                VdacDmaDone
 .text.main     0x000000cc      0x174 .\CortexM3\ARM_GCC_493\Debug\main.o
                0x000000cc                main
 .text.IntDefaultHandler
                0x00000240        0x4 .\CortexM3\ARM_GCC_493\Debug\Cm3Start.o
                0x00000240                IntDefaultHandler
 .text.Start_c  0x00000244       0x4c .\CortexM3\ARM_GCC_493\Debug\Cm3Start.o
                0x00000244                Start_c
 .text.initialize_psoc
                0x00000290       0x78 .\CortexM3\ARM_GCC_493\Debug\Cm3Start.o
                0x00000290                initialize_psoc
 .text.CyClockStartupError
                0x00000308        0x4 .\CortexM3\ARM_GCC_493\Debug\ConnectFour.a(cyfitter_cfg.o)
 .text.cfg_write_bytes32
                0x0000030c       0x34 .\CortexM3\ARM_GCC_493\Debug\ConnectFour.a(cyfitter_cfg.o)
 .text.AnalogSetDefault
                0x00000340       0x38 .\CortexM3\ARM_GCC_493\Debug\ConnectFour.a(cyfitter_cfg.o)
 .text.CYMEMZERO
                0x00000378        0xc .\CortexM3\ARM_GCC_493\Debug\ConnectFour.a(cyfitter_cfg.o)
 .text.ClockSetup
                0x00000384       0xf0 .\CortexM3\ARM_GCC_493\Debug\ConnectFour.a(cyfitter_cfg.o)
 .text.CYCONFIGCPY
                0x00000474        0x8 .\CortexM3\ARM_GCC_493\Debug\ConnectFour.a(cyfitter_cfg.o)
 .text.cyfitter_cfg
                0x0000047c      0x15c .\CortexM3\ARM_GCC_493\Debug\ConnectFour.a(cyfitter_cfg.o)
                0x0000047c                cyfitter_cfg
 .text          0x000005d8       0x20 .\CortexM3\ARM_GCC_493\Debug\ConnectFour.a(CyBootAsmGnu.o)
                0x000005d8                CyDelayCycles
                0x000005e8                CyEnterCriticalSection
                0x000005f0                CyExitCriticalSection
 .text.CyDmacConfigure
                0x000005f8       0x34 .\CortexM3\ARM_GCC_493\Debug\ConnectFour.a(CyDmac.o)
                0x000005f8                CyDmacConfigure
 .text.CyDmaChEnable
                0x0000062c       0x38 .\CortexM3\ARM_GCC_493\Debug\ConnectFour.a(CyDmac.o)
                0x0000062c                CyDmaChEnable
 .text.CyDmaChDisable
                0x00000664       0x24 .\CortexM3\ARM_GCC_493\Debug\ConnectFour.a(CyDmac.o)
                0x00000664                CyDmaChDisable
 .text.CyDmaChPriority
                0x00000688       0x24 .\CortexM3\ARM_GCC_493\Debug\ConnectFour.a(CyDmac.o)
                0x00000688                CyDmaChPriority
 .text.CyDmaChSetExtendedAddress
                0x000006ac       0x34 .\CortexM3\ARM_GCC_493\Debug\ConnectFour.a(CyDmac.o)
                0x000006ac                CyDmaChSetExtendedAddress
 .text.CyDmaChSetInitialTd
                0x000006e0       0x18 .\CortexM3\ARM_GCC_493\Debug\ConnectFour.a(CyDmac.o)
                0x000006e0                CyDmaChSetInitialTd
 .text.CyDmaChSetConfiguration
                0x000006f8       0x48 .\CortexM3\ARM_GCC_493\Debug\ConnectFour.a(CyDmac.o)
                0x000006f8                CyDmaChSetConfiguration
 .text.CyDmaTdAllocate
                0x00000740       0x34 .\CortexM3\ARM_GCC_493\Debug\ConnectFour.a(CyDmac.o)
                0x00000740                CyDmaTdAllocate
 .text.CyDmaTdSetConfiguration
                0x00000774       0x28 .\CortexM3\ARM_GCC_493\Debug\ConnectFour.a(CyDmac.o)
                0x00000774                CyDmaTdSetConfiguration
 .text.CyDmaTdSetAddress
                0x0000079c       0x1c .\CortexM3\ARM_GCC_493\Debug\ConnectFour.a(CyDmac.o)
                0x0000079c                CyDmaTdSetAddress
 .text.CyHalt   0x000007b8        0x4 .\CortexM3\ARM_GCC_493\Debug\ConnectFour.a(CyLib.o)
                0x000007b8                CyHalt
 .text.CyDelayUs
                0x000007bc       0x14 .\CortexM3\ARM_GCC_493\Debug\ConnectFour.a(CyLib.o)
                0x000007bc                CyDelayUs
 .text.CyIntSetVector
                0x000007d0       0x28 .\CortexM3\ARM_GCC_493\Debug\ConnectFour.a(CyLib.o)
                0x000007d0                CyIntSetVector
 .text.CyIntSetPriority
                0x000007f8       0x30 .\CortexM3\ARM_GCC_493\Debug\ConnectFour.a(CyLib.o)
                0x000007f8                CyIntSetPriority
 .text.DmaDone_SetVector
                0x00000828        0xc .\CortexM3\ARM_GCC_493\Debug\ConnectFour.a(DmaDone.o)
                0x00000828                DmaDone_SetVector
 .text.DmaDone_SetPriority
                0x00000834       0x10 .\CortexM3\ARM_GCC_493\Debug\ConnectFour.a(DmaDone.o)
                0x00000834                DmaDone_SetPriority
 .text.DmaDone_Enable
                0x00000844        0xc .\CortexM3\ARM_GCC_493\Debug\ConnectFour.a(DmaDone.o)
                0x00000844                DmaDone_Enable
 .text.DmaDone_Disable
                0x00000850        0xc .\CortexM3\ARM_GCC_493\Debug\ConnectFour.a(DmaDone.o)
                0x00000850                DmaDone_Disable
 .text.DmaDone_StartEx
                0x0000085c       0x1c .\CortexM3\ARM_GCC_493\Debug\ConnectFour.a(DmaDone.o)
                0x0000085c                DmaDone_StartEx
 .text.VDAC8_Enable
                0x00000878       0x1c .\CortexM3\ARM_GCC_493\Debug\ConnectFour.a(VDAC8.o)
                0x00000878                VDAC8_Enable
 .text.VDAC8_SetSpeed
                0x00000894       0x1c .\CortexM3\ARM_GCC_493\Debug\ConnectFour.a(VDAC8.o)
                0x00000894                VDAC8_SetSpeed
 .text.VDAC8_SetValue
                0x000008b0        0xc .\CortexM3\ARM_GCC_493\Debug\ConnectFour.a(VDAC8.o)
                0x000008b0                VDAC8_SetValue
 .text.VDAC8_DacTrim
                0x000008bc       0x24 .\CortexM3\ARM_GCC_493\Debug\ConnectFour.a(VDAC8.o)
                0x000008bc                VDAC8_DacTrim
 .text.VDAC8_SetRange
                0x000008e0       0x20 .\CortexM3\ARM_GCC_493\Debug\ConnectFour.a(VDAC8.o)
                0x000008e0                VDAC8_SetRange
 .text.VDAC8_Init
                0x00000900       0x20 .\CortexM3\ARM_GCC_493\Debug\ConnectFour.a(VDAC8.o)
                0x00000900                VDAC8_Init
 .text.VDAC8_Start
                0x00000920       0x24 .\CortexM3\ARM_GCC_493\Debug\ConnectFour.a(VDAC8.o)
                0x00000920                VDAC8_Start
 .text.USBFS_Init
                0x00000944      0x140 .\CortexM3\ARM_GCC_493\Debug\ConnectFour.a(USBFS.o)
                0x00000944                USBFS_Init
 .text.USBFS_InitComponent
                0x00000a84       0xc8 .\CortexM3\ARM_GCC_493\Debug\ConnectFour.a(USBFS.o)
                0x00000a84                USBFS_InitComponent
 .text.USBFS_Start
                0x00000b4c       0x24 .\CortexM3\ARM_GCC_493\Debug\ConnectFour.a(USBFS.o)
                0x00000b4c                USBFS_Start
 .text.USBFS_ReInitComponent
                0x00000b70       0x4c .\CortexM3\ARM_GCC_493\Debug\ConnectFour.a(USBFS.o)
                0x00000b70                USBFS_ReInitComponent
 .text.USBFS_GetConfiguration
                0x00000bbc        0xc .\CortexM3\ARM_GCC_493\Debug\ConnectFour.a(USBFS.o)
                0x00000bbc                USBFS_GetConfiguration
 .text.USBFS_IsConfigurationChanged
                0x00000bc8       0x20 .\CortexM3\ARM_GCC_493\Debug\ConnectFour.a(USBFS.o)
                0x00000bc8                USBFS_IsConfigurationChanged
 .text.USBFS_GetInterfaceSetting
                0x00000be8        0xc .\CortexM3\ARM_GCC_493\Debug\ConnectFour.a(USBFS.o)
                0x00000be8                USBFS_GetInterfaceSetting
 .text.USBFS_GetEPState
                0x00000bf4       0x14 .\CortexM3\ARM_GCC_493\Debug\ConnectFour.a(USBFS.o)
                0x00000bf4                USBFS_GetEPState
 .text.USBFS_GetEPCount
                0x00000c08       0x28 .\CortexM3\ARM_GCC_493\Debug\ConnectFour.a(USBFS.o)
                0x00000c08                USBFS_GetEPCount
 .text.USBFS_InitEP_DMA
                0x00000c30       0x54 .\CortexM3\ARM_GCC_493\Debug\ConnectFour.a(USBFS.o)
                0x00000c30                USBFS_InitEP_DMA
 .text.USBFS_ReadOutEP
                0x00000c84       0xb0 .\CortexM3\ARM_GCC_493\Debug\ConnectFour.a(USBFS.o)
                0x00000c84                USBFS_ReadOutEP
 .text.USBFS_EnableOutEP
                0x00000d34       0x2c .\CortexM3\ARM_GCC_493\Debug\ConnectFour.a(USBFS.o)
                0x00000d34                USBFS_EnableOutEP
 .text.USBFS_LoadEP0
                0x00000d60       0x94 .\CortexM3\ARM_GCC_493\Debug\ConnectFour.a(USBFS_drv.o)
                0x00000d60                USBFS_LoadEP0
 .text.USBFS_InitZeroLengthControlTransfer
                0x00000df4       0x34 .\CortexM3\ARM_GCC_493\Debug\ConnectFour.a(USBFS_drv.o)
                0x00000df4                USBFS_InitZeroLengthControlTransfer
 .text.USBFS_ControlReadDataStage
                0x00000e28        0x8 .\CortexM3\ARM_GCC_493\Debug\ConnectFour.a(USBFS_drv.o)
                0x00000e28                USBFS_ControlReadDataStage
 .text.USBFS_ControlWriteDataStage
                0x00000e30       0x80 .\CortexM3\ARM_GCC_493\Debug\ConnectFour.a(USBFS_drv.o)
                0x00000e30                USBFS_ControlWriteDataStage
 .text.USBFS_InitNoDataControlTransfer
                0x00000eb0       0x2c .\CortexM3\ARM_GCC_493\Debug\ConnectFour.a(USBFS_drv.o)
                0x00000eb0                USBFS_InitNoDataControlTransfer
 .text.USBFS_UpdateStatusBlock
                0x00000edc       0x24 .\CortexM3\ARM_GCC_493\Debug\ConnectFour.a(USBFS_drv.o)
                0x00000edc                USBFS_UpdateStatusBlock
 .text.USBFS_HandleSetup
                0x00000f00       0x5c .\CortexM3\ARM_GCC_493\Debug\ConnectFour.a(USBFS_drv.o)
                0x00000f00                USBFS_HandleSetup
 .text.USBFS_ControlReadStatusStage
                0x00000f5c       0x34 .\CortexM3\ARM_GCC_493\Debug\ConnectFour.a(USBFS_drv.o)
                0x00000f5c                USBFS_ControlReadStatusStage
 .text.USBFS_HandleOUT
                0x00000f90       0x38 .\CortexM3\ARM_GCC_493\Debug\ConnectFour.a(USBFS_drv.o)
                0x00000f90                USBFS_HandleOUT
 .text.USBFS_ControlWriteStatusStage
                0x00000fc8       0x20 .\CortexM3\ARM_GCC_493\Debug\ConnectFour.a(USBFS_drv.o)
                0x00000fc8                USBFS_ControlWriteStatusStage
 .text.USBFS_NoDataControlStatusStage
                0x00000fe8       0x40 .\CortexM3\ARM_GCC_493\Debug\ConnectFour.a(USBFS_drv.o)
                0x00000fe8                USBFS_NoDataControlStatusStage
 .text.USBFS_HandleIN
                0x00001028       0x2c .\CortexM3\ARM_GCC_493\Debug\ConnectFour.a(USBFS_drv.o)
                0x00001028                USBFS_HandleIN
 .text.USBFS_EP_0_ISR
                0x00001054       0xb8 .\CortexM3\ARM_GCC_493\Debug\ConnectFour.a(USBFS_drv.o)
                0x00001054                USBFS_EP_0_ISR
 .text.USBFS_InitializeStatusBlock
                0x0000110c       0x24 .\CortexM3\ARM_GCC_493\Debug\ConnectFour.a(USBFS_drv.o)
                0x0000110c                USBFS_InitializeStatusBlock
 .text.USBFS_InitControlRead
                0x00001130       0x50 .\CortexM3\ARM_GCC_493\Debug\ConnectFour.a(USBFS_drv.o)
                0x00001130                USBFS_InitControlRead
 .text.USBFS_InitControlWrite
                0x00001180       0x48 .\CortexM3\ARM_GCC_493\Debug\ConnectFour.a(USBFS_drv.o)
                0x00001180                USBFS_InitControlWrite
 .text.USBFS_EP_2_ISR
                0x000011c8       0x3c .\CortexM3\ARM_GCC_493\Debug\ConnectFour.a(USBFS_episr.o)
                0x000011c8                USBFS_EP_2_ISR
 .text.USBFS_SOF_ISR
                0x00001204        0x4 .\CortexM3\ARM_GCC_493\Debug\ConnectFour.a(USBFS_episr.o)
                0x00001204                USBFS_SOF_ISR
 .text.USBFS_BUS_RESET_ISR
                0x00001208        0x8 .\CortexM3\ARM_GCC_493\Debug\ConnectFour.a(USBFS_episr.o)
                0x00001208                USBFS_BUS_RESET_ISR
 .text.USBFS_ARB_ISR
                0x00001210       0xa4 .\CortexM3\ARM_GCC_493\Debug\ConnectFour.a(USBFS_episr.o)
                0x00001210                USBFS_ARB_ISR
 .text.USBFS_DP_ISR
                0x000012b4        0x8 .\CortexM3\ARM_GCC_493\Debug\ConnectFour.a(USBFS_pm.o)
                0x000012b4                USBFS_DP_ISR
 .text.USBFS_ConfigReg
                0x000012bc       0xa8 .\CortexM3\ARM_GCC_493\Debug\ConnectFour.a(USBFS_std.o)
                0x000012bc                USBFS_ConfigReg
 .text.USBFS_GetConfigTablePtr
                0x00001364       0x28 .\CortexM3\ARM_GCC_493\Debug\ConnectFour.a(USBFS_std.o)
                0x00001364                USBFS_GetConfigTablePtr
 .text.USBFS_ConfigAltChanged
                0x0000138c      0x11c .\CortexM3\ARM_GCC_493\Debug\ConnectFour.a(USBFS_std.o)
                0x0000138c                USBFS_ConfigAltChanged
 .text.USBFS_GetDeviceTablePtr
                0x000014a8       0x18 .\CortexM3\ARM_GCC_493\Debug\ConnectFour.a(USBFS_std.o)
                0x000014a8                USBFS_GetDeviceTablePtr
 .text.USBFS_GetInterfaceClassTablePtr
                0x000014c0       0x24 .\CortexM3\ARM_GCC_493\Debug\ConnectFour.a(USBFS_std.o)
                0x000014c0                USBFS_GetInterfaceClassTablePtr
 .text.USBFS_Config
                0x000014e4      0x1c0 .\CortexM3\ARM_GCC_493\Debug\ConnectFour.a(USBFS_std.o)
                0x000014e4                USBFS_Config
 .text.USBFS_SetEndpointHalt
                0x000016a4       0x64 .\CortexM3\ARM_GCC_493\Debug\ConnectFour.a(USBFS_std.o)
                0x000016a4                USBFS_SetEndpointHalt
 .text.USBFS_ClearEndpointHalt
                0x00001708       0xa8 .\CortexM3\ARM_GCC_493\Debug\ConnectFour.a(USBFS_std.o)
                0x00001708                USBFS_ClearEndpointHalt
 .text.USBFS_ValidateAlternateSetting
                0x000017b0       0x4c .\CortexM3\ARM_GCC_493\Debug\ConnectFour.a(USBFS_std.o)
                0x000017b0                USBFS_ValidateAlternateSetting
 .text.USBFS_HandleStandardRqst
                0x000017fc      0x324 .\CortexM3\ARM_GCC_493\Debug\ConnectFour.a(USBFS_std.o)
                0x000017fc                USBFS_HandleStandardRqst
 .text.USBFS_HandleVendorRqst
                0x00001b20       0x18 .\CortexM3\ARM_GCC_493\Debug\ConnectFour.a(USBFS_vnd.o)
                0x00001b20                USBFS_HandleVendorRqst
 .text.USBFS_Dp_ClearInterrupt
                0x00001b38       0x10 .\CortexM3\ARM_GCC_493\Debug\ConnectFour.a(USBFS_Dp.o)
                0x00001b38                USBFS_Dp_ClearInterrupt
 .text.USBFS_ep2_DmaInitialize
                0x00001b48       0x3c .\CortexM3\ARM_GCC_493\Debug\ConnectFour.a(USBFS_ep2_dma.o)
                0x00001b48                USBFS_ep2_DmaInitialize
 .text.VDAC_DMA_DmaInitialize
                0x00001b84       0x3c .\CortexM3\ARM_GCC_493\Debug\ConnectFour.a(VDAC_DMA_dma.o)
                0x00001b84                VDAC_DMA_DmaInitialize
 .text.USBFS_DispatchClassRqst
                0x00001bc0       0x58 .\CortexM3\ARM_GCC_493\Debug\ConnectFour.a(USBFS_cls.o)
                0x00001bc0                USBFS_DispatchClassRqst
 .text.USBFS_DispatchAUDIOClassRqst
                0x00001c18      0x194 .\CortexM3\ARM_GCC_493\Debug\ConnectFour.a(USBFS_audio.o)
                0x00001c18                USBFS_DispatchAUDIOClassRqst
 .text.__libc_init_array
                0x00001dac       0x4c c:/program files (x86)/cypress/psoc creator/3.3/psoc creator/import/gnu/arm/4.9.3/bin/../lib/gcc/arm-none-eabi/4.9.3/../../../../arm-none-eabi/lib/armv7-m\libg_nano.a(lib_a-init.o)
                0x00001dac                __libc_init_array
 .text.memcpy   0x00001df8       0x16 c:/program files (x86)/cypress/psoc creator/3.3/psoc creator/import/gnu/arm/4.9.3/bin/../lib/gcc/arm-none-eabi/4.9.3/../../../../arm-none-eabi/lib/armv7-m\libg_nano.a(lib_a-memcpy.o)
                0x00001df8                memcpy
 .text.memset   0x00001e0e       0x10 c:/program files (x86)/cypress/psoc creator/3.3/psoc creator/import/gnu/arm/4.9.3/bin/../lib/gcc/arm-none-eabi/4.9.3/../../../../arm-none-eabi/lib/armv7-m\libg_nano.a(lib_a-memset.o)
                0x00001e0e                memset
 *(.plt)
 *(.gnu.warning)
 *(.glue_7t)
 .glue_7t       0x00000000        0x0 linker stubs
 *(.glue_7)
 .glue_7        0x00000000        0x0 linker stubs
 *(.vfp11_veneer)
 .vfp11_veneer  0x00000000        0x0 linker stubs
 *(.bootloader)
 *(.ARM.extab* .gnu.linkonce.armextab.*)
 *(.gcc_except_table)

.v4_bx          0x00001e20        0x0
 .v4_bx         0x00000000        0x0 linker stubs

.iplt           0x00001e20        0x0
 .iplt          0x00000000        0x0 c:/program files (x86)/cypress/psoc creator/3.3/psoc creator/import/gnu/arm/4.9.3/bin/../lib/gcc/arm-none-eabi/4.9.3/armv7-m/crtbegin.o

.eh_frame_hdr
 *(.eh_frame_hdr)

.eh_frame       0x00001e20        0x4
 *(.eh_frame)
 .eh_frame      0x00001e20        0x0 c:/program files (x86)/cypress/psoc creator/3.3/psoc creator/import/gnu/arm/4.9.3/bin/../lib/gcc/arm-none-eabi/4.9.3/armv7-m/crtbegin.o
 .eh_frame      0x00001e20        0x4 c:/program files (x86)/cypress/psoc creator/3.3/psoc creator/import/gnu/arm/4.9.3/bin/../lib/gcc/arm-none-eabi/4.9.3/armv7-m/crtend.o
                0x00001e24                PROVIDE (__exidx_start, .)

.ARM.exidx
 *(.ARM.exidx* .gnu.linkonce.armexidx.*)
                0x00001e24                __exidx_end = .

.rodata         0x00001e24      0x2d4
 *(.rodata .rodata.* .gnu.linkonce.r.*)
 .rodata        0x00001e24       0x5c .\CortexM3\ARM_GCC_493\Debug\ConnectFour.a(cyfitter_cfg.o)
 .rodata        0x00001e80      0x244 .\CortexM3\ARM_GCC_493\Debug\ConnectFour.a(USBFS_descr.o)
                0x00001e80                USBFS_TABLE
                0x00001e88                USBFS_DEVICE0_TABLE
                0x00001ea0                USBFS_DEVICE0_CONFIGURATION0_TABLE
                0x00001ec8                USBFS_DEVICE0_CONFIGURATION0_INTERFACE_CLASS
                0x00001ecc                USBFS_DEVICE0_CONFIGURATION0_EP_SETTINGS_TABLE
                0x00001ed4                USBFS_STRING_DESCRIPTORS
                0x00002048                USBFS_DEVICE0_CONFIGURATION0_DESCR
                0x000020b0                USBFS_DEVICE0_DESCR
                0x000020c4                . = ALIGN (0x4)
 *(.init)
 .init          0x000020c4        0x4 c:/program files (x86)/cypress/psoc creator/3.3/psoc creator/import/gnu/arm/4.9.3/bin/../lib/gcc/arm-none-eabi/4.9.3/armv7-m/crti.o
                0x000020c4                _init
 .init          0x000020c8        0x8 c:/program files (x86)/cypress/psoc creator/3.3/psoc creator/import/gnu/arm/4.9.3/bin/../lib/gcc/arm-none-eabi/4.9.3/armv7-m/crtn.o
                0x000020d0                . = ALIGN (0x4)
                0x000020d0                __preinit_array_start = .
 *(.preinit_array)
                0x000020d0                __preinit_array_end = .
                0x000020d0                . = ALIGN (0x4)
                0x000020d0                __init_array_start = .
 *(SORT(.init_array.*))
 *(.init_array)
 .init_array    0x000020d0        0x4 c:/program files (x86)/cypress/psoc creator/3.3/psoc creator/import/gnu/arm/4.9.3/bin/../lib/gcc/arm-none-eabi/4.9.3/armv7-m/crtbegin.o
 .init_array    0x000020d4        0x4 .\CortexM3\ARM_GCC_493\Debug\Cm3Start.o
                0x000020d8                __init_array_end = .
                0x000020d8                . = ALIGN (0x4)
 *(.fini)
 .fini          0x000020d8        0x4 c:/program files (x86)/cypress/psoc creator/3.3/psoc creator/import/gnu/arm/4.9.3/bin/../lib/gcc/arm-none-eabi/4.9.3/armv7-m/crti.o
                0x000020d8                _fini
 .fini          0x000020dc        0x8 c:/program files (x86)/cypress/psoc creator/3.3/psoc creator/import/gnu/arm/4.9.3/bin/../lib/gcc/arm-none-eabi/4.9.3/armv7-m/crtn.o
                0x000020e4                . = ALIGN (0x4)
                0x000020e4                __fini_array_start = .
 *(.fini_array)
 .fini_array    0x000020e4        0x4 c:/program files (x86)/cypress/psoc creator/3.3/psoc creator/import/gnu/arm/4.9.3/bin/../lib/gcc/arm-none-eabi/4.9.3/armv7-m/crtbegin.o
 *(SORT(.fini_array.*))
                0x000020e8                __fini_array_end = .
                0x000020e8                . = ALIGN (0x4)
 *crtbegin.o(.ctors)
 *(EXCLUDE_FILE(*crtend.o) .ctors)
 *(SORT(.ctors.*))
 *crtend.o(.ctors)
                0x000020e8                . = ALIGN (0x4)
 *crtbegin.o(.dtors)
 *(EXCLUDE_FILE(*crtend.o) .dtors)
 *(SORT(.dtors.*))
 *crtend.o(.dtors)
                0x000020e8                . = ALIGN (0x4)
                0x000020e8                __cy_regions = .
                0x000020e8        0x4 LONG 0x20f8 __cy_region_init_ram
                0x000020ec        0x4 LONG 0x1fff8108 __cy_region_start_data
                0x000020f0        0x4 LONG 0x30 __cy_region_init_size_ram
                0x000020f4        0x4 LONG 0x250 __cy_region_zero_size_ram
                0x000020f8                __cy_regions_end = .
                0x000020f8                . = ALIGN (0x8)
                0x000020f8                _etext = .

.cy_checksum_exclude
                0x000020f8        0x0
 *(.cy_checksum_exclude)

.ramvectors     0x1fff8000      0x100
                0x1fff8000                __cy_region_start_ram = .
 *(.ramvectors)
 .ramvectors    0x1fff8000      0x100 .\CortexM3\ARM_GCC_493\Debug\Cm3Start.o
                0x1fff8000                CyRamVectors

.noinit         0x1fff8100        0x5
 *(.noinit)
 .noinit        0x1fff8100        0x4 .\CortexM3\ARM_GCC_493\Debug\Cm3Start.o
 .noinit        0x1fff8104        0x1 .\CortexM3\ARM_GCC_493\Debug\ConnectFour.a(CyLib.o)
                0x1fff8104                CyResetStatus

.data           0x1fff8108       0x30 load address 0x000020f8
                0x1fff8108                __cy_region_start_data = .
 *(.jcr)
 .jcr           0x1fff8108        0x0 c:/program files (x86)/cypress/psoc creator/3.3/psoc creator/import/gnu/arm/4.9.3/bin/../lib/gcc/arm-none-eabi/4.9.3/armv7-m/crtbegin.o
 .jcr           0x1fff8108        0x4 c:/program files (x86)/cypress/psoc creator/3.3/psoc creator/import/gnu/arm/4.9.3/bin/../lib/gcc/arm-none-eabi/4.9.3/armv7-m/crtend.o
 *(.got.plt)
 *(.got)
 *(.shdata)
 *(.data .data.* .gnu.linkonce.d.*)
 .data          0x1fff810c        0x8 .\CortexM3\ARM_GCC_493\Debug\ConnectFour.a(CyDmac.o)
 .data          0x1fff8114       0x10 .\CortexM3\ARM_GCC_493\Debug\ConnectFour.a(CyLib.o)
                0x1fff8114                cydelay_32k_ms
                0x1fff8118                cydelay_freq_khz
                0x1fff811c                cydelay_freq_mhz
                0x1fff8120                cydelay_freq_hz
 .data          0x1fff8124        0x1 .\CortexM3\ARM_GCC_493\Debug\ConnectFour.a(USBFS_ep2_dma.o)
                0x1fff8124                USBFS_ep2_DmaHandle
 .data          0x1fff8125        0x1 .\CortexM3\ARM_GCC_493\Debug\ConnectFour.a(VDAC_DMA_dma.o)
                0x1fff8125                VDAC_DMA_DmaHandle
 *fill*         0x1fff8126        0x2 
 .data          0x1fff8128        0xc .\CortexM3\ARM_GCC_493\Debug\ConnectFour.a(USBFS_audio.o)
                0x1fff8128                USBFS_minimumVolume
                0x1fff812c                USBFS_maximumVolume
                0x1fff8130                USBFS_resolutionVolume
                0x1fff8138                . = ALIGN (0x8)
 *fill*         0x1fff8134        0x4 
 *(.ram)
                0x1fff8138                _edata = .

.igot.plt       0x1fff8138        0x0 load address 0x00002128
 .igot.plt      0x00000000        0x0 c:/program files (x86)/cypress/psoc creator/3.3/psoc creator/import/gnu/arm/4.9.3/bin/../lib/gcc/arm-none-eabi/4.9.3/armv7-m/crtbegin.o

.bss            0x1fff8138      0x250 load address 0x00002128
                0x1fff8138                PROVIDE (__bss_start__, .)
 *(.shbss)
 *(.bss .bss.* .gnu.linkonce.b.*)
 .bss           0x1fff8138       0x1c c:/program files (x86)/cypress/psoc creator/3.3/psoc creator/import/gnu/arm/4.9.3/bin/../lib/gcc/arm-none-eabi/4.9.3/armv7-m/crtbegin.o
 .bss           0x1fff8154        0x6 .\CortexM3\ARM_GCC_493\Debug\main.o
                0x1fff8154                outIndex
                0x1fff8156                inIndex
                0x1fff8158                syncDma
                0x1fff8159                syncDmaCounter
 .bss           0x1fff815a        0x1 .\CortexM3\ARM_GCC_493\Debug\ConnectFour.a(VDAC8.o)
                0x1fff815a                VDAC8_initVar
 .bss           0x1fff815b        0x1 .\CortexM3\ARM_GCC_493\Debug\ConnectFour.a(USBFS.o)
                0x1fff815b                USBFS_initVar
 .bss           0x1fff815c        0x4 .\CortexM3\ARM_GCC_493\Debug\ConnectFour.a(USBFS_std.o)
 *(COMMON)
 COMMON         0x1fff8160      0x14e .\CortexM3\ARM_GCC_493\Debug\main.o
                0x1fff8160                VdacOutDmaCh
                0x1fff8164                soundBuffer
                0x1fff82a4                VdacOutDmaTd
 *fill*         0x1fff82ae        0x2 
 COMMON         0x1fff82b0       0x15 .\CortexM3\ARM_GCC_493\Debug\ConnectFour.a(USBFS.o)
                0x1fff82b0                USBFS_DmaChan
                0x1fff82bc                USBFS_DmaTd
 *fill*         0x1fff82c5        0x3 
 COMMON         0x1fff82c8       0x98 .\CortexM3\ARM_GCC_493\Debug\ConnectFour.a(USBFS_drv.o)
                0x1fff82c8                USBFS_deviceAddress
                0x1fff82c9                USBFS_ep0Mode
                0x1fff82cc                USBFS_interfaceSetting
                0x1fff82d0                USBFS_currentTD
                0x1fff82dc                USBFS_device
                0x1fff82dd                USBFS_interfaceNumber
                0x1fff82de                USBFS_ep0Toggle
                0x1fff82df                USBFS_deviceStatus
                0x1fff82e0                USBFS_configurationChanged
                0x1fff82e1                USBFS_configuration
                0x1fff82e2                USBFS_transferState
                0x1fff82e4                USBFS_interfaceStatus
                0x1fff82e8                USBFS_interfaceClass
                0x1fff82ec                USBFS_EP
                0x1fff8358                USBFS_lastPacketSize
                0x1fff8359                USBFS_ep0Count
                0x1fff835c                USBFS_interfaceSettingLast
                0x1fff835e                USBFS_transferByteCount
 COMMON         0x1fff8360       0x21 .\CortexM3\ARM_GCC_493\Debug\ConnectFour.a(USBFS_audio.o)
                0x1fff8360                USBFS_currentVolume
                0x1fff8364                USBFS_currentSampleFrequency
                0x1fff837f                USBFS_frequencyChanged
                0x1fff8380                USBFS_currentMute
                0x1fff8388                . = ALIGN (0x8)
 *fill*         0x1fff8381        0x7 
 *(.ram.b)
                0x1fff8388                _end = .
                0x1fff8388                __end = .
                0x1fff8388                PROVIDE (end, .)
                0x1fff8388                PROVIDE (__bss_end__, .)
                0x000020f8                __cy_region_init_ram = LOADADDR (.data)
                0x00000030                __cy_region_init_size_ram = (_edata - ADDR (.data))
                0x00000250                __cy_region_zero_size_ram = (_end - _edata)

.heap           0x1fff8388       0x80 load address 0x00002128
                0x1fff8388                . = _end
                0x1fff8408                . = (. + 0x80)
 *fill*         0x1fff8388       0x80 
                0x1fff8408                __cy_heap_limit = .

.stack          0x20007800      0x800
                0x20007800                __cy_stack_limit = .
                0x20008000                . = (. + 0x800)
 *fill*         0x20007800      0x800 
                0x00000001                ASSERT ((__cy_stack_limit >= __cy_heap_limit), region RAM overflowed with stack)
                0x00000000                cy_checksum_exclude_size = (CY_APPL_LOADABLE == 0x1)?SIZEOF (.cy_checksum_exclude):0x0
                0x00000001                ASSERT ((cy_checksum_exclude_size <= CY_CHECKSUM_EXCLUDE_SIZE), CY_BOOT: Section .cy_checksum_exclude size exceedes specified limit.)

.cyloadermeta
 *(.cyloadermeta)

.cyloadablemeta
 *(.cyloadablemeta)

.cyconfigecc    0x80000000      0x830
 *(.cyconfigecc)
 .cyconfigecc   0x80000000      0x830 .\CortexM3\ARM_GCC_493\Debug\cymetadata.o
                0x80000000                cy_meta_configecc

.cycustnvl      0x90000000        0x4
 *(.cycustnvl)
 .cycustnvl     0x90000000        0x4 .\CortexM3\ARM_GCC_493\Debug\cymetadata.o
                0x90000000                cy_meta_custnvl

.cywolatch      0x90100000        0x4
 *(.cywolatch)
 .cywolatch     0x90100000        0x4 .\CortexM3\ARM_GCC_493\Debug\cymetadata.o
                0x90100000                cy_meta_wonvl

.cyeeprom       0x90200000        0x0
 *(.cyeeprom)
                0x00000001                ASSERT ((. <= ((0x90200000 + ee_offset) + ee_size)), .cyeeprom data will not fit in EEPROM)

.cyflashprotect
                0x90400000      0x100
 *(.cyflashprotect)
 .cyflashprotect
                0x90400000      0x100 .\CortexM3\ARM_GCC_493\Debug\cymetadata.o
                0x90400000                cy_meta_flashprotect

.cymeta         0x90500000        0xc
 *(.cymeta)
 .cymeta        0x90500000        0xc .\CortexM3\ARM_GCC_493\Debug\cymetadata.o
                0x90500000                cy_metadata

.rel.dyn        0x00002128        0x0 load address 0x9050000c
 .rel.iplt      0x00000000        0x0 c:/program files (x86)/cypress/psoc creator/3.3/psoc creator/import/gnu/arm/4.9.3/bin/../lib/gcc/arm-none-eabi/4.9.3/armv7-m/crtbegin.o

.stab           0x00000000       0x9c
 *(.stab)
 .stab          0x00000000       0x24 c:/program files (x86)/cypress/psoc creator/3.3/psoc creator/import/gnu/arm/4.9.3/bin/../lib/gcc/arm-none-eabi/4.9.3/../../../../arm-none-eabi/lib/armv7-m\libnosys.a(close.o)
 .stab          0x00000024       0x18 c:/program files (x86)/cypress/psoc creator/3.3/psoc creator/import/gnu/arm/4.9.3/bin/../lib/gcc/arm-none-eabi/4.9.3/../../../../arm-none-eabi/lib/armv7-m\libnosys.a(fstat.o)
                                 0x24 (size before relaxing)
 .stab          0x0000003c       0x18 c:/program files (x86)/cypress/psoc creator/3.3/psoc creator/import/gnu/arm/4.9.3/bin/../lib/gcc/arm-none-eabi/4.9.3/../../../../arm-none-eabi/lib/armv7-m\libnosys.a(isatty.o)
                                 0x24 (size before relaxing)
 .stab          0x00000054       0x18 c:/program files (x86)/cypress/psoc creator/3.3/psoc creator/import/gnu/arm/4.9.3/bin/../lib/gcc/arm-none-eabi/4.9.3/../../../../arm-none-eabi/lib/armv7-m\libnosys.a(lseek.o)
                                 0x24 (size before relaxing)
 .stab          0x0000006c       0x18 c:/program files (x86)/cypress/psoc creator/3.3/psoc creator/import/gnu/arm/4.9.3/bin/../lib/gcc/arm-none-eabi/4.9.3/../../../../arm-none-eabi/lib/armv7-m\libnosys.a(read.o)
                                 0x24 (size before relaxing)
 .stab          0x00000084       0x18 c:/program files (x86)/cypress/psoc creator/3.3/psoc creator/import/gnu/arm/4.9.3/bin/../lib/gcc/arm-none-eabi/4.9.3/../../../../arm-none-eabi/lib/armv7-m\libnosys.a(write.o)
                                 0x24 (size before relaxing)

.stabstr        0x00000000      0x14d
 *(.stabstr)
 .stabstr       0x00000000      0x14d c:/program files (x86)/cypress/psoc creator/3.3/psoc creator/import/gnu/arm/4.9.3/bin/../lib/gcc/arm-none-eabi/4.9.3/../../../../arm-none-eabi/lib/armv7-m\libnosys.a(close.o)

.debug
 *(.debug)

.line
 *(.line)

.debug_srcinfo
 *(.debug_srcinfo)

.debug_sfnames
 *(.debug_sfnames)

.debug_aranges  0x00000000     0x1340
 *(.debug_aranges)
 .debug_aranges
                0x00000000       0x28 .\CortexM3\ARM_GCC_493\Debug\main.o
 .debug_aranges
                0x00000028       0x48 .\CortexM3\ARM_GCC_493\Debug\tft.o
 .debug_aranges
                0x00000070       0x60 .\CortexM3\ARM_GCC_493\Debug\GUI_X.o
 .debug_aranges
                0x000000d0       0x20 .\CortexM3\ARM_GCC_493\Debug\GUIConf.o
 .debug_aranges
                0x000000f0       0x30 .\CortexM3\ARM_GCC_493\Debug\LCDConf.o
 .debug_aranges
                0x00000120       0x50 .\CortexM3\ARM_GCC_493\Debug\Connect4Board.o
 .debug_aranges
                0x00000170       0x38 .\CortexM3\ARM_GCC_493\Debug\XPT2046.o
 .debug_aranges
                0x000001a8       0x80 .\CortexM3\ARM_GCC_493\Debug\Connect4.o
 .debug_aranges
                0x00000228       0x50 .\CortexM3\ARM_GCC_493\Debug\Robot.o
 .debug_aranges
                0x00000278       0x38 .\CortexM3\ARM_GCC_493\Debug\Tick.o
 .debug_aranges
                0x000002b0       0x40 .\CortexM3\ARM_GCC_493\Debug\Music.o
 .debug_aranges
                0x000002f0       0x38 .\CortexM3\ARM_GCC_493\Debug\dds.o
 .debug_aranges
                0x00000328       0x18 .\CortexM3\ARM_GCC_493\Debug\cymetadata.o
 .debug_aranges
                0x00000340       0x48 .\CortexM3\ARM_GCC_493\Debug\Cm3Start.o
 .debug_aranges
                0x00000388       0x58 .\CortexM3\ARM_GCC_493\Debug\ConnectFour.a(cyfitter_cfg.o)
 .debug_aranges
                0x000003e0       0xd8 .\CortexM3\ARM_GCC_493\Debug\ConnectFour.a(SPIM_1.o)
 .debug_aranges
                0x000004b8       0x38 .\CortexM3\ARM_GCC_493\Debug\ConnectFour.a(DC.o)
 .debug_aranges
                0x000004f0       0x20 .\CortexM3\ARM_GCC_493\Debug\ConnectFour.a(CyBootAsmGnu.o)
 .debug_aranges
                0x00000510       0xd8 .\CortexM3\ARM_GCC_493\Debug\ConnectFour.a(CyDmac.o)
 .debug_aranges
                0x000005e8      0x298 .\CortexM3\ARM_GCC_493\Debug\ConnectFour.a(CyLib.o)
 .debug_aranges
                0x00000880       0x98 .\CortexM3\ARM_GCC_493\Debug\ConnectFour.a(cyPm.o)
 .debug_aranges
                0x00000918       0x38 .\CortexM3\ARM_GCC_493\Debug\ConnectFour.a(T_DIN.o)
 .debug_aranges
                0x00000950       0x38 .\CortexM3\ARM_GCC_493\Debug\ConnectFour.a(T_CLK.o)
 .debug_aranges
                0x00000988       0x38 .\CortexM3\ARM_GCC_493\Debug\ConnectFour.a(T_CS.o)
 .debug_aranges
                0x000009c0       0x38 .\CortexM3\ARM_GCC_493\Debug\ConnectFour.a(T_DO.o)
 .debug_aranges
                0x000009f8       0x98 .\CortexM3\ARM_GCC_493\Debug\ConnectFour.a(SELECT_PWM.o)
 .debug_aranges
                0x00000a90       0x98 .\CortexM3\ARM_GCC_493\Debug\ConnectFour.a(HAMMER_PWM.o)
 .debug_aranges
                0x00000b28       0x80 .\CortexM3\ARM_GCC_493\Debug\ConnectFour.a(PHOTO_INTERRUPTER_ISR.o)
 .debug_aranges
                0x00000ba8       0x48 .\CortexM3\ARM_GCC_493\Debug\ConnectFour.a(PHOTO_INTERRUPTER_PINS.o)
 .debug_aranges
                0x00000bf0       0x80 .\CortexM3\ARM_GCC_493\Debug\ConnectFour.a(DmaDone.o)
 .debug_aranges
                0x00000c70       0x58 .\CortexM3\ARM_GCC_493\Debug\ConnectFour.a(VDAC8.o)
 .debug_aranges
                0x00000cc8       0xd8 .\CortexM3\ARM_GCC_493\Debug\ConnectFour.a(USBFS.o)
 .debug_aranges
                0x00000da0       0x98 .\CortexM3\ARM_GCC_493\Debug\ConnectFour.a(USBFS_drv.o)
 .debug_aranges
                0x00000e38       0x38 .\CortexM3\ARM_GCC_493\Debug\ConnectFour.a(USBFS_episr.o)
 .debug_aranges
                0x00000e70       0x40 .\CortexM3\ARM_GCC_493\Debug\ConnectFour.a(USBFS_pm.o)
 .debug_aranges
                0x00000eb0       0x78 .\CortexM3\ARM_GCC_493\Debug\ConnectFour.a(USBFS_std.o)
 .debug_aranges
                0x00000f28       0x20 .\CortexM3\ARM_GCC_493\Debug\ConnectFour.a(USBFS_vnd.o)
 .debug_aranges
                0x00000f48       0x48 .\CortexM3\ARM_GCC_493\Debug\ConnectFour.a(USBFS_Dp.o)
 .debug_aranges
                0x00000f90       0x28 .\CortexM3\ARM_GCC_493\Debug\ConnectFour.a(USBFS_ep2_dma.o)
 .debug_aranges
                0x00000fb8       0x28 .\CortexM3\ARM_GCC_493\Debug\ConnectFour.a(VDAC_DMA_dma.o)
 .debug_aranges
                0x00000fe0       0x80 .\CortexM3\ARM_GCC_493\Debug\ConnectFour.a(CyFlash.o)
 .debug_aranges
                0x00001060       0x78 .\CortexM3\ARM_GCC_493\Debug\ConnectFour.a(CySpc.o)
 .debug_aranges
                0x000010d8       0x20 .\CortexM3\ARM_GCC_493\Debug\ConnectFour.a(USBFS_cls.o)
 .debug_aranges
                0x000010f8       0x18 .\CortexM3\ARM_GCC_493\Debug\ConnectFour.a(USBFS_descr.o)
 .debug_aranges
                0x00001110       0x20 .\CortexM3\ARM_GCC_493\Debug\ConnectFour.a(USBFS_audio.o)
 .debug_aranges
                0x00001130       0x28 .\CortexM3\ARM_GCC_493\Debug\ConnectFour.a(emFile_1_ConfigMMC_SPI.o)
 .debug_aranges
                0x00001158       0x68 .\CortexM3\ARM_GCC_493\Debug\ConnectFour.a(emFile_1_MMC_HW_SPI.o)
 .debug_aranges
                0x000011c0       0xd8 .\CortexM3\ARM_GCC_493\Debug\ConnectFour.a(emFile_1_SPI0.o)
 .debug_aranges
                0x00001298       0x70 .\CortexM3\ARM_GCC_493\Debug\ConnectFour.a(emFile_1_Clock_1.o)
 .debug_aranges
                0x00001308       0x38 .\CortexM3\ARM_GCC_493\Debug\ConnectFour.a(emFile_1_SPI0_CS.o)

.debug_pubnames
 *(.debug_pubnames)

.debug_info     0x00000000     0xd3c5
 *(.debug_info .gnu.linkonce.wi.*)
 .debug_info    0x00000000      0x4fc .\CortexM3\ARM_GCC_493\Debug\main.o
 .debug_info    0x000004fc      0x322 .\CortexM3\ARM_GCC_493\Debug\tft.o
 .debug_info    0x0000081e      0x2b0 .\CortexM3\ARM_GCC_493\Debug\GUI_X.o
 .debug_info    0x00000ace      0x64e .\CortexM3\ARM_GCC_493\Debug\GUIConf.o
 .debug_info    0x0000111c      0x987 .\CortexM3\ARM_GCC_493\Debug\LCDConf.o
 .debug_info    0x00001aa3      0x5c7 .\CortexM3\ARM_GCC_493\Debug\Connect4Board.o
 .debug_info    0x0000206a      0x522 .\CortexM3\ARM_GCC_493\Debug\XPT2046.o
 .debug_info    0x0000258c      0x837 .\CortexM3\ARM_GCC_493\Debug\Connect4.o
 .debug_info    0x00002dc3      0x44a .\CortexM3\ARM_GCC_493\Debug\Robot.o
 .debug_info    0x0000320d      0x210 .\CortexM3\ARM_GCC_493\Debug\Tick.o
 .debug_info    0x0000341d      0x4d2 .\CortexM3\ARM_GCC_493\Debug\Music.o
 .debug_info    0x000038ef      0x2a9 .\CortexM3\ARM_GCC_493\Debug\dds.o
 .debug_info    0x00003b98      0x13f .\CortexM3\ARM_GCC_493\Debug\cymetadata.o
 .debug_info    0x00003cd7      0x3b6 .\CortexM3\ARM_GCC_493\Debug\Cm3Start.o
 .debug_info    0x0000408d      0x660 .\CortexM3\ARM_GCC_493\Debug\ConnectFour.a(cyfitter_cfg.o)
 .debug_info    0x000046ed      0x495 .\CortexM3\ARM_GCC_493\Debug\ConnectFour.a(SPIM_1.o)
 .debug_info    0x00004b82      0x11f .\CortexM3\ARM_GCC_493\Debug\ConnectFour.a(DC.o)
 .debug_info    0x00004ca1       0x7c .\CortexM3\ARM_GCC_493\Debug\ConnectFour.a(CyBootAsmGnu.o)
 .debug_info    0x00004d1d      0x94b .\CortexM3\ARM_GCC_493\Debug\ConnectFour.a(CyDmac.o)
 .debug_info    0x00005668     0x1376 .\CortexM3\ARM_GCC_493\Debug\ConnectFour.a(CyLib.o)
 .debug_info    0x000069de      0xa5e .\CortexM3\ARM_GCC_493\Debug\ConnectFour.a(cyPm.o)
 .debug_info    0x0000743c      0x11f .\CortexM3\ARM_GCC_493\Debug\ConnectFour.a(T_DIN.o)
 .debug_info    0x0000755b      0x11f .\CortexM3\ARM_GCC_493\Debug\ConnectFour.a(T_CLK.o)
 .debug_info    0x0000767a      0x11f .\CortexM3\ARM_GCC_493\Debug\ConnectFour.a(T_CS.o)
 .debug_info    0x00007799      0x11f .\CortexM3\ARM_GCC_493\Debug\ConnectFour.a(T_DO.o)
 .debug_info    0x000078b8      0x356 .\CortexM3\ARM_GCC_493\Debug\ConnectFour.a(SELECT_PWM.o)
 .debug_info    0x00007c0e      0x356 .\CortexM3\ARM_GCC_493\Debug\ConnectFour.a(HAMMER_PWM.o)
 .debug_info    0x00007f64      0x2d2 .\CortexM3\ARM_GCC_493\Debug\ConnectFour.a(PHOTO_INTERRUPTER_ISR.o)
 .debug_info    0x00008236      0x174 .\CortexM3\ARM_GCC_493\Debug\ConnectFour.a(PHOTO_INTERRUPTER_PINS.o)
 .debug_info    0x000083aa      0x2d2 .\CortexM3\ARM_GCC_493\Debug\ConnectFour.a(DmaDone.o)
 .debug_info    0x0000867c      0x1e0 .\CortexM3\ARM_GCC_493\Debug\ConnectFour.a(VDAC8.o)
 .debug_info    0x0000885c      0xc29 .\CortexM3\ARM_GCC_493\Debug\ConnectFour.a(USBFS.o)
 .debug_info    0x00009485      0x650 .\CortexM3\ARM_GCC_493\Debug\ConnectFour.a(USBFS_drv.o)
 .debug_info    0x00009ad5      0x33e .\CortexM3\ARM_GCC_493\Debug\ConnectFour.a(USBFS_episr.o)
 .debug_info    0x00009e13      0x31b .\CortexM3\ARM_GCC_493\Debug\ConnectFour.a(USBFS_pm.o)
 .debug_info    0x0000a12e      0x9d9 .\CortexM3\ARM_GCC_493\Debug\ConnectFour.a(USBFS_std.o)
 .debug_info    0x0000ab07       0xed .\CortexM3\ARM_GCC_493\Debug\ConnectFour.a(USBFS_vnd.o)
 .debug_info    0x0000abf4      0x174 .\CortexM3\ARM_GCC_493\Debug\ConnectFour.a(USBFS_Dp.o)
 .debug_info    0x0000ad68      0x204 .\CortexM3\ARM_GCC_493\Debug\ConnectFour.a(USBFS_ep2_dma.o)
 .debug_info    0x0000af6c      0x204 .\CortexM3\ARM_GCC_493\Debug\ConnectFour.a(VDAC_DMA_dma.o)
 .debug_info    0x0000b170      0x60f .\CortexM3\ARM_GCC_493\Debug\ConnectFour.a(CyFlash.o)
 .debug_info    0x0000b77f      0x4f1 .\CortexM3\ARM_GCC_493\Debug\ConnectFour.a(CySpc.o)
 .debug_info    0x0000bc70      0x1d9 .\CortexM3\ARM_GCC_493\Debug\ConnectFour.a(USBFS_cls.o)
 .debug_info    0x0000be49      0x262 .\CortexM3\ARM_GCC_493\Debug\ConnectFour.a(USBFS_descr.o)
 .debug_info    0x0000c0ab      0x2d8 .\CortexM3\ARM_GCC_493\Debug\ConnectFour.a(USBFS_audio.o)
 .debug_info    0x0000c383      0x2f1 .\CortexM3\ARM_GCC_493\Debug\ConnectFour.a(emFile_1_ConfigMMC_SPI.o)
 .debug_info    0x0000c674      0x51a .\CortexM3\ARM_GCC_493\Debug\ConnectFour.a(emFile_1_MMC_HW_SPI.o)
 .debug_info    0x0000cb8e      0x495 .\CortexM3\ARM_GCC_493\Debug\ConnectFour.a(emFile_1_SPI0.o)
 .debug_info    0x0000d023      0x283 .\CortexM3\ARM_GCC_493\Debug\ConnectFour.a(emFile_1_Clock_1.o)
 .debug_info    0x0000d2a6      0x11f .\CortexM3\ARM_GCC_493\Debug\ConnectFour.a(emFile_1_SPI0_CS.o)

.debug_abbrev   0x00000000     0x42af
 *(.debug_abbrev)
 .debug_abbrev  0x00000000      0x1ba .\CortexM3\ARM_GCC_493\Debug\main.o
 .debug_abbrev  0x000001ba      0x151 .\CortexM3\ARM_GCC_493\Debug\tft.o
 .debug_abbrev  0x0000030b      0x179 .\CortexM3\ARM_GCC_493\Debug\GUI_X.o
 .debug_abbrev  0x00000484      0x19d .\CortexM3\ARM_GCC_493\Debug\GUIConf.o
 .debug_abbrev  0x00000621      0x238 .\CortexM3\ARM_GCC_493\Debug\LCDConf.o
 .debug_abbrev  0x00000859      0x188 .\CortexM3\ARM_GCC_493\Debug\Connect4Board.o
 .debug_abbrev  0x000009e1      0x1dd .\CortexM3\ARM_GCC_493\Debug\XPT2046.o
 .debug_abbrev  0x00000bbe      0x275 .\CortexM3\ARM_GCC_493\Debug\Connect4.o
 .debug_abbrev  0x00000e33      0x218 .\CortexM3\ARM_GCC_493\Debug\Robot.o
 .debug_abbrev  0x0000104b      0x172 .\CortexM3\ARM_GCC_493\Debug\Tick.o
 .debug_abbrev  0x000011bd      0x18f .\CortexM3\ARM_GCC_493\Debug\Music.o
 .debug_abbrev  0x0000134c      0x13c .\CortexM3\ARM_GCC_493\Debug\dds.o
 .debug_abbrev  0x00001488       0x77 .\CortexM3\ARM_GCC_493\Debug\cymetadata.o
 .debug_abbrev  0x000014ff      0x200 .\CortexM3\ARM_GCC_493\Debug\Cm3Start.o
 .debug_abbrev  0x000016ff      0x212 .\CortexM3\ARM_GCC_493\Debug\ConnectFour.a(cyfitter_cfg.o)
 .debug_abbrev  0x00001911      0x160 .\CortexM3\ARM_GCC_493\Debug\ConnectFour.a(SPIM_1.o)
 .debug_abbrev  0x00001a71       0x90 .\CortexM3\ARM_GCC_493\Debug\ConnectFour.a(DC.o)
 .debug_abbrev  0x00001b01       0x14 .\CortexM3\ARM_GCC_493\Debug\ConnectFour.a(CyBootAsmGnu.o)
 .debug_abbrev  0x00001b15      0x1cc .\CortexM3\ARM_GCC_493\Debug\ConnectFour.a(CyDmac.o)
 .debug_abbrev  0x00001ce1      0x296 .\CortexM3\ARM_GCC_493\Debug\ConnectFour.a(CyLib.o)
 .debug_abbrev  0x00001f77      0x1ed .\CortexM3\ARM_GCC_493\Debug\ConnectFour.a(cyPm.o)
 .debug_abbrev  0x00002164       0x90 .\CortexM3\ARM_GCC_493\Debug\ConnectFour.a(T_DIN.o)
 .debug_abbrev  0x000021f4       0x90 .\CortexM3\ARM_GCC_493\Debug\ConnectFour.a(T_CLK.o)
 .debug_abbrev  0x00002284       0x90 .\CortexM3\ARM_GCC_493\Debug\ConnectFour.a(T_CS.o)
 .debug_abbrev  0x00002314       0x90 .\CortexM3\ARM_GCC_493\Debug\ConnectFour.a(T_DO.o)
 .debug_abbrev  0x000023a4      0x14d .\CortexM3\ARM_GCC_493\Debug\ConnectFour.a(SELECT_PWM.o)
 .debug_abbrev  0x000024f1      0x14d .\CortexM3\ARM_GCC_493\Debug\ConnectFour.a(HAMMER_PWM.o)
 .debug_abbrev  0x0000263e      0x173 .\CortexM3\ARM_GCC_493\Debug\ConnectFour.a(PHOTO_INTERRUPTER_ISR.o)
 .debug_abbrev  0x000027b1       0x90 .\CortexM3\ARM_GCC_493\Debug\ConnectFour.a(PHOTO_INTERRUPTER_PINS.o)
 .debug_abbrev  0x00002841      0x173 .\CortexM3\ARM_GCC_493\Debug\ConnectFour.a(DmaDone.o)
 .debug_abbrev  0x000029b4       0xf7 .\CortexM3\ARM_GCC_493\Debug\ConnectFour.a(VDAC8.o)
 .debug_abbrev  0x00002aab      0x25d .\CortexM3\ARM_GCC_493\Debug\ConnectFour.a(USBFS.o)
 .debug_abbrev  0x00002d08      0x18b .\CortexM3\ARM_GCC_493\Debug\ConnectFour.a(USBFS_drv.o)
 .debug_abbrev  0x00002e93      0x139 .\CortexM3\ARM_GCC_493\Debug\ConnectFour.a(USBFS_episr.o)
 .debug_abbrev  0x00002fcc      0x159 .\CortexM3\ARM_GCC_493\Debug\ConnectFour.a(USBFS_pm.o)
 .debug_abbrev  0x00003125      0x1e5 .\CortexM3\ARM_GCC_493\Debug\ConnectFour.a(USBFS_std.o)
 .debug_abbrev  0x0000330a       0x9b .\CortexM3\ARM_GCC_493\Debug\ConnectFour.a(USBFS_vnd.o)
 .debug_abbrev  0x000033a5       0x90 .\CortexM3\ARM_GCC_493\Debug\ConnectFour.a(USBFS_Dp.o)
 .debug_abbrev  0x00003435       0xeb .\CortexM3\ARM_GCC_493\Debug\ConnectFour.a(USBFS_ep2_dma.o)
 .debug_abbrev  0x00003520       0xeb .\CortexM3\ARM_GCC_493\Debug\ConnectFour.a(VDAC_DMA_dma.o)
 .debug_abbrev  0x0000360b      0x1ed .\CortexM3\ARM_GCC_493\Debug\ConnectFour.a(CyFlash.o)
 .debug_abbrev  0x000037f8      0x1c1 .\CortexM3\ARM_GCC_493\Debug\ConnectFour.a(CySpc.o)
 .debug_abbrev  0x000039b9       0xe3 .\CortexM3\ARM_GCC_493\Debug\ConnectFour.a(USBFS_cls.o)
 .debug_abbrev  0x00003a9c       0xbd .\CortexM3\ARM_GCC_493\Debug\ConnectFour.a(USBFS_descr.o)
 .debug_abbrev  0x00003b59       0xed .\CortexM3\ARM_GCC_493\Debug\ConnectFour.a(USBFS_audio.o)
 .debug_abbrev  0x00003c46      0x176 .\CortexM3\ARM_GCC_493\Debug\ConnectFour.a(emFile_1_ConfigMMC_SPI.o)
 .debug_abbrev  0x00003dbc      0x1ca .\CortexM3\ARM_GCC_493\Debug\ConnectFour.a(emFile_1_MMC_HW_SPI.o)
 .debug_abbrev  0x00003f86      0x160 .\CortexM3\ARM_GCC_493\Debug\ConnectFour.a(emFile_1_SPI0.o)
 .debug_abbrev  0x000040e6      0x139 .\CortexM3\ARM_GCC_493\Debug\ConnectFour.a(emFile_1_Clock_1.o)
 .debug_abbrev  0x0000421f       0x90 .\CortexM3\ARM_GCC_493\Debug\ConnectFour.a(emFile_1_SPI0_CS.o)

.debug_line     0x00000000     0x5450
 *(.debug_line)
 .debug_line    0x00000000      0x256 .\CortexM3\ARM_GCC_493\Debug\main.o
 .debug_line    0x00000256      0x206 .\CortexM3\ARM_GCC_493\Debug\tft.o
 .debug_line    0x0000045c      0x215 .\CortexM3\ARM_GCC_493\Debug\GUI_X.o
 .debug_line    0x00000671       0x81 .\CortexM3\ARM_GCC_493\Debug\GUIConf.o
 .debug_line    0x000006f2      0x200 .\CortexM3\ARM_GCC_493\Debug\LCDConf.o
 .debug_line    0x000008f2      0x2a9 .\CortexM3\ARM_GCC_493\Debug\Connect4Board.o
 .debug_line    0x00000b9b      0x246 .\CortexM3\ARM_GCC_493\Debug\XPT2046.o
 .debug_line    0x00000de1      0x2aa .\CortexM3\ARM_GCC_493\Debug\Connect4.o
 .debug_line    0x0000108b      0x27c .\CortexM3\ARM_GCC_493\Debug\Robot.o
 .debug_line    0x00001307      0x1be .\CortexM3\ARM_GCC_493\Debug\Tick.o
 .debug_line    0x000014c5      0x239 .\CortexM3\ARM_GCC_493\Debug\Music.o
 .debug_line    0x000016fe      0x24c .\CortexM3\ARM_GCC_493\Debug\dds.o
 .debug_line    0x0000194a       0x53 .\CortexM3\ARM_GCC_493\Debug\cymetadata.o
 .debug_line    0x0000199d      0x254 .\CortexM3\ARM_GCC_493\Debug\Cm3Start.o
 .debug_line    0x00001bf1      0x20c .\CortexM3\ARM_GCC_493\Debug\ConnectFour.a(cyfitter_cfg.o)
 .debug_line    0x00001dfd      0x232 .\CortexM3\ARM_GCC_493\Debug\ConnectFour.a(SPIM_1.o)
 .debug_line    0x0000202f       0x91 .\CortexM3\ARM_GCC_493\Debug\ConnectFour.a(DC.o)
 .debug_line    0x000020c0       0x68 .\CortexM3\ARM_GCC_493\Debug\ConnectFour.a(CyBootAsmGnu.o)
 .debug_line    0x00002128      0x2e5 .\CortexM3\ARM_GCC_493\Debug\ConnectFour.a(CyDmac.o)
 .debug_line    0x0000240d      0x806 .\CortexM3\ARM_GCC_493\Debug\ConnectFour.a(CyLib.o)
 .debug_line    0x00002c13      0x366 .\CortexM3\ARM_GCC_493\Debug\ConnectFour.a(cyPm.o)
 .debug_line    0x00002f79       0x94 .\CortexM3\ARM_GCC_493\Debug\ConnectFour.a(T_DIN.o)
 .debug_line    0x0000300d       0x94 .\CortexM3\ARM_GCC_493\Debug\ConnectFour.a(T_CLK.o)
 .debug_line    0x000030a1       0x93 .\CortexM3\ARM_GCC_493\Debug\ConnectFour.a(T_CS.o)
 .debug_line    0x00003134       0x93 .\CortexM3\ARM_GCC_493\Debug\ConnectFour.a(T_DO.o)
 .debug_line    0x000031c7      0x18f .\CortexM3\ARM_GCC_493\Debug\ConnectFour.a(SELECT_PWM.o)
 .debug_line    0x00003356      0x18f .\CortexM3\ARM_GCC_493\Debug\ConnectFour.a(HAMMER_PWM.o)
 .debug_line    0x000034e5      0x15b .\CortexM3\ARM_GCC_493\Debug\ConnectFour.a(PHOTO_INTERRUPTER_ISR.o)
 .debug_line    0x00003640       0xdb .\CortexM3\ARM_GCC_493\Debug\ConnectFour.a(PHOTO_INTERRUPTER_PINS.o)
 .debug_line    0x0000371b      0x14d .\CortexM3\ARM_GCC_493\Debug\ConnectFour.a(DmaDone.o)
 .debug_line    0x00003868       0xe4 .\CortexM3\ARM_GCC_493\Debug\ConnectFour.a(VDAC8.o)
 .debug_line    0x0000394c      0x345 .\CortexM3\ARM_GCC_493\Debug\ConnectFour.a(USBFS.o)
 .debug_line    0x00003c91      0x21d .\CortexM3\ARM_GCC_493\Debug\ConnectFour.a(USBFS_drv.o)
 .debug_line    0x00003eae       0xe1 .\CortexM3\ARM_GCC_493\Debug\ConnectFour.a(USBFS_episr.o)
 .debug_line    0x00003f8f      0x109 .\CortexM3\ARM_GCC_493\Debug\ConnectFour.a(USBFS_pm.o)
 .debug_line    0x00004098      0x371 .\CortexM3\ARM_GCC_493\Debug\ConnectFour.a(USBFS_std.o)
 .debug_line    0x00004409       0x71 .\CortexM3\ARM_GCC_493\Debug\ConnectFour.a(USBFS_vnd.o)
 .debug_line    0x0000447a       0xbb .\CortexM3\ARM_GCC_493\Debug\ConnectFour.a(USBFS_Dp.o)
 .debug_line    0x00004535       0x9f .\CortexM3\ARM_GCC_493\Debug\ConnectFour.a(USBFS_ep2_dma.o)
 .debug_line    0x000045d4       0x9e .\CortexM3\ARM_GCC_493\Debug\ConnectFour.a(VDAC_DMA_dma.o)
 .debug_line    0x00004672      0x1ec .\CortexM3\ARM_GCC_493\Debug\ConnectFour.a(CyFlash.o)
 .debug_line    0x0000485e      0x23e .\CortexM3\ARM_GCC_493\Debug\ConnectFour.a(CySpc.o)
 .debug_line    0x00004a9c       0x8e .\CortexM3\ARM_GCC_493\Debug\ConnectFour.a(USBFS_cls.o)
 .debug_line    0x00004b2a       0x5f .\CortexM3\ARM_GCC_493\Debug\ConnectFour.a(USBFS_descr.o)
 .debug_line    0x00004b89       0xcf .\CortexM3\ARM_GCC_493\Debug\ConnectFour.a(USBFS_audio.o)
 .debug_line    0x00004c58       0xb2 .\CortexM3\ARM_GCC_493\Debug\ConnectFour.a(emFile_1_ConfigMMC_SPI.o)
 .debug_line    0x00004d0a      0x2d6 .\CortexM3\ARM_GCC_493\Debug\ConnectFour.a(emFile_1_MMC_HW_SPI.o)
 .debug_line    0x00004fe0      0x239 .\CortexM3\ARM_GCC_493\Debug\ConnectFour.a(emFile_1_SPI0.o)
 .debug_line    0x00005219      0x198 .\CortexM3\ARM_GCC_493\Debug\ConnectFour.a(emFile_1_Clock_1.o)
 .debug_line    0x000053b1       0x9f .\CortexM3\ARM_GCC_493\Debug\ConnectFour.a(emFile_1_SPI0_CS.o)

.debug_frame    0x00000000     0x37b8
 *(.debug_frame)
 .debug_frame   0x00000000       0x4c .\CortexM3\ARM_GCC_493\Debug\main.o
 .debug_frame   0x0000004c       0xa4 .\CortexM3\ARM_GCC_493\Debug\tft.o
 .debug_frame   0x000000f0       0xb8 .\CortexM3\ARM_GCC_493\Debug\GUI_X.o
 .debug_frame   0x000001a8       0x2c .\CortexM3\ARM_GCC_493\Debug\GUIConf.o
 .debug_frame   0x000001d4       0x70 .\CortexM3\ARM_GCC_493\Debug\LCDConf.o
 .debug_frame   0x00000244       0xf0 .\CortexM3\ARM_GCC_493\Debug\Connect4Board.o
 .debug_frame   0x00000334       0x94 .\CortexM3\ARM_GCC_493\Debug\XPT2046.o
 .debug_frame   0x000003c8      0x1a8 .\CortexM3\ARM_GCC_493\Debug\Connect4.o
 .debug_frame   0x00000570       0xc0 .\CortexM3\ARM_GCC_493\Debug\Robot.o
 .debug_frame   0x00000630       0x5c .\CortexM3\ARM_GCC_493\Debug\Tick.o
 .debug_frame   0x0000068c       0xa0 .\CortexM3\ARM_GCC_493\Debug\Music.o
 .debug_frame   0x0000072c       0x88 .\CortexM3\ARM_GCC_493\Debug\dds.o
 .debug_frame   0x000007b4       0xac .\CortexM3\ARM_GCC_493\Debug\Cm3Start.o
 .debug_frame   0x00000860       0xe4 .\CortexM3\ARM_GCC_493\Debug\ConnectFour.a(cyfitter_cfg.o)
 .debug_frame   0x00000944      0x1e8 .\CortexM3\ARM_GCC_493\Debug\ConnectFour.a(SPIM_1.o)
 .debug_frame   0x00000b2c       0x50 .\CortexM3\ARM_GCC_493\Debug\ConnectFour.a(DC.o)
 .debug_frame   0x00000b7c      0x1f4 .\CortexM3\ARM_GCC_493\Debug\ConnectFour.a(CyDmac.o)
 .debug_frame   0x00000d70      0x728 .\CortexM3\ARM_GCC_493\Debug\ConnectFour.a(CyLib.o)
 .debug_frame   0x00001498      0x1f8 .\CortexM3\ARM_GCC_493\Debug\ConnectFour.a(cyPm.o)
 .debug_frame   0x00001690       0x50 .\CortexM3\ARM_GCC_493\Debug\ConnectFour.a(T_DIN.o)
 .debug_frame   0x000016e0       0x50 .\CortexM3\ARM_GCC_493\Debug\ConnectFour.a(T_CLK.o)
 .debug_frame   0x00001730       0x50 .\CortexM3\ARM_GCC_493\Debug\ConnectFour.a(T_CS.o)
 .debug_frame   0x00001780       0x50 .\CortexM3\ARM_GCC_493\Debug\ConnectFour.a(T_DO.o)
 .debug_frame   0x000017d0      0x134 .\CortexM3\ARM_GCC_493\Debug\ConnectFour.a(SELECT_PWM.o)
 .debug_frame   0x00001904      0x134 .\CortexM3\ARM_GCC_493\Debug\ConnectFour.a(HAMMER_PWM.o)
 .debug_frame   0x00001a38      0x104 .\CortexM3\ARM_GCC_493\Debug\ConnectFour.a(PHOTO_INTERRUPTER_ISR.o)
 .debug_frame   0x00001b3c       0x70 .\CortexM3\ARM_GCC_493\Debug\ConnectFour.a(PHOTO_INTERRUPTER_PINS.o)
 .debug_frame   0x00001bac      0x104 .\CortexM3\ARM_GCC_493\Debug\ConnectFour.a(DmaDone.o)
 .debug_frame   0x00001cb0       0xb4 .\CortexM3\ARM_GCC_493\Debug\ConnectFour.a(VDAC8.o)
 .debug_frame   0x00001d64      0x220 .\CortexM3\ARM_GCC_493\Debug\ConnectFour.a(USBFS.o)
 .debug_frame   0x00001f84      0x194 .\CortexM3\ARM_GCC_493\Debug\ConnectFour.a(USBFS_drv.o)
 .debug_frame   0x00002118       0x74 .\CortexM3\ARM_GCC_493\Debug\ConnectFour.a(USBFS_episr.o)
 .debug_frame   0x0000218c       0xa0 .\CortexM3\ARM_GCC_493\Debug\ConnectFour.a(USBFS_pm.o)
 .debug_frame   0x0000222c      0x158 .\CortexM3\ARM_GCC_493\Debug\ConnectFour.a(USBFS_std.o)
 .debug_frame   0x00002384       0x20 .\CortexM3\ARM_GCC_493\Debug\ConnectFour.a(USBFS_vnd.o)
 .debug_frame   0x000023a4       0x70 .\CortexM3\ARM_GCC_493\Debug\ConnectFour.a(USBFS_Dp.o)
 .debug_frame   0x00002414       0x54 .\CortexM3\ARM_GCC_493\Debug\ConnectFour.a(USBFS_ep2_dma.o)
 .debug_frame   0x00002468       0x54 .\CortexM3\ARM_GCC_493\Debug\ConnectFour.a(VDAC_DMA_dma.o)
 .debug_frame   0x000024bc      0x174 .\CortexM3\ARM_GCC_493\Debug\ConnectFour.a(CyFlash.o)
 .debug_frame   0x00002630      0x160 .\CortexM3\ARM_GCC_493\Debug\ConnectFour.a(CySpc.o)
 .debug_frame   0x00002790       0x2c .\CortexM3\ARM_GCC_493\Debug\ConnectFour.a(USBFS_cls.o)
 .debug_frame   0x000027bc       0x2c .\CortexM3\ARM_GCC_493\Debug\ConnectFour.a(USBFS_audio.o)
 .debug_frame   0x000027e8       0x3c .\CortexM3\ARM_GCC_493\Debug\ConnectFour.a(emFile_1_ConfigMMC_SPI.o)
 .debug_frame   0x00002824       0x34 c:/program files (x86)/cypress/psoc creator/3.3/psoc creator/import/gnu/arm/4.9.3/bin/../lib/gcc/arm-none-eabi/4.9.3/../../../../arm-none-eabi/lib/armv7-m\libm.a(lib_a-s_ceil.o)
 .debug_frame   0x00002858       0x34 c:/program files (x86)/cypress/psoc creator/3.3/psoc creator/import/gnu/arm/4.9.3/bin/../lib/gcc/arm-none-eabi/4.9.3/../../../../arm-none-eabi/lib/armv7-m\libm.a(lib_a-s_floor.o)
 .debug_frame   0x0000288c      0x124 .\CortexM3\ARM_GCC_493\Debug\ConnectFour.a(emFile_1_MMC_HW_SPI.o)
 .debug_frame   0x000029b0      0x1e8 .\CortexM3\ARM_GCC_493\Debug\ConnectFour.a(emFile_1_SPI0.o)
 .debug_frame   0x00002b98       0xe0 .\CortexM3\ARM_GCC_493\Debug\ConnectFour.a(emFile_1_Clock_1.o)
 .debug_frame   0x00002c78       0x50 .\CortexM3\ARM_GCC_493\Debug\ConnectFour.a(emFile_1_SPI0_CS.o)
 .debug_frame   0x00002cc8       0x20 c:/program files (x86)/cypress/psoc creator/3.3/psoc creator/import/gnu/arm/4.9.3/bin/../lib/gcc/arm-none-eabi/4.9.3/armv7-m\libgcc.a(_popcountsi2.o)
 .debug_frame   0x00002ce8       0x20 c:/program files (x86)/cypress/psoc creator/3.3/psoc creator/import/gnu/arm/4.9.3/bin/../lib/gcc/arm-none-eabi/4.9.3/../../../../arm-none-eabi/lib/armv7-m\libg_nano.a(lib_a-errno.o)
 .debug_frame   0x00002d08       0x28 c:/program files (x86)/cypress/psoc creator/3.3/psoc creator/import/gnu/arm/4.9.3/bin/../lib/gcc/arm-none-eabi/4.9.3/../../../../arm-none-eabi/lib/armv7-m\libg_nano.a(lib_a-exit.o)
 .debug_frame   0x00002d30       0x2c c:/program files (x86)/cypress/psoc creator/3.3/psoc creator/import/gnu/arm/4.9.3/bin/../lib/gcc/arm-none-eabi/4.9.3/../../../../arm-none-eabi/lib/armv7-m\libg_nano.a(lib_a-init.o)
 .debug_frame   0x00002d5c       0x28 c:/program files (x86)/cypress/psoc creator/3.3/psoc creator/import/gnu/arm/4.9.3/bin/../lib/gcc/arm-none-eabi/4.9.3/../../../../arm-none-eabi/lib/armv7-m\libg_nano.a(lib_a-memcmp.o)
 .debug_frame   0x00002d84       0x28 c:/program files (x86)/cypress/psoc creator/3.3/psoc creator/import/gnu/arm/4.9.3/bin/../lib/gcc/arm-none-eabi/4.9.3/../../../../arm-none-eabi/lib/armv7-m\libg_nano.a(lib_a-memcpy.o)
 .debug_frame   0x00002dac       0x28 c:/program files (x86)/cypress/psoc creator/3.3/psoc creator/import/gnu/arm/4.9.3/bin/../lib/gcc/arm-none-eabi/4.9.3/../../../../arm-none-eabi/lib/armv7-m\libg_nano.a(lib_a-memmove.o)
 .debug_frame   0x00002dd4       0x20 c:/program files (x86)/cypress/psoc creator/3.3/psoc creator/import/gnu/arm/4.9.3/bin/../lib/gcc/arm-none-eabi/4.9.3/../../../../arm-none-eabi/lib/armv7-m\libg_nano.a(lib_a-memset.o)
 .debug_frame   0x00002df4       0x74 c:/program files (x86)/cypress/psoc creator/3.3/psoc creator/import/gnu/arm/4.9.3/bin/../lib/gcc/arm-none-eabi/4.9.3/../../../../arm-none-eabi/lib/armv7-m\libg_nano.a(lib_a-printf.o)
 .debug_frame   0x00002e68       0x58 c:/program files (x86)/cypress/psoc creator/3.3/psoc creator/import/gnu/arm/4.9.3/bin/../lib/gcc/arm-none-eabi/4.9.3/../../../../arm-none-eabi/lib/armv7-m\libg_nano.a(lib_a-putchar.o)
 .debug_frame   0x00002ec0       0x70 c:/program files (x86)/cypress/psoc creator/3.3/psoc creator/import/gnu/arm/4.9.3/bin/../lib/gcc/arm-none-eabi/4.9.3/../../../../arm-none-eabi/lib/armv7-m\libg_nano.a(lib_a-sprintf.o)
 .debug_frame   0x00002f30       0x20 c:/program files (x86)/cypress/psoc creator/3.3/psoc creator/import/gnu/arm/4.9.3/bin/../lib/gcc/arm-none-eabi/4.9.3/../../../../arm-none-eabi/lib/armv7-m\libg_nano.a(lib_a-strcpy.o)
 .debug_frame   0x00002f50       0x20 c:/program files (x86)/cypress/psoc creator/3.3/psoc creator/import/gnu/arm/4.9.3/bin/../lib/gcc/arm-none-eabi/4.9.3/../../../../arm-none-eabi/lib/armv7-m\libg_nano.a(lib_a-strlen.o)
 .debug_frame   0x00002f70      0x11c c:/program files (x86)/cypress/psoc creator/3.3/psoc creator/import/gnu/arm/4.9.3/bin/../lib/gcc/arm-none-eabi/4.9.3/../../../../arm-none-eabi/lib/armv7-m\libg_nano.a(lib_a-findfp.o)
 .debug_frame   0x0000308c       0x54 c:/program files (x86)/cypress/psoc creator/3.3/psoc creator/import/gnu/arm/4.9.3/bin/../lib/gcc/arm-none-eabi/4.9.3/../../../../arm-none-eabi/lib/armv7-m\libg_nano.a(lib_a-fwalk.o)
 .debug_frame   0x000030e0       0x2c c:/program files (x86)/cypress/psoc creator/3.3/psoc creator/import/gnu/arm/4.9.3/bin/../lib/gcc/arm-none-eabi/4.9.3/../../../../arm-none-eabi/lib/armv7-m\libg_nano.a(lib_a-nano-mallocr.o)
 .debug_frame   0x0000310c       0x8c c:/program files (x86)/cypress/psoc creator/3.3/psoc creator/import/gnu/arm/4.9.3/bin/../lib/gcc/arm-none-eabi/4.9.3/../../../../arm-none-eabi/lib/armv7-m\libg_nano.a(lib_a-nano-svfprintf.o)
 .debug_frame   0x00003198       0xb8 c:/program files (x86)/cypress/psoc creator/3.3/psoc creator/import/gnu/arm/4.9.3/bin/../lib/gcc/arm-none-eabi/4.9.3/../../../../arm-none-eabi/lib/armv7-m\libg_nano.a(lib_a-nano-vfprintf.o)
 .debug_frame   0x00003250       0x58 c:/program files (x86)/cypress/psoc creator/3.3/psoc creator/import/gnu/arm/4.9.3/bin/../lib/gcc/arm-none-eabi/4.9.3/../../../../arm-none-eabi/lib/armv7-m\libg_nano.a(lib_a-nano-vfprintf_i.o)
 .debug_frame   0x000032a8       0x48 c:/program files (x86)/cypress/psoc creator/3.3/psoc creator/import/gnu/arm/4.9.3/bin/../lib/gcc/arm-none-eabi/4.9.3/../../../../arm-none-eabi/lib/armv7-m\libg_nano.a(lib_a-putc.o)
 .debug_frame   0x000032f0       0x2c c:/program files (x86)/cypress/psoc creator/3.3/psoc creator/import/gnu/arm/4.9.3/bin/../lib/gcc/arm-none-eabi/4.9.3/../../../../arm-none-eabi/lib/armv7-m\libg_nano.a(lib_a-sbrkr.o)
 .debug_frame   0x0000331c       0x88 c:/program files (x86)/cypress/psoc creator/3.3/psoc creator/import/gnu/arm/4.9.3/bin/../lib/gcc/arm-none-eabi/4.9.3/../../../../arm-none-eabi/lib/armv7-m\libg_nano.a(lib_a-stdio.o)
 .debug_frame   0x000033a4       0x3c c:/program files (x86)/cypress/psoc creator/3.3/psoc creator/import/gnu/arm/4.9.3/bin/../lib/gcc/arm-none-eabi/4.9.3/../../../../arm-none-eabi/lib/armv7-m\libg_nano.a(lib_a-wbuf.o)
 .debug_frame   0x000033e0       0x2c c:/program files (x86)/cypress/psoc creator/3.3/psoc creator/import/gnu/arm/4.9.3/bin/../lib/gcc/arm-none-eabi/4.9.3/../../../../arm-none-eabi/lib/armv7-m\libg_nano.a(lib_a-writer.o)
 .debug_frame   0x0000340c       0x2c c:/program files (x86)/cypress/psoc creator/3.3/psoc creator/import/gnu/arm/4.9.3/bin/../lib/gcc/arm-none-eabi/4.9.3/../../../../arm-none-eabi/lib/armv7-m\libg_nano.a(lib_a-wsetup.o)
 .debug_frame   0x00003438       0x2c c:/program files (x86)/cypress/psoc creator/3.3/psoc creator/import/gnu/arm/4.9.3/bin/../lib/gcc/arm-none-eabi/4.9.3/../../../../arm-none-eabi/lib/armv7-m\libg_nano.a(lib_a-closer.o)
 .debug_frame   0x00003464       0x68 c:/program files (x86)/cypress/psoc creator/3.3/psoc creator/import/gnu/arm/4.9.3/bin/../lib/gcc/arm-none-eabi/4.9.3/../../../../arm-none-eabi/lib/armv7-m\libg_nano.a(lib_a-fflush.o)
 .debug_frame   0x000034cc       0x3c c:/program files (x86)/cypress/psoc creator/3.3/psoc creator/import/gnu/arm/4.9.3/bin/../lib/gcc/arm-none-eabi/4.9.3/../../../../arm-none-eabi/lib/armv7-m\libg_nano.a(lib_a-fvwrite.o)
 .debug_frame   0x00003508       0x2c c:/program files (x86)/cypress/psoc creator/3.3/psoc creator/import/gnu/arm/4.9.3/bin/../lib/gcc/arm-none-eabi/4.9.3/../../../../arm-none-eabi/lib/armv7-m\libg_nano.a(lib_a-lseekr.o)
 .debug_frame   0x00003534       0x34 c:/program files (x86)/cypress/psoc creator/3.3/psoc creator/import/gnu/arm/4.9.3/bin/../lib/gcc/arm-none-eabi/4.9.3/../../../../arm-none-eabi/lib/armv7-m\libg_nano.a(lib_a-makebuf.o)
 .debug_frame   0x00003568       0x28 c:/program files (x86)/cypress/psoc creator/3.3/psoc creator/import/gnu/arm/4.9.3/bin/../lib/gcc/arm-none-eabi/4.9.3/../../../../arm-none-eabi/lib/armv7-m\libg_nano.a(lib_a-memchr.o)
 .debug_frame   0x00003590       0x2c c:/program files (x86)/cypress/psoc creator/3.3/psoc creator/import/gnu/arm/4.9.3/bin/../lib/gcc/arm-none-eabi/4.9.3/../../../../arm-none-eabi/lib/armv7-m\libg_nano.a(lib_a-nano-freer.o)
 .debug_frame   0x000035bc       0x3c c:/program files (x86)/cypress/psoc creator/3.3/psoc creator/import/gnu/arm/4.9.3/bin/../lib/gcc/arm-none-eabi/4.9.3/../../../../arm-none-eabi/lib/armv7-m\libg_nano.a(lib_a-nano-reallocr.o)
 .debug_frame   0x000035f8       0x2c c:/program files (x86)/cypress/psoc creator/3.3/psoc creator/import/gnu/arm/4.9.3/bin/../lib/gcc/arm-none-eabi/4.9.3/../../../../arm-none-eabi/lib/armv7-m\libg_nano.a(lib_a-readr.o)
 .debug_frame   0x00003624       0x5c c:/program files (x86)/cypress/psoc creator/3.3/psoc creator/import/gnu/arm/4.9.3/bin/../lib/gcc/arm-none-eabi/4.9.3/../../../../arm-none-eabi/lib/armv7-m\libg_nano.a(lib_a-reent.o)
 .debug_frame   0x00003680       0x2c c:/program files (x86)/cypress/psoc creator/3.3/psoc creator/import/gnu/arm/4.9.3/bin/../lib/gcc/arm-none-eabi/4.9.3/../../../../arm-none-eabi/lib/armv7-m\libg_nano.a(lib_a-fstatr.o)
 .debug_frame   0x000036ac       0x2c c:/program files (x86)/cypress/psoc creator/3.3/psoc creator/import/gnu/arm/4.9.3/bin/../lib/gcc/arm-none-eabi/4.9.3/../../../../arm-none-eabi/lib/armv7-m\libg_nano.a(lib_a-isattyr.o)
 .debug_frame   0x000036d8       0x20 c:/program files (x86)/cypress/psoc creator/3.3/psoc creator/import/gnu/arm/4.9.3/bin/../lib/gcc/arm-none-eabi/4.9.3/../../../../arm-none-eabi/lib/armv7-m\libg_nano.a(lib_a-nano-msizer.o)
 .debug_frame   0x000036f8       0x20 c:/program files (x86)/cypress/psoc creator/3.3/psoc creator/import/gnu/arm/4.9.3/bin/../lib/gcc/arm-none-eabi/4.9.3/../../../../arm-none-eabi/lib/armv7-m\libnosys.a(close.o)
 .debug_frame   0x00003718       0x20 c:/program files (x86)/cypress/psoc creator/3.3/psoc creator/import/gnu/arm/4.9.3/bin/../lib/gcc/arm-none-eabi/4.9.3/../../../../arm-none-eabi/lib/armv7-m\libnosys.a(fstat.o)
 .debug_frame   0x00003738       0x20 c:/program files (x86)/cypress/psoc creator/3.3/psoc creator/import/gnu/arm/4.9.3/bin/../lib/gcc/arm-none-eabi/4.9.3/../../../../arm-none-eabi/lib/armv7-m\libnosys.a(isatty.o)
 .debug_frame   0x00003758       0x20 c:/program files (x86)/cypress/psoc creator/3.3/psoc creator/import/gnu/arm/4.9.3/bin/../lib/gcc/arm-none-eabi/4.9.3/../../../../arm-none-eabi/lib/armv7-m\libnosys.a(lseek.o)
 .debug_frame   0x00003778       0x20 c:/program files (x86)/cypress/psoc creator/3.3/psoc creator/import/gnu/arm/4.9.3/bin/../lib/gcc/arm-none-eabi/4.9.3/../../../../arm-none-eabi/lib/armv7-m\libnosys.a(read.o)
 .debug_frame   0x00003798       0x20 c:/program files (x86)/cypress/psoc creator/3.3/psoc creator/import/gnu/arm/4.9.3/bin/../lib/gcc/arm-none-eabi/4.9.3/../../../../arm-none-eabi/lib/armv7-m\libnosys.a(write.o)

.debug_str      0x00000000     0x47af
 *(.debug_str)
 .debug_str     0x00000000      0x334 .\CortexM3\ARM_GCC_493\Debug\main.o
                                0x37c (size before relaxing)
 .debug_str     0x00000334       0x7b .\CortexM3\ARM_GCC_493\Debug\tft.o
                                0x222 (size before relaxing)
 .debug_str     0x000003af       0xf4 .\CortexM3\ARM_GCC_493\Debug\GUI_X.o
                                0x299 (size before relaxing)
 .debug_str     0x000004a3      0x295 .\CortexM3\ARM_GCC_493\Debug\GUIConf.o
                                0x3ec (size before relaxing)
 .debug_str     0x00000738      0x469 .\CortexM3\ARM_GCC_493\Debug\LCDConf.o
                                0x61a (size before relaxing)
 .debug_str     0x00000ba1      0x1db .\CortexM3\ARM_GCC_493\Debug\Connect4Board.o
                                0x3ae (size before relaxing)
 .debug_str     0x00000d7c       0xab .\CortexM3\ARM_GCC_493\Debug\XPT2046.o
                                0x260 (size before relaxing)
 .debug_str     0x00000e27      0x1ea .\CortexM3\ARM_GCC_493\Debug\Connect4.o
                                0x3a2 (size before relaxing)
 .debug_str     0x00001011      0x1db .\CortexM3\ARM_GCC_493\Debug\Robot.o
                                0x39a (size before relaxing)
 .debug_str     0x000011ec       0x38 .\CortexM3\ARM_GCC_493\Debug\Tick.o
                                0x238 (size before relaxing)
 .debug_str     0x00001224       0xf9 .\CortexM3\ARM_GCC_493\Debug\Music.o
                                0x340 (size before relaxing)
 .debug_str     0x0000131d       0xe0 .\CortexM3\ARM_GCC_493\Debug\dds.o
                                0x2b6 (size before relaxing)
 .debug_str     0x000013fd       0x77 .\CortexM3\ARM_GCC_493\Debug\cymetadata.o
                                0x1e1 (size before relaxing)
 .debug_str     0x00001474      0x156 .\CortexM3\ARM_GCC_493\Debug\Cm3Start.o
                                0x311 (size before relaxing)
 .debug_str     0x000015ca      0x16e .\CortexM3\ARM_GCC_493\Debug\ConnectFour.a(cyfitter_cfg.o)
                                0x33b (size before relaxing)
 .debug_str     0x00001738      0x26d .\CortexM3\ARM_GCC_493\Debug\ConnectFour.a(SPIM_1.o)
                                0x414 (size before relaxing)
 .debug_str     0x000019a5       0x55 .\CortexM3\ARM_GCC_493\Debug\ConnectFour.a(DC.o)
                                0x1ca (size before relaxing)
 .debug_str     0x000019fa      0x2d0 .\CortexM3\ARM_GCC_493\Debug\ConnectFour.a(CyDmac.o)
                                0x541 (size before relaxing)
 .debug_str     0x00001cca      0x764 .\CortexM3\ARM_GCC_493\Debug\ConnectFour.a(CyLib.o)
                                0xa26 (size before relaxing)
 .debug_str     0x0000242e      0x35b .\CortexM3\ARM_GCC_493\Debug\ConnectFour.a(cyPm.o)
                                0x71e (size before relaxing)
 .debug_str     0x00002789       0x51 .\CortexM3\ARM_GCC_493\Debug\ConnectFour.a(T_DIN.o)
                                0x1d9 (size before relaxing)
 .debug_str     0x000027da       0x51 .\CortexM3\ARM_GCC_493\Debug\ConnectFour.a(T_CLK.o)
                                0x1d9 (size before relaxing)
 .debug_str     0x0000282b       0x4d .\CortexM3\ARM_GCC_493\Debug\ConnectFour.a(T_CS.o)
                                0x1d4 (size before relaxing)
 .debug_str     0x00002878       0x4e .\CortexM3\ARM_GCC_493\Debug\ConnectFour.a(T_DO.o)
                                0x1d4 (size before relaxing)
 .debug_str     0x000028c6      0x1c7 .\CortexM3\ARM_GCC_493\Debug\ConnectFour.a(SELECT_PWM.o)
                                0x3b4 (size before relaxing)
 .debug_str     0x00002a8d      0x19d .\CortexM3\ARM_GCC_493\Debug\ConnectFour.a(HAMMER_PWM.o)
                                0x3b4 (size before relaxing)
 .debug_str     0x00002c2a      0x1aa .\CortexM3\ARM_GCC_493\Debug\ConnectFour.a(PHOTO_INTERRUPTER_ISR.o)
                                0x37d (size before relaxing)
 .debug_str     0x00002dd4       0xe3 .\CortexM3\ARM_GCC_493\Debug\ConnectFour.a(PHOTO_INTERRUPTER_PINS.o)
                                0x28c (size before relaxing)
 .debug_str     0x00002eb7       0xd5 .\CortexM3\ARM_GCC_493\Debug\ConnectFour.a(DmaDone.o)
                                0x2b9 (size before relaxing)
 .debug_str     0x00002f8c       0x99 .\CortexM3\ARM_GCC_493\Debug\ConnectFour.a(VDAC8.o)
                                0x216 (size before relaxing)
 .debug_str     0x00003025      0x380 .\CortexM3\ARM_GCC_493\Debug\ConnectFour.a(USBFS.o)
                                0x6d8 (size before relaxing)
 .debug_str     0x000033a5      0x31e .\CortexM3\ARM_GCC_493\Debug\ConnectFour.a(USBFS_drv.o)
                                0x5eb (size before relaxing)
 .debug_str     0x000036c3       0x7d .\CortexM3\ARM_GCC_493\Debug\ConnectFour.a(USBFS_episr.o)
                                0x331 (size before relaxing)
 .debug_str     0x00003740       0xd8 .\CortexM3\ARM_GCC_493\Debug\ConnectFour.a(USBFS_pm.o)
                                0x2e5 (size before relaxing)
 .debug_str     0x00003818      0x227 .\CortexM3\ARM_GCC_493\Debug\ConnectFour.a(USBFS_std.o)
                                0x6c5 (size before relaxing)
 .debug_str     0x00003a3f       0x25 .\CortexM3\ARM_GCC_493\Debug\ConnectFour.a(USBFS_vnd.o)
                                0x1de (size before relaxing)
 .debug_str     0x00003a64       0x86 .\CortexM3\ARM_GCC_493\Debug\ConnectFour.a(USBFS_Dp.o)
                                0x22a (size before relaxing)
 .debug_str     0x00003aea       0x8d .\CortexM3\ARM_GCC_493\Debug\ConnectFour.a(USBFS_ep2_dma.o)
                                0x27c (size before relaxing)
 .debug_str     0x00003b77       0x4f .\CortexM3\ARM_GCC_493\Debug\ConnectFour.a(VDAC_DMA_dma.o)
                                0x278 (size before relaxing)
 .debug_str     0x00003bc6      0x197 .\CortexM3\ARM_GCC_493\Debug\ConnectFour.a(CyFlash.o)
                                0x398 (size before relaxing)
 .debug_str     0x00003d5d       0xae .\CortexM3\ARM_GCC_493\Debug\ConnectFour.a(CySpc.o)
                                0x321 (size before relaxing)
 .debug_str     0x00003e0b       0x42 .\CortexM3\ARM_GCC_493\Debug\ConnectFour.a(USBFS_cls.o)
                                0x297 (size before relaxing)
 .debug_str     0x00003e4d       0xf1 .\CortexM3\ARM_GCC_493\Debug\ConnectFour.a(USBFS_descr.o)
                                0x2f6 (size before relaxing)
 .debug_str     0x00003f3e       0xd2 .\CortexM3\ARM_GCC_493\Debug\ConnectFour.a(USBFS_audio.o)
                                0x32a (size before relaxing)
 .debug_str     0x00004010      0x10a .\CortexM3\ARM_GCC_493\Debug\ConnectFour.a(emFile_1_ConfigMMC_SPI.o)
                                0x26e (size before relaxing)
 .debug_str     0x0000411a      0x21a .\CortexM3\ARM_GCC_493\Debug\ConnectFour.a(emFile_1_MMC_HW_SPI.o)
                                0x3cd (size before relaxing)
 .debug_str     0x00004334      0x27f .\CortexM3\ARM_GCC_493\Debug\ConnectFour.a(emFile_1_SPI0.o)
                                0x4d8 (size before relaxing)
 .debug_str     0x000045b3      0x17f .\CortexM3\ARM_GCC_493\Debug\ConnectFour.a(emFile_1_Clock_1.o)
                                0x351 (size before relaxing)
 .debug_str     0x00004732       0x7d .\CortexM3\ARM_GCC_493\Debug\ConnectFour.a(emFile_1_SPI0_CS.o)
                                0x210 (size before relaxing)

.debug_loc      0x00000000     0x52eb
 *(.debug_loc)
 .debug_loc     0x00000000       0xaf .\CortexM3\ARM_GCC_493\Debug\main.o
 .debug_loc     0x000000af       0x9d .\CortexM3\ARM_GCC_493\Debug\tft.o
 .debug_loc     0x0000014c       0x40 .\CortexM3\ARM_GCC_493\Debug\GUI_X.o
 .debug_loc     0x0000018c       0xb0 .\CortexM3\ARM_GCC_493\Debug\LCDConf.o
 .debug_loc     0x0000023c      0x31f .\CortexM3\ARM_GCC_493\Debug\Connect4Board.o
 .debug_loc     0x0000055b      0x22c .\CortexM3\ARM_GCC_493\Debug\XPT2046.o
 .debug_loc     0x00000787      0x643 .\CortexM3\ARM_GCC_493\Debug\Connect4.o
 .debug_loc     0x00000dca       0x69 .\CortexM3\ARM_GCC_493\Debug\Robot.o
 .debug_loc     0x00000e33       0x3d .\CortexM3\ARM_GCC_493\Debug\Tick.o
 .debug_loc     0x00000e70       0x13 .\CortexM3\ARM_GCC_493\Debug\Music.o
 .debug_loc     0x00000e83      0x193 .\CortexM3\ARM_GCC_493\Debug\dds.o
 .debug_loc     0x00001016      0x144 .\CortexM3\ARM_GCC_493\Debug\Cm3Start.o
 .debug_loc     0x0000115a      0x289 .\CortexM3\ARM_GCC_493\Debug\ConnectFour.a(cyfitter_cfg.o)
 .debug_loc     0x000013e3       0xfe .\CortexM3\ARM_GCC_493\Debug\ConnectFour.a(SPIM_1.o)
 .debug_loc     0x000014e1       0x42 .\CortexM3\ARM_GCC_493\Debug\ConnectFour.a(DC.o)
 .debug_loc     0x00001523      0xb83 .\CortexM3\ARM_GCC_493\Debug\ConnectFour.a(CyDmac.o)
 .debug_loc     0x000020a6      0xa11 .\CortexM3\ARM_GCC_493\Debug\ConnectFour.a(CyLib.o)
 .debug_loc     0x00002ab7      0x1e4 .\CortexM3\ARM_GCC_493\Debug\ConnectFour.a(cyPm.o)
 .debug_loc     0x00002c9b       0x42 .\CortexM3\ARM_GCC_493\Debug\ConnectFour.a(T_DIN.o)
 .debug_loc     0x00002cdd       0x42 .\CortexM3\ARM_GCC_493\Debug\ConnectFour.a(T_CLK.o)
 .debug_loc     0x00002d1f       0x42 .\CortexM3\ARM_GCC_493\Debug\ConnectFour.a(T_CS.o)
 .debug_loc     0x00002d61       0x42 .\CortexM3\ARM_GCC_493\Debug\ConnectFour.a(T_DO.o)
 .debug_loc     0x00002da3       0x26 .\CortexM3\ARM_GCC_493\Debug\ConnectFour.a(SELECT_PWM.o)
 .debug_loc     0x00002dc9       0x26 .\CortexM3\ARM_GCC_493\Debug\ConnectFour.a(HAMMER_PWM.o)
 .debug_loc     0x00002def       0x56 .\CortexM3\ARM_GCC_493\Debug\ConnectFour.a(PHOTO_INTERRUPTER_ISR.o)
 .debug_loc     0x00002e45       0x84 .\CortexM3\ARM_GCC_493\Debug\ConnectFour.a(PHOTO_INTERRUPTER_PINS.o)
 .debug_loc     0x00002ec9       0x56 .\CortexM3\ARM_GCC_493\Debug\ConnectFour.a(DmaDone.o)
 .debug_loc     0x00002f1f       0x79 .\CortexM3\ARM_GCC_493\Debug\ConnectFour.a(VDAC8.o)
 .debug_loc     0x00002f98      0x4bd .\CortexM3\ARM_GCC_493\Debug\ConnectFour.a(USBFS.o)
 .debug_loc     0x00003455      0x171 .\CortexM3\ARM_GCC_493\Debug\ConnectFour.a(USBFS_drv.o)
 .debug_loc     0x000035c6       0x50 .\CortexM3\ARM_GCC_493\Debug\ConnectFour.a(USBFS_episr.o)
 .debug_loc     0x00003616       0x26 .\CortexM3\ARM_GCC_493\Debug\ConnectFour.a(USBFS_pm.o)
 .debug_loc     0x0000363c      0x888 .\CortexM3\ARM_GCC_493\Debug\ConnectFour.a(USBFS_std.o)
 .debug_loc     0x00003ec4       0x84 .\CortexM3\ARM_GCC_493\Debug\ConnectFour.a(USBFS_Dp.o)
 .debug_loc     0x00003f48       0x84 .\CortexM3\ARM_GCC_493\Debug\ConnectFour.a(USBFS_ep2_dma.o)
 .debug_loc     0x00003fcc       0x84 .\CortexM3\ARM_GCC_493\Debug\ConnectFour.a(VDAC_DMA_dma.o)
 .debug_loc     0x00004050      0x300 .\CortexM3\ARM_GCC_493\Debug\ConnectFour.a(CyFlash.o)
 .debug_loc     0x00004350      0x64d .\CortexM3\ARM_GCC_493\Debug\ConnectFour.a(CySpc.o)
 .debug_loc     0x0000499d       0x47 .\CortexM3\ARM_GCC_493\Debug\ConnectFour.a(USBFS_cls.o)
 .debug_loc     0x000049e4      0x30c .\CortexM3\ARM_GCC_493\Debug\ConnectFour.a(USBFS_audio.o)
 .debug_loc     0x00004cf0      0x38f .\CortexM3\ARM_GCC_493\Debug\ConnectFour.a(emFile_1_MMC_HW_SPI.o)
 .debug_loc     0x0000507f       0xfe .\CortexM3\ARM_GCC_493\Debug\ConnectFour.a(emFile_1_SPI0.o)
 .debug_loc     0x0000517d      0x12c .\CortexM3\ARM_GCC_493\Debug\ConnectFour.a(emFile_1_Clock_1.o)
 .debug_loc     0x000052a9       0x42 .\CortexM3\ARM_GCC_493\Debug\ConnectFour.a(emFile_1_SPI0_CS.o)

.debug_macinfo
 *(.debug_macinfo)

.debug_ranges   0x00000000     0x10a8
 *(.debug_ranges)
 .debug_ranges  0x00000000       0x18 .\CortexM3\ARM_GCC_493\Debug\main.o
 .debug_ranges  0x00000018       0x38 .\CortexM3\ARM_GCC_493\Debug\tft.o
 .debug_ranges  0x00000050       0x50 .\CortexM3\ARM_GCC_493\Debug\GUI_X.o
 .debug_ranges  0x000000a0       0x10 .\CortexM3\ARM_GCC_493\Debug\GUIConf.o
 .debug_ranges  0x000000b0       0x20 .\CortexM3\ARM_GCC_493\Debug\LCDConf.o
 .debug_ranges  0x000000d0       0x40 .\CortexM3\ARM_GCC_493\Debug\Connect4Board.o
 .debug_ranges  0x00000110       0x28 .\CortexM3\ARM_GCC_493\Debug\XPT2046.o
 .debug_ranges  0x00000138      0x100 .\CortexM3\ARM_GCC_493\Debug\Connect4.o
 .debug_ranges  0x00000238       0x40 .\CortexM3\ARM_GCC_493\Debug\Robot.o
 .debug_ranges  0x00000278       0x40 .\CortexM3\ARM_GCC_493\Debug\Tick.o
 .debug_ranges  0x000002b8       0x30 .\CortexM3\ARM_GCC_493\Debug\Music.o
 .debug_ranges  0x000002e8       0x28 .\CortexM3\ARM_GCC_493\Debug\dds.o
 .debug_ranges  0x00000310       0x38 .\CortexM3\ARM_GCC_493\Debug\Cm3Start.o
 .debug_ranges  0x00000348       0x48 .\CortexM3\ARM_GCC_493\Debug\ConnectFour.a(cyfitter_cfg.o)
 .debug_ranges  0x00000390       0xc8 .\CortexM3\ARM_GCC_493\Debug\ConnectFour.a(SPIM_1.o)
 .debug_ranges  0x00000458       0x28 .\CortexM3\ARM_GCC_493\Debug\ConnectFour.a(DC.o)
 .debug_ranges  0x00000480       0xc8 .\CortexM3\ARM_GCC_493\Debug\ConnectFour.a(CyDmac.o)
 .debug_ranges  0x00000548      0x288 .\CortexM3\ARM_GCC_493\Debug\ConnectFour.a(CyLib.o)
 .debug_ranges  0x000007d0       0x88 .\CortexM3\ARM_GCC_493\Debug\ConnectFour.a(cyPm.o)
 .debug_ranges  0x00000858       0x28 .\CortexM3\ARM_GCC_493\Debug\ConnectFour.a(T_DIN.o)
 .debug_ranges  0x00000880       0x28 .\CortexM3\ARM_GCC_493\Debug\ConnectFour.a(T_CLK.o)
 .debug_ranges  0x000008a8       0x28 .\CortexM3\ARM_GCC_493\Debug\ConnectFour.a(T_CS.o)
 .debug_ranges  0x000008d0       0x28 .\CortexM3\ARM_GCC_493\Debug\ConnectFour.a(T_DO.o)
 .debug_ranges  0x000008f8       0x88 .\CortexM3\ARM_GCC_493\Debug\ConnectFour.a(SELECT_PWM.o)
 .debug_ranges  0x00000980       0x88 .\CortexM3\ARM_GCC_493\Debug\ConnectFour.a(HAMMER_PWM.o)
 .debug_ranges  0x00000a08       0x70 .\CortexM3\ARM_GCC_493\Debug\ConnectFour.a(PHOTO_INTERRUPTER_ISR.o)
 .debug_ranges  0x00000a78       0x38 .\CortexM3\ARM_GCC_493\Debug\ConnectFour.a(PHOTO_INTERRUPTER_PINS.o)
 .debug_ranges  0x00000ab0       0x70 .\CortexM3\ARM_GCC_493\Debug\ConnectFour.a(DmaDone.o)
 .debug_ranges  0x00000b20       0x48 .\CortexM3\ARM_GCC_493\Debug\ConnectFour.a(VDAC8.o)
 .debug_ranges  0x00000b68       0xc8 .\CortexM3\ARM_GCC_493\Debug\ConnectFour.a(USBFS.o)
 .debug_ranges  0x00000c30       0x88 .\CortexM3\ARM_GCC_493\Debug\ConnectFour.a(USBFS_drv.o)
 .debug_ranges  0x00000cb8       0x28 .\CortexM3\ARM_GCC_493\Debug\ConnectFour.a(USBFS_episr.o)
 .debug_ranges  0x00000ce0       0x30 .\CortexM3\ARM_GCC_493\Debug\ConnectFour.a(USBFS_pm.o)
 .debug_ranges  0x00000d10       0x68 .\CortexM3\ARM_GCC_493\Debug\ConnectFour.a(USBFS_std.o)
 .debug_ranges  0x00000d78       0x10 .\CortexM3\ARM_GCC_493\Debug\ConnectFour.a(USBFS_vnd.o)
 .debug_ranges  0x00000d88       0x38 .\CortexM3\ARM_GCC_493\Debug\ConnectFour.a(USBFS_Dp.o)
 .debug_ranges  0x00000dc0       0x18 .\CortexM3\ARM_GCC_493\Debug\ConnectFour.a(USBFS_ep2_dma.o)
 .debug_ranges  0x00000dd8       0x18 .\CortexM3\ARM_GCC_493\Debug\ConnectFour.a(VDAC_DMA_dma.o)
 .debug_ranges  0x00000df0       0x70 .\CortexM3\ARM_GCC_493\Debug\ConnectFour.a(CyFlash.o)
 .debug_ranges  0x00000e60       0x68 .\CortexM3\ARM_GCC_493\Debug\ConnectFour.a(CySpc.o)
 .debug_ranges  0x00000ec8       0x10 .\CortexM3\ARM_GCC_493\Debug\ConnectFour.a(USBFS_cls.o)
 .debug_ranges  0x00000ed8       0x10 .\CortexM3\ARM_GCC_493\Debug\ConnectFour.a(USBFS_audio.o)
 .debug_ranges  0x00000ee8       0x18 .\CortexM3\ARM_GCC_493\Debug\ConnectFour.a(emFile_1_ConfigMMC_SPI.o)
 .debug_ranges  0x00000f00       0x58 .\CortexM3\ARM_GCC_493\Debug\ConnectFour.a(emFile_1_MMC_HW_SPI.o)
 .debug_ranges  0x00000f58       0xc8 .\CortexM3\ARM_GCC_493\Debug\ConnectFour.a(emFile_1_SPI0.o)
 .debug_ranges  0x00001020       0x60 .\CortexM3\ARM_GCC_493\Debug\ConnectFour.a(emFile_1_Clock_1.o)
 .debug_ranges  0x00001080       0x28 .\CortexM3\ARM_GCC_493\Debug\ConnectFour.a(emFile_1_SPI0_CS.o)

.comment        0x00000000      0x490
 .comment       0x00000000       0x70 .\CortexM3\ARM_GCC_493\Debug\main.o
                                 0x71 (size before relaxing)
 .comment       0x00000000       0x71 .\CortexM3\ARM_GCC_493\Debug\tft.o
 .comment       0x00000000       0x71 .\CortexM3\ARM_GCC_493\Debug\GUI_X.o
 .comment       0x00000000       0x71 .\CortexM3\ARM_GCC_493\Debug\GUIConf.o
 .comment       0x00000000       0x71 .\CortexM3\ARM_GCC_493\Debug\LCDConf.o
 .comment       0x00000000       0x71 .\CortexM3\ARM_GCC_493\Debug\Connect4Board.o
 .comment       0x00000000       0x71 .\CortexM3\ARM_GCC_493\Debug\XPT2046.o
 .comment       0x00000000       0x71 .\CortexM3\ARM_GCC_493\Debug\Connect4.o
 .comment       0x00000000       0x71 .\CortexM3\ARM_GCC_493\Debug\Robot.o
 .comment       0x00000000       0x71 .\CortexM3\ARM_GCC_493\Debug\Tick.o
 .comment       0x00000000       0x71 .\CortexM3\ARM_GCC_493\Debug\Music.o
 .comment       0x00000000       0x71 .\CortexM3\ARM_GCC_493\Debug\dds.o
 .comment       0x00000000       0x71 .\CortexM3\ARM_GCC_493\Debug\cymetadata.o
 .comment       0x00000000       0x71 .\CortexM3\ARM_GCC_493\Debug\Cm3Start.o
 .comment       0x00000000       0x71 .\CortexM3\ARM_GCC_493\Debug\ConnectFour.a(cyfitter_cfg.o)
 .comment       0x00000000       0x71 .\CortexM3\ARM_GCC_493\Debug\ConnectFour.a(SPIM_1.o)
 .comment       0x00000000       0x71 .\CortexM3\ARM_GCC_493\Debug\ConnectFour.a(DC.o)
 .comment       0x00000000       0x71 .\CortexM3\ARM_GCC_493\Debug\ConnectFour.a(CyDmac.o)
 .comment       0x00000000       0x71 .\CortexM3\ARM_GCC_493\Debug\ConnectFour.a(CyLib.o)
 .comment       0x00000000       0x71 .\CortexM3\ARM_GCC_493\Debug\ConnectFour.a(cyPm.o)
 .comment       0x00000000       0x71 .\CortexM3\ARM_GCC_493\Debug\ConnectFour.a(T_DIN.o)
 .comment       0x00000000       0x71 .\CortexM3\ARM_GCC_493\Debug\ConnectFour.a(T_CLK.o)
 .comment       0x00000000       0x71 .\CortexM3\ARM_GCC_493\Debug\ConnectFour.a(T_CS.o)
 .comment       0x00000000       0x71 .\CortexM3\ARM_GCC_493\Debug\ConnectFour.a(T_DO.o)
 .comment       0x00000000       0x71 .\CortexM3\ARM_GCC_493\Debug\ConnectFour.a(SELECT_PWM.o)
 .comment       0x00000000       0x71 .\CortexM3\ARM_GCC_493\Debug\ConnectFour.a(HAMMER_PWM.o)
 .comment       0x00000000       0x71 .\CortexM3\ARM_GCC_493\Debug\ConnectFour.a(PHOTO_INTERRUPTER_ISR.o)
 .comment       0x00000000       0x71 .\CortexM3\ARM_GCC_493\Debug\ConnectFour.a(PHOTO_INTERRUPTER_PINS.o)
 .comment       0x00000000       0x71 .\CortexM3\ARM_GCC_493\Debug\ConnectFour.a(DmaDone.o)
 .comment       0x00000000       0x71 .\CortexM3\ARM_GCC_493\Debug\ConnectFour.a(VDAC8.o)
 .comment       0x00000000       0x71 .\CortexM3\ARM_GCC_493\Debug\ConnectFour.a(USBFS.o)
 .comment       0x00000000       0x71 .\CortexM3\ARM_GCC_493\Debug\ConnectFour.a(USBFS_drv.o)
 .comment       0x00000000       0x71 .\CortexM3\ARM_GCC_493\Debug\ConnectFour.a(USBFS_episr.o)
 .comment       0x00000000       0x71 .\CortexM3\ARM_GCC_493\Debug\ConnectFour.a(USBFS_pm.o)
 .comment       0x00000000       0x71 .\CortexM3\ARM_GCC_493\Debug\ConnectFour.a(USBFS_std.o)
 .comment       0x00000000       0x71 .\CortexM3\ARM_GCC_493\Debug\ConnectFour.a(USBFS_vnd.o)
 .comment       0x00000000       0x71 .\CortexM3\ARM_GCC_493\Debug\ConnectFour.a(USBFS_Dp.o)
 .comment       0x00000000       0x71 .\CortexM3\ARM_GCC_493\Debug\ConnectFour.a(USBFS_ep2_dma.o)
 .comment       0x00000000       0x71 .\CortexM3\ARM_GCC_493\Debug\ConnectFour.a(VDAC_DMA_dma.o)
 .comment       0x00000000       0x71 .\CortexM3\ARM_GCC_493\Debug\ConnectFour.a(CyFlash.o)
 .comment       0x00000000       0x71 .\CortexM3\ARM_GCC_493\Debug\ConnectFour.a(CySpc.o)
 .comment       0x00000000       0x71 .\CortexM3\ARM_GCC_493\Debug\ConnectFour.a(USBFS_cls.o)
 .comment       0x00000000       0x71 .\CortexM3\ARM_GCC_493\Debug\ConnectFour.a(USBFS_descr.o)
 .comment       0x00000000       0x71 .\CortexM3\ARM_GCC_493\Debug\ConnectFour.a(USBFS_audio.o)
 .comment       0x00000070       0x2b ..\emFile_V322c\LinkLibrary\PSoC5\GCC\libemf32nosnlfn.a(FS_FRead.o)
 .comment       0x0000009b       0x2b ..\emFile_V322c\LinkLibrary\PSoC5\GCC\libemf32nosnlfn.a(FS_Misc.o)
 .comment       0x000000c6       0x2b ..\emFile_V322c\LinkLibrary\PSoC5\GCC\libemf32nosnlfn.a(FS_Read.o)
 .comment       0x000000f1       0x2b ..\emFile_V322c\LinkLibrary\PSoC5\GCC\libemf32nosnlfn.a(FS_Storage.o)
 .comment       0x0000011c       0x2b ..\emFile_V322c\LinkLibrary\PSoC5\GCC\libemf32nosnlfn.a(FS_Unmount.o)
 .comment       0x00000147       0x2b ..\emFile_V322c\LinkLibrary\PSoC5\GCC\libemf32nosnlfn.a(FS_Volume.o)
 .comment       0x00000172       0x2b ..\emFile_V322c\LinkLibrary\PSoC5\GCC\libemf32nosnlfn.a(FAT_CheckDisk.o)
 .comment       0x0000019d       0x2b ..\emFile_V322c\LinkLibrary\PSoC5\GCC\libemf32nosnlfn.a(FAT_Dir.o)
 .comment       0x000001c8       0x2b ..\emFile_V322c\LinkLibrary\PSoC5\GCC\libemf32nosnlfn.a(FAT_DiskInfo.o)
 .comment       0x000001f3       0x2b ..\emFile_V322c\LinkLibrary\PSoC5\GCC\libemf32nosnlfn.a(FAT_Misc.o)
 .comment       0x0000021e       0x2b ..\emFile_V322c\LinkLibrary\PSoC5\GCC\libemf32nosnlfn.a(FAT_Open.o)
 .comment       0x00000249       0x2b ..\emFile_V322c\LinkLibrary\PSoC5\GCC\libemf32nosnlfn.a(FAT_Read.o)
 .comment       0x00000274       0x2b ..\emFile_V322c\LinkLibrary\PSoC5\GCC\libemf32nosnlfn.a(FAT_VolumeLabel.o)
 .comment       0x0000029f       0x2b ..\emFile_V322c\LinkLibrary\PSoC5\GCC\libemf32nosnlfn.a(FAT_Write.o)
 .comment       0x000002ca       0x2b ..\emFile_V322c\LinkLibrary\PSoC5\GCC\libemf32nosnlfn.a(FS_CLib.o)
 .comment       0x000002f5       0x2b ..\emFile_V322c\LinkLibrary\PSoC5\GCC\libemf32nosnlfn.a(FS_Core.o)
 .comment       0x00000320       0x2b ..\emFile_V322c\LinkLibrary\PSoC5\GCC\libemf32nosnlfn.a(FS_LogBlock.o)
 .comment       0x0000034b       0x2b ..\emFile_V322c\LinkLibrary\PSoC5\GCC\libemf32nosnlfn.a(FS_memcpy.o)