Archive member included because of file (symbol)

.\CortexM3\ARM_GCC_493\Debug\ConnectFour.a(cyfitter_cfg.o)
                              .\CortexM3\ARM_GCC_493\Debug\Cm3Start.o (cyfitter_cfg)
.\CortexM3\ARM_GCC_493\Debug\ConnectFour.a(SPIM_1.o)
                              .\CortexM3\ARM_GCC_493\Debug\tft.o (SPIM_1_ReadTxStatus)
.\CortexM3\ARM_GCC_493\Debug\ConnectFour.a(DC.o)
                              .\CortexM3\ARM_GCC_493\Debug\tft.o (DC_Write)
.\CortexM3\ARM_GCC_493\Debug\ConnectFour.a(CyBootAsmGnu.o)
                              .\CortexM3\ARM_GCC_493\Debug\XPT2046.o (CyDelayCycles)
.\CortexM3\ARM_GCC_493\Debug\ConnectFour.a(CyLib.o)
                              .\CortexM3\ARM_GCC_493\Debug\GUI_X.o (CyHalt)
.\CortexM3\ARM_GCC_493\Debug\ConnectFour.a(cyPm.o)
                              .\CortexM3\ARM_GCC_493\Debug\ConnectFour.a(CyLib.o) (CyPmReadStatus)
.\CortexM3\ARM_GCC_493\Debug\ConnectFour.a(T_IRQ.o)
                              .\CortexM3\ARM_GCC_493\Debug\main.o (T_IRQ_Read)
.\CortexM3\ARM_GCC_493\Debug\ConnectFour.a(T_DIN.o)
                              .\CortexM3\ARM_GCC_493\Debug\XPT2046.o (T_DIN_Write)
.\CortexM3\ARM_GCC_493\Debug\ConnectFour.a(T_CLK.o)
                              .\CortexM3\ARM_GCC_493\Debug\XPT2046.o (T_CLK_Write)
.\CortexM3\ARM_GCC_493\Debug\ConnectFour.a(T_CS.o)
                              .\CortexM3\ARM_GCC_493\Debug\XPT2046.o (T_CS_Write)
.\CortexM3\ARM_GCC_493\Debug\ConnectFour.a(T_DO.o)
                              .\CortexM3\ARM_GCC_493\Debug\XPT2046.o (T_DO_Read)
.\CortexM3\ARM_GCC_493\Debug\ConnectFour.a(USBUART.o)
                              .\CortexM3\ARM_GCC_493\Debug\main.o (USBUART_Start)
.\CortexM3\ARM_GCC_493\Debug\ConnectFour.a(USBUART_cdc.o)
                              .\CortexM3\ARM_GCC_493\Debug\main.o (USBUART_PutString)
.\CortexM3\ARM_GCC_493\Debug\ConnectFour.a(USBUART_drv.o)
                              .\CortexM3\ARM_GCC_493\Debug\ConnectFour.a(USBUART.o) (USBUART_lastPacketSize)
.\CortexM3\ARM_GCC_493\Debug\ConnectFour.a(USBUART_episr.o)
                              .\CortexM3\ARM_GCC_493\Debug\ConnectFour.a(USBUART.o) (USBUART_EP_1_ISR)
.\CortexM3\ARM_GCC_493\Debug\ConnectFour.a(USBUART_pm.o)
                              .\CortexM3\ARM_GCC_493\Debug\ConnectFour.a(USBUART.o) (USBUART_DP_ISR)
.\CortexM3\ARM_GCC_493\Debug\ConnectFour.a(USBUART_std.o)
                              .\CortexM3\ARM_GCC_493\Debug\ConnectFour.a(USBUART_pm.o) (USBUART_ConfigReg)
.\CortexM3\ARM_GCC_493\Debug\ConnectFour.a(USBUART_vnd.o)
                              .\CortexM3\ARM_GCC_493\Debug\ConnectFour.a(USBUART_drv.o) (USBUART_HandleVendorRqst)
.\CortexM3\ARM_GCC_493\Debug\ConnectFour.a(USBUART_Dp.o)
                              .\CortexM3\ARM_GCC_493\Debug\ConnectFour.a(USBUART_pm.o) (USBUART_Dp_ClearInterrupt)
.\CortexM3\ARM_GCC_493\Debug\ConnectFour.a(CyFlash.o)
                              .\CortexM3\ARM_GCC_493\Debug\ConnectFour.a(cyPm.o) (CyFlash_SetWaitCycles)
.\CortexM3\ARM_GCC_493\Debug\ConnectFour.a(CySpc.o)
                              .\CortexM3\ARM_GCC_493\Debug\ConnectFour.a(CyFlash.o) (CySpcStart)
.\CortexM3\ARM_GCC_493\Debug\ConnectFour.a(USBUART_cls.o)
                              .\CortexM3\ARM_GCC_493\Debug\ConnectFour.a(USBUART_drv.o) (USBUART_DispatchClassRqst)
.\CortexM3\ARM_GCC_493\Debug\ConnectFour.a(USBUART_descr.o)
                              .\CortexM3\ARM_GCC_493\Debug\ConnectFour.a(USBUART_std.o) (USBUART_idSerialNumberStringDescriptor)
..\emWinGraphics_v5_46\LinkLibrary\PSoC5\GCC\libemWin_nosts_cm3_gcc.a(F6x8.o)
                              .\CortexM3\ARM_GCC_493\Debug\GUIConf.o (GUI_Font6x8)
..\emWinGraphics_v5_46\LinkLibrary\PSoC5\GCC\libemWin_nosts_cm3_gcc.a(GUI_Alloc.o)
                              .\CortexM3\ARM_GCC_493\Debug\GUIConf.o (GUI_ALLOC_AssignMemory)
..\emWinGraphics_v5_46\LinkLibrary\PSoC5\GCC\libemWin_nosts_cm3_gcc.a(GUI_CharM.o)
                              ..\emWinGraphics_v5_46\LinkLibrary\PSoC5\GCC\libemWin_nosts_cm3_gcc.a(F6x8.o) (GUIMONO_DispChar)
..\emWinGraphics_v5_46\LinkLibrary\PSoC5\GCC\libemWin_nosts_cm3_gcc.a(GUI_Common.o)
                              .\CortexM3\ARM_GCC_493\Debug\Connect4Board.o (GUI_SetBkColor)
..\emWinGraphics_v5_46\LinkLibrary\PSoC5\GCC\libemWin_nosts_cm3_gcc.a(GUI_Core.o)
                              ..\emWinGraphics_v5_46\LinkLibrary\PSoC5\GCC\libemWin_nosts_cm3_gcc.a(GUI_Common.o) (GUI__apDevice)
..\emWinGraphics_v5_46\LinkLibrary\PSoC5\GCC\libemWin_nosts_cm3_gcc.a(GUI_Device.o)
                              .\CortexM3\ARM_GCC_493\Debug\LCDConf.o (GUI_DEVICE_CreateAndLink)
..\emWinGraphics_v5_46\LinkLibrary\PSoC5\GCC\libemWin_nosts_cm3_gcc.a(GUI_DispString.o)
                              ..\emWinGraphics_v5_46\LinkLibrary\PSoC5\GCC\libemWin_nosts_cm3_gcc.a(GUI_Common.o) (GUI_DispString)
..\emWinGraphics_v5_46\LinkLibrary\PSoC5\GCC\libemWin_nosts_cm3_gcc.a(GUI_DispStringInRectEx.o)
[...]
Memory Configuration

Name             Origin             Length             Attributes
rom              0x00000000         0x00040000         xr
ram              0x1fff8000         0x00010000         xrw
*default*        0x00000000         0xffffffff

Linker script and memory map

LOAD c:/program files (x86)/cypress/psoc creator/3.3/psoc creator/import/gnu/arm/4.9.3/bin/../lib/gcc/arm-none-eabi/4.9.3/armv7-m/crti.o
LOAD c:/program files (x86)/cypress/psoc creator/3.3/psoc creator/import/gnu/arm/4.9.3/bin/../lib/gcc/arm-none-eabi/4.9.3/armv7-m/crtbegin.o
LOAD c:/program files (x86)/cypress/psoc creator/3.3/psoc creator/import/gnu/arm/4.9.3/bin/../lib/gcc/arm-none-eabi/4.9.3/../../../../arm-none-eabi/lib/armv7-m/crt0.o
START GROUP
LOAD .\CortexM3\ARM_GCC_493\Debug\main.o
LOAD .\CortexM3\ARM_GCC_493\Debug\tft.o
LOAD .\CortexM3\ARM_GCC_493\Debug\GUI_X.o
LOAD .\CortexM3\ARM_GCC_493\Debug\GUIConf.o
LOAD .\CortexM3\ARM_GCC_493\Debug\LCDConf.o
LOAD .\CortexM3\ARM_GCC_493\Debug\Connect4Board.o
LOAD .\CortexM3\ARM_GCC_493\Debug\XPT2046.o
LOAD .\CortexM3\ARM_GCC_493\Debug\cymetadata.o
LOAD .\CortexM3\ARM_GCC_493\Debug\Cm3Start.o
LOAD .\CortexM3\ARM_GCC_493\Debug\ConnectFour.a
LOAD C:\Program Files (x86)\Cypress\PSoC Creator\3.3\PSoC Creator\psoc\content\cycomponentlibrary\CyComponentLibrary.cylib\CortexM3\ARM_GCC_493\Debug\CyComponentLibrary.a
LOAD c:/program files (x86)/cypress/psoc creator/3.3/psoc creator/import/gnu/arm/4.9.3/bin/../lib/gcc/arm-none-eabi/4.9.3/../../../../arm-none-eabi/lib/armv7-m\libm.a
LOAD ..\emWinGraphics_v5_46\LinkLibrary\PSoC5\GCC\libemWin_nosts_cm3_gcc.a
END GROUP
START GROUP
LOAD c:/program files (x86)/cypress/psoc creator/3.3/psoc creator/import/gnu/arm/4.9.3/bin/../lib/gcc/arm-none-eabi/4.9.3/armv7-m\libgcc.a
LOAD c:/program files (x86)/cypress/psoc creator/3.3/psoc creator/import/gnu/arm/4.9.3/bin/../lib/gcc/arm-none-eabi/4.9.3/../../../../arm-none-eabi/lib/armv7-m\libg_nano.a
LOAD c:/program files (x86)/cypress/psoc creator/3.3/psoc creator/import/gnu/arm/4.9.3/bin/../lib/gcc/arm-none-eabi/4.9.3/../../../../arm-none-eabi/lib/armv7-m\libc_nano.a
END GROUP
START GROUP
LOAD c:/program files (x86)/cypress/psoc creator/3.3/psoc creator/import/gnu/arm/4.9.3/bin/../lib/gcc/arm-none-eabi/4.9.3/armv7-m\libgcc.a
LOAD c:/program files (x86)/cypress/psoc creator/3.3/psoc creator/import/gnu/arm/4.9.3/bin/../lib/gcc/arm-none-eabi/4.9.3/../../../../arm-none-eabi/lib/armv7-m\libc_nano.a
END GROUP
LOAD c:/program files (x86)/cypress/psoc creator/3.3/psoc creator/import/gnu/arm/4.9.3/bin/../lib/gcc/arm-none-eabi/4.9.3/armv7-m/crtend.o
LOAD c:/program files (x86)/cypress/psoc creator/3.3/psoc creator/import/gnu/arm/4.9.3/bin/../lib/gcc/arm-none-eabi/4.9.3/armv7-m/crtn.o
START GROUP
LOAD c:/program files (x86)/cypress/psoc creator/3.3/psoc creator/import/gnu/arm/4.9.3/bin/../lib/gcc/arm-none-eabi/4.9.3/armv7-m\libgcc.a
LOAD c:/program files (x86)/cypress/psoc creator/3.3/psoc creator/import/gnu/arm/4.9.3/bin/../lib/gcc/arm-none-eabi/4.9.3/../../../../arm-none-eabi/lib/armv7-m\libc.a
LOAD c:/program files (x86)/cypress/psoc creator/3.3/psoc creator/import/gnu/arm/4.9.3/bin/../lib/gcc/arm-none-eabi/4.9.3/../../../../arm-none-eabi/lib/armv7-m\libnosys.a
END GROUP
                0x00000000                CY_APPL_ORIGIN = 0x0
                0x00000100                CY_FLASH_ROW_SIZE = 0x100
                0x00000020                CY_ECC_ROW_SIZE = 0x20
                0x00000000                CY_EE_IN_BTLDR = 0x0
                0x00000000                CY_APPL_LOADABLE = 0x0
                0x00000800                CY_EE_SIZE = 0x800
                0x00000001                CY_APPL_NUM = 0x1
                0x00000001                CY_APPL_MAX = 0x1
                0x00000040                CY_METADATA_SIZE = 0x40
                0x00000000                CY_APPL_LOADABLE = 0x0
                0x00000000                CY_CHECKSUM_EXCLUDE_SIZE = ALIGN (0x0, CY_FLASH_ROW_SIZE)
                0x1fffb580                PROVIDE (__cy_heap_start, _end)
                0x00000001                PROVIDE (__cy_region_num, ((__cy_regions_end - __cy_regions) / 0x10))
                0x20008000                PROVIDE (__cy_stack, (ORIGIN (ram) + 0x10000))
                0x20007800                PROVIDE (__cy_heap_end, (__cy_stack - 0x800))

.cybootloader   0x00000000        0x0
 *(.cybootloader)
                0x00000000                appl1_start = CY_APPL_ORIGIN?CY_APPL_ORIGIN:ALIGN (CY_FLASH_ROW_SIZE)
                0x0001ff00                appl2_start = (appl1_start + ALIGN ((((0x40000 - appl1_start) - (0x2 * CY_FLASH_ROW_SIZE)) / 0x2), CY_FLASH_ROW_SIZE))
                0x00000000                appl_start = (CY_APPL_NUM == 0x1)?appl1_start:appl2_start
                0x00000000                ecc_offset = ((appl_start / CY_FLASH_ROW_SIZE) * CY_ECC_ROW_SIZE)
                0x00000000                ee_offset = (CY_APPL_LOADABLE && ! (CY_EE_IN_BTLDR))?((CY_EE_SIZE / CY_APPL_MAX) * (CY_APPL_NUM - 0x1)):0x0
                0x00000800                ee_size = (CY_APPL_LOADABLE && ! (CY_EE_IN_BTLDR))?(CY_EE_SIZE / CY_APPL_MAX):CY_EE_SIZE
                0x00000000                PROVIDE (CY_ECC_OFFSET, ecc_offset)

.text           0x00000000     0x6d60
 CREATE_OBJECT_SYMBOLS
                0x00000000                PROVIDE (__cy_interrupt_vector, RomVectors)
 *(.romvectors)
 .romvectors    0x00000000       0x10 .\CortexM3\ARM_GCC_493\Debug\Cm3Start.o
                0x00000000                RomVectors
                0x00000001                ASSERT ((. != __cy_interrupt_vector), No interrupt vector)
                0x00000001                ASSERT (CY_APPL_ORIGIN?(SIZEOF (.cybootloader) <= CY_APPL_ORIGIN):0x1, Wrong image location)
                0x00000010                PROVIDE (__cy_reset, Reset)
 *(.text.Reset)
 .text.Reset    0x00000010       0x18 .\CortexM3\ARM_GCC_493\Debug\Cm3Start.o
                0x00000010                Reset
                0x00000001                ASSERT ((. != __cy_reset), No reset code)
 *(.dma_init)
                0x00000001                ASSERT ((((appl_start + .) <= 0x10000) || 0x1), DMA Init must be within the first 64k of flash)
 *(.text .text.* .gnu.linkonce.t.*)
 .text          0x00000028       0x5c c:/program files (x86)/cypress/psoc creator/3.3/psoc creator/import/gnu/arm/4.9.3/bin/../lib/gcc/arm-none-eabi/4.9.3/armv7-m/crtbegin.o
 .text.MainTask
                0x00000084       0x88 .\CortexM3\ARM_GCC_493\Debug\main.o
                0x00000084                MainTask
 .text.main     0x0000010c        0xc .\CortexM3\ARM_GCC_493\Debug\main.o
                0x0000010c                main
 .text.write8_a0
                0x00000118       0x1c .\CortexM3\ARM_GCC_493\Debug\tft.o
                0x00000118                write8_a0
 .text.write8_a1
                0x00000134       0x1c .\CortexM3\ARM_GCC_493\Debug\tft.o
                0x00000134                write8_a1
 .text.writeM8_a1
                0x00000150       0x28 .\CortexM3\ARM_GCC_493\Debug\tft.o
                0x00000150                writeM8_a1
 .text.read8_a1
                0x00000178        0x4 .\CortexM3\ARM_GCC_493\Debug\tft.o
                0x00000178                read8_a1
 .text.readM8_a1
                0x0000017c        0x4 .\CortexM3\ARM_GCC_493\Debug\tft.o
                0x0000017c                readM8_a1
 .text.tftStart
                0x00000180       0x3c .\CortexM3\ARM_GCC_493\Debug\tft.o
                0x00000180                tftStart
 .text.GUI_X_Systick_Intr
                0x000001bc       0x10 .\CortexM3\ARM_GCC_493\Debug\GUI_X.o
                0x000001bc                GUI_X_Systick_Intr
 .text.GUI_X_Systick_Init
                0x000001cc       0x34 .\CortexM3\ARM_GCC_493\Debug\GUI_X.o
                0x000001cc                GUI_X_Systick_Init
 .text.GUI_X_Init
                0x00000200        0x8 .\CortexM3\ARM_GCC_493\Debug\GUI_X.o
                0x00000200                GUI_X_Init
 .text.GUI_X_Config
                0x00000208       0x1c .\CortexM3\ARM_GCC_493\Debug\GUIConf.o
                0x00000208                GUI_X_Config
 .text._InitController
                0x00000224        0x8 .\CortexM3\ARM_GCC_493\Debug\LCDConf.o
 .text.LCD_X_Config
                0x0000022c       0x94 .\CortexM3\ARM_GCC_493\Debug\LCDConf.o
                0x0000022c                LCD_X_Config
 .text.LCD_X_DisplayDriver
                0x000002c0       0x14 .\CortexM3\ARM_GCC_493\Debug\LCDConf.o
                0x000002c0                LCD_X_DisplayDriver
 .text.Connect4Board_DrawGrid
                0x000002d4       0x98 .\CortexM3\ARM_GCC_493\Debug\Connect4Board.o
                0x000002d4                Connect4Board_DrawGrid
 .text.Connect4Board_Init
                0x0000036c       0x44 .\CortexM3\ARM_GCC_493\Debug\Connect4Board.o
                0x0000036c                Connect4Board_Init
 .text.Connect4Board_GetColumnPosX
                0x000003b0       0x10 .\CortexM3\ARM_GCC_493\Debug\Connect4Board.o
                0x000003b0                Connect4Board_GetColumnPosX
 .text.Connect4Board_GetRowPosY
                0x000003c0       0x10 .\CortexM3\ARM_GCC_493\Debug\Connect4Board.o
                0x000003c0                Connect4Board_GetRowPosY
 .text.Connect4Board_HighlightColumn
                0x000003d0       0xc4 .\CortexM3\ARM_GCC_493\Debug\Connect4Board.o
                0x000003d0                Connect4Board_HighlightColumn
 .text.XPT2046_ReadPos
                0x00000494       0xa4 .\CortexM3\ARM_GCC_493\Debug\XPT2046.o
                0x00000494                XPT2046_ReadPos
 .text.XPT2046_ReadXY
                0x00000538       0xd4 .\CortexM3\ARM_GCC_493\Debug\XPT2046.o
                0x00000538                XPT2046_ReadXY
 .text.IntDefaultHandler
                0x0000060c        0x4 .\CortexM3\ARM_GCC_493\Debug\Cm3Start.o
                0x0000060c                IntDefaultHandler
 .text.Start_c  0x00000610       0x4c .\CortexM3\ARM_GCC_493\Debug\Cm3Start.o
                0x00000610                Start_c
 .text.initialize_psoc
                0x0000065c       0x74 .\CortexM3\ARM_GCC_493\Debug\Cm3Start.o
                0x0000065c                initialize_psoc
 .text.CyClockStartupError
                0x000006d0        0x4 .\CortexM3\ARM_GCC_493\Debug\ConnectFour.a(cyfitter_cfg.o)
 .text.cfg_write_bytes32
                0x000006d4       0x34 .\CortexM3\ARM_GCC_493\Debug\ConnectFour.a(cyfitter_cfg.o)
 .text.AnalogSetDefault
                0x00000708       0x28 .\CortexM3\ARM_GCC_493\Debug\ConnectFour.a(cyfitter_cfg.o)
 .text.CYMEMZERO
                0x00000730        0xc .\CortexM3\ARM_GCC_493\Debug\ConnectFour.a(cyfitter_cfg.o)
 .text.ClockSetup
                0x0000073c       0xbc .\CortexM3\ARM_GCC_493\Debug\ConnectFour.a(cyfitter_cfg.o)
 .text.CYCONFIGCPY
                0x000007f8        0x8 .\CortexM3\ARM_GCC_493\Debug\ConnectFour.a(cyfitter_cfg.o)
 .text.cyfitter_cfg
                0x00000800      0x104 .\CortexM3\ARM_GCC_493\Debug\ConnectFour.a(cyfitter_cfg.o)
                0x00000800                cyfitter_cfg
 .text.SPIM_1_Enable
                0x00000904       0x30 .\CortexM3\ARM_GCC_493\Debug\ConnectFour.a(SPIM_1.o)
                0x00000904                SPIM_1_Enable
 .text.SPIM_1_ReadTxStatus
                0x00000934        0xc .\CortexM3\ARM_GCC_493\Debug\ConnectFour.a(SPIM_1.o)
                0x00000934                SPIM_1_ReadTxStatus
 .text.SPIM_1_ReadRxStatus
                0x00000940        0xc .\CortexM3\ARM_GCC_493\Debug\ConnectFour.a(SPIM_1.o)
                0x00000940                SPIM_1_ReadRxStatus
 .text.SPIM_1_WriteTxData
                0x0000094c       0x18 .\CortexM3\ARM_GCC_493\Debug\ConnectFour.a(SPIM_1.o)
                0x0000094c                SPIM_1_WriteTxData
 .text.SPIM_1_ClearFIFO
                0x00000964       0x3c .\CortexM3\ARM_GCC_493\Debug\ConnectFour.a(SPIM_1.o)
                0x00000964                SPIM_1_ClearFIFO
 .text.SPIM_1_Init
                0x000009a0       0x28 .\CortexM3\ARM_GCC_493\Debug\ConnectFour.a(SPIM_1.o)
                0x000009a0                SPIM_1_Init
 .text.SPIM_1_Start
                0x000009c8       0x1c .\CortexM3\ARM_GCC_493\Debug\ConnectFour.a(SPIM_1.o)
                0x000009c8                SPIM_1_Start
 .text.DC_Write
                0x000009e4       0x18 .\CortexM3\ARM_GCC_493\Debug\ConnectFour.a(DC.o)
                0x000009e4                DC_Write
 *fill*         0x000009fc        0x4 
 .text          0x00000a00       0x20 .\CortexM3\ARM_GCC_493\Debug\ConnectFour.a(CyBootAsmGnu.o)
                0x00000a00                CyDelayCycles
                0x00000a10                CyEnterCriticalSection
                0x00000a18                CyExitCriticalSection
 .text.CyHalt   0x00000a20        0x4 .\CortexM3\ARM_GCC_493\Debug\ConnectFour.a(CyLib.o)
                0x00000a20                CyHalt
 .text.CyDelay  0x00000a24       0x2c .\CortexM3\ARM_GCC_493\Debug\ConnectFour.a(CyLib.o)
                0x00000a24                CyDelay
 .text.CyDelayUs
                0x00000a50       0x14 .\CortexM3\ARM_GCC_493\Debug\ConnectFour.a(CyLib.o)
                0x00000a50                CyDelayUs
 .text.CyIntSetSysVector
                0x00000a64       0x28 .\CortexM3\ARM_GCC_493\Debug\ConnectFour.a(CyLib.o)
                0x00000a64                CyIntSetSysVector
 .text.CyIntSetVector
                0x00000a8c       0x28 .\CortexM3\ARM_GCC_493\Debug\ConnectFour.a(CyLib.o)
                0x00000a8c                CyIntSetVector
 .text.CyIntSetPriority
                0x00000ab4       0x30 .\CortexM3\ARM_GCC_493\Debug\ConnectFour.a(CyLib.o)
                0x00000ab4                CyIntSetPriority
 .text.CySysTickEnableInterrupt
                0x00000ae4       0x10 .\CortexM3\ARM_GCC_493\Debug\ConnectFour.a(CyLib.o)
                0x00000ae4                CySysTickEnableInterrupt
 .text.CySysTickEnable
                0x00000af4       0x18 .\CortexM3\ARM_GCC_493\Debug\ConnectFour.a(CyLib.o)
                0x00000af4                CySysTickEnable
 .text.CySysTickSetReload
                0x00000b0c       0x10 .\CortexM3\ARM_GCC_493\Debug\ConnectFour.a(CyLib.o)
                0x00000b0c                CySysTickSetReload
 .text.CySysTickSetClockSource
                0x00000b1c       0x20 .\CortexM3\ARM_GCC_493\Debug\ConnectFour.a(CyLib.o)
                0x00000b1c                CySysTickSetClockSource
 .text.CySysTickGetCountFlag
                0x00000b3c       0x10 .\CortexM3\ARM_GCC_493\Debug\ConnectFour.a(CyLib.o)
                0x00000b3c                CySysTickGetCountFlag
 .text.CySysTickServiceCallbacks
                0x00000b4c       0x28 .\CortexM3\ARM_GCC_493\Debug\ConnectFour.a(CyLib.o)
 .text.CySysTickClear
                0x00000b74        0xc .\CortexM3\ARM_GCC_493\Debug\ConnectFour.a(CyLib.o)
                0x00000b74                CySysTickClear
 .text.CySysTickInit
                0x00000b80       0x58 .\CortexM3\ARM_GCC_493\Debug\ConnectFour.a(CyLib.o)
                0x00000b80                CySysTickInit
 .text.CySysTickStart
                0x00000bd8       0x1c .\CortexM3\ARM_GCC_493\Debug\ConnectFour.a(CyLib.o)
                0x00000bd8                CySysTickStart
 .text.CySysTickSetCallback
                0x00000bf4       0x10 .\CortexM3\ARM_GCC_493\Debug\ConnectFour.a(CyLib.o)
                0x00000bf4                CySysTickSetCallback
 .text.CySysTickGetCallback
                0x00000c04       0x10 .\CortexM3\ARM_GCC_493\Debug\ConnectFour.a(CyLib.o)
                0x00000c04                CySysTickGetCallback
 .text.CyGetUniqueId
                0x00000c14       0x70 .\CortexM3\ARM_GCC_493\Debug\ConnectFour.a(CyLib.o)
                0x00000c14                CyGetUniqueId
 .text.T_IRQ_Read
                0x00000c84       0x10 .\CortexM3\ARM_GCC_493\Debug\ConnectFour.a(T_IRQ.o)
                0x00000c84                T_IRQ_Read
 .text.T_DIN_Write
                0x00000c94       0x18 .\CortexM3\ARM_GCC_493\Debug\ConnectFour.a(T_DIN.o)
                0x00000c94                T_DIN_Write
 .text.T_CLK_Write
                0x00000cac       0x18 .\CortexM3\ARM_GCC_493\Debug\ConnectFour.a(T_CLK.o)
                0x00000cac                T_CLK_Write
 .text.T_CS_Write
                0x00000cc4       0x18 .\CortexM3\ARM_GCC_493\Debug\ConnectFour.a(T_CS.o)
                0x00000cc4                T_CS_Write
 .text.T_DO_Read
                0x00000cdc       0x10 .\CortexM3\ARM_GCC_493\Debug\ConnectFour.a(T_DO.o)
                0x00000cdc                T_DO_Read
 .text.USBUART_Init
                0x00000cec      0x140 .\CortexM3\ARM_GCC_493\Debug\ConnectFour.a(USBUART.o)
                0x00000cec                USBUART_Init
 .text.USBUART_InitComponent
                0x00000e2c       0xb8 .\CortexM3\ARM_GCC_493\Debug\ConnectFour.a(USBUART.o)
                0x00000e2c                USBUART_InitComponent
 .text.USBUART_Start
                0x00000ee4       0x24 .\CortexM3\ARM_GCC_493\Debug\ConnectFour.a(USBUART.o)
                0x00000ee4                USBUART_Start
 .text.USBUART_ReInitComponent
                0x00000f08       0x4c .\CortexM3\ARM_GCC_493\Debug\ConnectFour.a(USBUART.o)
                0x00000f08                USBUART_ReInitComponent
 .text.USBUART_LoadInEP
                0x00000f54       0x94 .\CortexM3\ARM_GCC_493\Debug\ConnectFour.a(USBUART.o)
                0x00000f54                USBUART_LoadInEP
 .text.USBUART_StrLen
                0x00000fe8       0x14 .\CortexM3\ARM_GCC_493\Debug\ConnectFour.a(USBUART_cdc.o)
 .text.USBUART_GetInterfaceComPort
                0x00000ffc       0x3c .\CortexM3\ARM_GCC_493\Debug\ConnectFour.a(USBUART_cdc.o)
                0x00000ffc                USBUART_GetInterfaceComPort
 .text.USBUART_DispatchCDCClassRqst
                0x00001038       0x98 .\CortexM3\ARM_GCC_493\Debug\ConnectFour.a(USBUART_cdc.o)
                0x00001038                USBUART_DispatchCDCClassRqst
 .text.USBUART_PutString
                0x000010d0       0x9c .\CortexM3\ARM_GCC_493\Debug\ConnectFour.a(USBUART_cdc.o)
                0x000010d0                USBUART_PutString
 .text.USBUART_Cdc_EpInit
                0x0000116c       0x50 .\CortexM3\ARM_GCC_493\Debug\ConnectFour.a(USBUART_cdc.o)
                0x0000116c                USBUART_Cdc_EpInit
 .text.USBUART_LoadEP0
                0x000011bc       0x94 .\CortexM3\ARM_GCC_493\Debug\ConnectFour.a(USBUART_drv.o)
                0x000011bc                USBUART_LoadEP0
 .text.USBUART_InitZeroLengthControlTransfer
                0x00001250       0x34 .\CortexM3\ARM_GCC_493\Debug\ConnectFour.a(USBUART_drv.o)
                0x00001250                USBUART_InitZeroLengthControlTransfer
 .text.USBUART_ControlReadDataStage
                0x00001284        0x8 .\CortexM3\ARM_GCC_493\Debug\ConnectFour.a(USBUART_drv.o)
                0x00001284                USBUART_ControlReadDataStage
 .text.USBUART_ControlWriteDataStage
                0x0000128c       0x80 .\CortexM3\ARM_GCC_493\Debug\ConnectFour.a(USBUART_drv.o)
                0x0000128c                USBUART_ControlWriteDataStage
 .text.USBUART_InitNoDataControlTransfer
                0x0000130c       0x2c .\CortexM3\ARM_GCC_493\Debug\ConnectFour.a(USBUART_drv.o)
                0x0000130c                USBUART_InitNoDataControlTransfer
 .text.USBUART_UpdateStatusBlock
                0x00001338       0x24 .\CortexM3\ARM_GCC_493\Debug\ConnectFour.a(USBUART_drv.o)
                0x00001338                USBUART_UpdateStatusBlock
 .text.USBUART_HandleSetup
                0x0000135c       0x5c .\CortexM3\ARM_GCC_493\Debug\ConnectFour.a(USBUART_drv.o)
                0x0000135c                USBUART_HandleSetup
 .text.USBUART_ControlReadStatusStage
                0x000013b8       0x34 .\CortexM3\ARM_GCC_493\Debug\ConnectFour.a(USBUART_drv.o)
                0x000013b8                USBUART_ControlReadStatusStage
 .text.USBUART_HandleOUT
                0x000013ec       0x38 .\CortexM3\ARM_GCC_493\Debug\ConnectFour.a(USBUART_drv.o)
                0x000013ec                USBUART_HandleOUT
 .text.USBUART_ControlWriteStatusStage
                0x00001424       0x20 .\CortexM3\ARM_GCC_493\Debug\ConnectFour.a(USBUART_drv.o)
                0x00001424                USBUART_ControlWriteStatusStage
 .text.USBUART_NoDataControlStatusStage
                0x00001444       0x40 .\CortexM3\ARM_GCC_493\Debug\ConnectFour.a(USBUART_drv.o)
                0x00001444                USBUART_NoDataControlStatusStage
 .text.USBUART_HandleIN
                0x00001484       0x2c .\CortexM3\ARM_GCC_493\Debug\ConnectFour.a(USBUART_drv.o)
                0x00001484                USBUART_HandleIN
 .text.USBUART_EP_0_ISR
                0x000014b0       0xb8 .\CortexM3\ARM_GCC_493\Debug\ConnectFour.a(USBUART_drv.o)
                0x000014b0                USBUART_EP_0_ISR
 .text.USBUART_InitializeStatusBlock
                0x00001568       0x24 .\CortexM3\ARM_GCC_493\Debug\ConnectFour.a(USBUART_drv.o)
                0x00001568                USBUART_InitializeStatusBlock
 .text.USBUART_InitControlRead
                0x0000158c       0x50 .\CortexM3\ARM_GCC_493\Debug\ConnectFour.a(USBUART_drv.o)
                0x0000158c                USBUART_InitControlRead
 .text.USBUART_InitControlWrite
                0x000015dc       0x48 .\CortexM3\ARM_GCC_493\Debug\ConnectFour.a(USBUART_drv.o)
                0x000015dc                USBUART_InitControlWrite
 .text.USBUART_EP_1_ISR
                0x00001624       0x38 .\CortexM3\ARM_GCC_493\Debug\ConnectFour.a(USBUART_episr.o)
                0x00001624                USBUART_EP_1_ISR
 .text.USBUART_EP_2_ISR
                0x0000165c       0x3c .\CortexM3\ARM_GCC_493\Debug\ConnectFour.a(USBUART_episr.o)
                0x0000165c                USBUART_EP_2_ISR
 .text.USBUART_EP_3_ISR
                0x00001698       0x44 .\CortexM3\ARM_GCC_493\Debug\ConnectFour.a(USBUART_episr.o)
                0x00001698                USBUART_EP_3_ISR
 .text.USBUART_SOF_ISR
                0x000016dc        0x4 .\CortexM3\ARM_GCC_493\Debug\ConnectFour.a(USBUART_episr.o)
                0x000016dc                USBUART_SOF_ISR
 .text.USBUART_BUS_RESET_ISR
                0x000016e0        0x8 .\CortexM3\ARM_GCC_493\Debug\ConnectFour.a(USBUART_episr.o)
                0x000016e0                USBUART_BUS_RESET_ISR
 .text.USBUART_DP_ISR
                0x000016e8        0x8 .\CortexM3\ARM_GCC_493\Debug\ConnectFour.a(USBUART_pm.o)
                0x000016e8                USBUART_DP_ISR
 .text.USBUART_ReadDieID
                0x000016f0       0x6c .\CortexM3\ARM_GCC_493\Debug\ConnectFour.a(USBUART_std.o)
                0x000016f0                USBUART_ReadDieID
 .text.USBUART_ConfigReg
                0x0000175c       0xa4 .\CortexM3\ARM_GCC_493\Debug\ConnectFour.a(USBUART_std.o)
                0x0000175c                USBUART_ConfigReg
 .text.USBUART_GetConfigTablePtr
                0x00001800       0x28 .\CortexM3\ARM_GCC_493\Debug\ConnectFour.a(USBUART_std.o)
                0x00001800                USBUART_GetConfigTablePtr
 .text.USBUART_ConfigAltChanged
                0x00001828      0x11c .\CortexM3\ARM_GCC_493\Debug\ConnectFour.a(USBUART_std.o)
                0x00001828                USBUART_ConfigAltChanged
 .text.USBUART_GetDeviceTablePtr
                0x00001944       0x18 .\CortexM3\ARM_GCC_493\Debug\ConnectFour.a(USBUART_std.o)
                0x00001944                USBUART_GetDeviceTablePtr
 .text.USBUART_GetInterfaceClassTablePtr
                0x0000195c       0x24 .\CortexM3\ARM_GCC_493\Debug\ConnectFour.a(USBUART_std.o)
                0x0000195c                USBUART_GetInterfaceClassTablePtr
 .text.USBUART_Config
                0x00001980      0x1e4 .\CortexM3\ARM_GCC_493\Debug\ConnectFour.a(USBUART_std.o)
                0x00001980                USBUART_Config
 .text.USBUART_SetEndpointHalt
                0x00001b64       0x64 .\CortexM3\ARM_GCC_493\Debug\ConnectFour.a(USBUART_std.o)
                0x00001b64                USBUART_SetEndpointHalt
 .text.USBUART_ClearEndpointHalt
                0x00001bc8       0xa8 .\CortexM3\ARM_GCC_493\Debug\ConnectFour.a(USBUART_std.o)
                0x00001bc8                USBUART_ClearEndpointHalt
 .text.USBUART_ValidateAlternateSetting
                0x00001c70       0x4c .\CortexM3\ARM_GCC_493\Debug\ConnectFour.a(USBUART_std.o)
                0x00001c70                USBUART_ValidateAlternateSetting
 .text.USBUART_HandleStandardRqst
                0x00001cbc      0x350 .\CortexM3\ARM_GCC_493\Debug\ConnectFour.a(USBUART_std.o)
                0x00001cbc                USBUART_HandleStandardRqst
 .text.USBUART_HandleVendorRqst
                0x0000200c       0x18 .\CortexM3\ARM_GCC_493\Debug\ConnectFour.a(USBUART_vnd.o)
                0x0000200c                USBUART_HandleVendorRqst
 .text.USBUART_Dp_ClearInterrupt
                0x00002024       0x10 .\CortexM3\ARM_GCC_493\Debug\ConnectFour.a(USBUART_Dp.o)
                0x00002024                USBUART_Dp_ClearInterrupt
 .text.USBUART_DispatchClassRqst
                0x00002034       0x58 .\CortexM3\ARM_GCC_493\Debug\ConnectFour.a(USBUART_cls.o)
                0x00002034                USBUART_DispatchClassRqst
 .text._PushFreeBlock
                0x0000208c       0x24 ..\emWinGraphics_v5_46\LinkLibrary\PSoC5\GCC\libemWin_nosts_cm3_gcc.a(GUI_Alloc.o)
 .text._RemoveFreeBlock
                0x000020b0       0x40 ..\emWinGraphics_v5_46\LinkLibrary\PSoC5\GCC\libemWin_nosts_cm3_gcc.a(GUI_Alloc.o)
 .text._AddFreeMemory
                0x000020f0       0xa4 ..\emWinGraphics_v5_46\LinkLibrary\PSoC5\GCC\libemWin_nosts_cm3_gcc.a(GUI_Alloc.o)
 .text._RemoveHoles
                0x00002194       0x98 ..\emWinGraphics_v5_46\LinkLibrary\PSoC5\GCC\libemWin_nosts_cm3_gcc.a(GUI_Alloc.o)
 .text.GUI_ALLOC_FreeFixedBlock
                0x0000222c       0x14 ..\emWinGraphics_v5_46\LinkLibrary\PSoC5\GCC\libemWin_nosts_cm3_gcc.a(GUI_Alloc.o)
                0x0000222c                GUI_ALLOC_FreeFixedBlock
 .text.GUI_ALLOC_h2p
                0x00002240       0x14 ..\emWinGraphics_v5_46\LinkLibrary\PSoC5\GCC\libemWin_nosts_cm3_gcc.a(GUI_Alloc.o)
                0x00002240                GUI_ALLOC_h2p
 .text.GUI_ALLOC_LockH
                0x00002254       0x1c ..\emWinGraphics_v5_46\LinkLibrary\PSoC5\GCC\libemWin_nosts_cm3_gcc.a(GUI_Alloc.o)
                0x00002254                GUI_ALLOC_LockH
 .text.GUI_ALLOC_UnlockH
                0x00002270       0x30 ..\emWinGraphics_v5_46\LinkLibrary\PSoC5\GCC\libemWin_nosts_cm3_gcc.a(GUI_Alloc.o)
                0x00002270                GUI_ALLOC_UnlockH
 .text.GUI_ALLOC_AssignMemory
                0x000022a0       0x10 ..\emWinGraphics_v5_46\LinkLibrary\PSoC5\GCC\libemWin_nosts_cm3_gcc.a(GUI_Alloc.o)
                0x000022a0                GUI_ALLOC_AssignMemory
 .text.GUI_ALLOC_Free
                0x000022b0       0x28 ..\emWinGraphics_v5_46\LinkLibrary\PSoC5\GCC\libemWin_nosts_cm3_gcc.a(GUI_Alloc.o)
                0x000022b0                GUI_ALLOC_Free
 .text._EnlargeBlocks
                0x000022d8       0x9c ..\emWinGraphics_v5_46\LinkLibrary\PSoC5\GCC\libemWin_nosts_cm3_gcc.a(GUI_Alloc.o)
 .text._InitOnce
                0x00002374       0x6c ..\emWinGraphics_v5_46\LinkLibrary\PSoC5\GCC\libemWin_nosts_cm3_gcc.a(GUI_Alloc.o)
 .text.GUI_ALLOC_GetFixedBlock
                0x000023e0       0xa4 ..\emWinGraphics_v5_46\LinkLibrary\PSoC5\GCC\libemWin_nosts_cm3_gcc.a(GUI_Alloc.o)
                0x000023e0                GUI_ALLOC_GetFixedBlock
 .text._Alloc   0x00002484       0xf0 ..\emWinGraphics_v5_46\LinkLibrary\PSoC5\GCC\libemWin_nosts_cm3_gcc.a(GUI_Alloc.o)
 .text.GUI_ALLOC_AllocNoInit
                0x00002574        0x8 ..\emWinGraphics_v5_46\LinkLibrary\PSoC5\GCC\libemWin_nosts_cm3_gcc.a(GUI_Alloc.o)
                0x00002574                GUI_ALLOC_AllocNoInit
 .text.GUI_ALLOC_AllocZero
                0x0000257c       0x30 ..\emWinGraphics_v5_46\LinkLibrary\PSoC5\GCC\libemWin_nosts_cm3_gcc.a(GUI_Alloc.o)
                0x0000257c                GUI_ALLOC_AllocZero
 .text.GUIMONO_DispChar
                0x000025ac      0x13c ..\emWinGraphics_v5_46\LinkLibrary\PSoC5\GCC\libemWin_nosts_cm3_gcc.a(GUI_CharM.o)
                0x000025ac                GUIMONO_DispChar
 .text.GUIMONO_GetCharDistX
                0x000026e8       0x18 ..\emWinGraphics_v5_46\LinkLibrary\PSoC5\GCC\libemWin_nosts_cm3_gcc.a(GUI_CharM.o)
                0x000026e8                GUIMONO_GetCharDistX
 .text.GUIMONO_GetFontInfo
                0x00002700        0x6 ..\emWinGraphics_v5_46\LinkLibrary\PSoC5\GCC\libemWin_nosts_cm3_gcc.a(GUI_CharM.o)
                0x00002700                GUIMONO_GetFontInfo
 .text.GUIMONO_IsInFont
                0x00002706       0x36 ..\emWinGraphics_v5_46\LinkLibrary\PSoC5\GCC\libemWin_nosts_cm3_gcc.a(GUI_CharM.o)
                0x00002706                GUIMONO_IsInFont
 .text.GUI_CalcColorDist
                0x0000273c       0x4e ..\emWinGraphics_v5_46\LinkLibrary\PSoC5\GCC\libemWin_nosts_cm3_gcc.a(GUI_Common.o)
                0x0000273c                GUI_CalcColorDist
 .text.GUI_MergeRect
                0x0000278a       0x56 ..\emWinGraphics_v5_46\LinkLibrary\PSoC5\GCC\libemWin_nosts_cm3_gcc.a(GUI_Common.o)
                0x0000278a                GUI_MergeRect
 .text.GUI_MoveRect
                0x000027e0       0x20 ..\emWinGraphics_v5_46\LinkLibrary\PSoC5\GCC\libemWin_nosts_cm3_gcc.a(GUI_Common.o)
                0x000027e0                GUI_MoveRect
 .text.GUI_GotoXY
                0x00002800       0x10 ..\emWinGraphics_v5_46\LinkLibrary\PSoC5\GCC\libemWin_nosts_cm3_gcc.a(GUI_Common.o)
                0x00002800                GUI_GotoXY
 .text.GUI_RectsIntersect
                0x00002810       0x3a ..\emWinGraphics_v5_46\LinkLibrary\PSoC5\GCC\libemWin_nosts_cm3_gcc.a(GUI_Common.o)
                0x00002810                GUI_RectsIntersect
 .text.GUI_SelectLCD
                0x0000284a       0x12 ..\emWinGraphics_v5_46\LinkLibrary\PSoC5\GCC\libemWin_nosts_cm3_gcc.a(GUI_Common.o)
                0x0000284a                GUI_SelectLCD
 .text.GUI_SetBkColor
                0x0000285c        0x4 ..\emWinGraphics_v5_46\LinkLibrary\PSoC5\GCC\libemWin_nosts_cm3_gcc.a(GUI_Common.o)
                0x0000285c                GUI_SetBkColor
 .text.GUI_SetColor
                0x00002860        0x4 ..\emWinGraphics_v5_46\LinkLibrary\PSoC5\GCC\libemWin_nosts_cm3_gcc.a(GUI_Common.o)
                0x00002860                GUI_SetColor
 .text.GUI_SetOrg
                0x00002864       0x38 ..\emWinGraphics_v5_46\LinkLibrary\PSoC5\GCC\libemWin_nosts_cm3_gcc.a(GUI_Common.o)
                0x00002864                GUI_SetOrg
 .text._OnExit  0x0000289c       0x48 ..\emWinGraphics_v5_46\LinkLibrary\PSoC5\GCC\libemWin_nosts_cm3_gcc.a(GUI_Core.o)
 .text.GUI_SetDefaultFont
                0x000028e4        0xc ..\emWinGraphics_v5_46\LinkLibrary\PSoC5\GCC\libemWin_nosts_cm3_gcc.a(GUI_Core.o)
                0x000028e4                GUI_SetDefaultFont
 .text.GUI_ClearRect
                0x000028f0       0x60 ..\emWinGraphics_v5_46\LinkLibrary\PSoC5\GCC\libemWin_nosts_cm3_gcc.a(GUI_Core.o)
                0x000028f0                GUI_ClearRect
 .text.GUI_Clear
                0x00002950       0x20 ..\emWinGraphics_v5_46\LinkLibrary\PSoC5\GCC\libemWin_nosts_cm3_gcc.a(GUI_Core.o)
                0x00002950                GUI_Clear
 .text.GUI__RegisterExit
                0x00002970       0x10 ..\emWinGraphics_v5_46\LinkLibrary\PSoC5\GCC\libemWin_nosts_cm3_gcc.a(GUI_Core.o)
                0x00002970                GUI__RegisterExit
 .text.GUI__Config
                0x00002980       0x30 ..\emWinGraphics_v5_46\LinkLibrary\PSoC5\GCC\libemWin_nosts_cm3_gcc.a(GUI_Core.o)
                0x00002980                GUI__Config
 .text.GUI_Init
                0x000029b0       0xec ..\emWinGraphics_v5_46\LinkLibrary\PSoC5\GCC\libemWin_nosts_cm3_gcc.a(GUI_Core.o)
                0x000029b0                GUI_Init
 .text.GUI_DEVICE__GetpDriver
                0x00002a9c       0x20 ..\emWinGraphics_v5_46\LinkLibrary\PSoC5\GCC\libemWin_nosts_cm3_gcc.a(GUI_Device.o)
                0x00002a9c                GUI_DEVICE__GetpDriver
 .text.GUI_DEVICE_Delete
                0x00002abc        0x4 ..\emWinGraphics_v5_46\LinkLibrary\PSoC5\GCC\libemWin_nosts_cm3_gcc.a(GUI_Device.o)
                0x00002abc                GUI_DEVICE_Delete
 .text.GUI_DEVICE_Create
                0x00002ac0       0x48 ..\emWinGraphics_v5_46\LinkLibrary\PSoC5\GCC\libemWin_nosts_cm3_gcc.a(GUI_Device.o)
                0x00002ac0                GUI_DEVICE_Create
 .text.GUI_DEVICE_Unlink
                0x00002b08       0x30 ..\emWinGraphics_v5_46\LinkLibrary\PSoC5\GCC\libemWin_nosts_cm3_gcc.a(GUI_Device.o)
                0x00002b08                GUI_DEVICE_Unlink
 .text.GUI_DEVICE_Link
                0x00002b38       0x84 ..\emWinGraphics_v5_46\LinkLibrary\PSoC5\GCC\libemWin_nosts_cm3_gcc.a(GUI_Device.o)
                0x00002b38                GUI_DEVICE_Link
 .text.GUI_DEVICE_CreateAndLink
                0x00002bbc       0x28 ..\emWinGraphics_v5_46\LinkLibrary\PSoC5\GCC\libemWin_nosts_cm3_gcc.a(GUI_Device.o)
                0x00002bbc                GUI_DEVICE_CreateAndLink
 .text.GUI_FillRect
                0x00002be4       0x44 ..\emWinGraphics_v5_46\LinkLibrary\PSoC5\GCC\libemWin_nosts_cm3_gcc.a(GUI_DrawLib.o)
                0x00002be4                GUI_FillRect
 .text.GUI_StoreKey
                0x00002c28       0x10 ..\emWinGraphics_v5_46\LinkLibrary\PSoC5\GCC\libemWin_nosts_cm3_gcc.a(GUI_OnKey.o)
                0x00002c28                GUI_StoreKey
 .text._GetCharCode
                0x00002c38        0x4 ..\emWinGraphics_v5_46\LinkLibrary\PSoC5\GCC\libemWin_nosts_cm3_gcc.a(GUI_UC_EncodeNone.o)
 .text._GetCharSize
                0x00002c3c        0x4 ..\emWinGraphics_v5_46\LinkLibrary\PSoC5\GCC\libemWin_nosts_cm3_gcc.a(GUI_UC_EncodeNone.o)
 .text._CalcSizeOfChar
                0x00002c40        0x4 ..\emWinGraphics_v5_46\LinkLibrary\PSoC5\GCC\libemWin_nosts_cm3_gcc.a(GUI_UC_EncodeNone.o)
 .text._Encode  0x00002c44        0x6 ..\emWinGraphics_v5_46\LinkLibrary\PSoC5\GCC\libemWin_nosts_cm3_gcc.a(GUI_UC_EncodeNone.o)
 *fill*         0x00002c4a        0x2 
 .text.GUI_SignalEvent
                0x00002c4c       0x10 ..\emWinGraphics_v5_46\LinkLibrary\PSoC5\GCC\libemWin_nosts_cm3_gcc.a(GUI_WaitEvent.o)
                0x00002c4c                GUI_SignalEvent
 .text.LCD_Index2Color_565
                0x00002c5c       0x28 ..\emWinGraphics_v5_46\LinkLibrary\PSoC5\GCC\libemWin_nosts_cm3_gcc.a(GUICC_565.o)
                0x00002c5c                LCD_Index2Color_565
 .text._Color2Index_565
                0x00002c84       0x28 ..\emWinGraphics_v5_46\LinkLibrary\PSoC5\GCC\libemWin_nosts_cm3_gcc.a(GUICC_565.o)
 .text._GetIndexMask_565
                0x00002cac        0x6 ..\emWinGraphics_v5_46\LinkLibrary\PSoC5\GCC\libemWin_nosts_cm3_gcc.a(GUICC_565.o)
 *fill*         0x00002cb2        0x2 
 .text._Color2IndexBulk
                0x00002cb4       0x3c ..\emWinGraphics_v5_46\LinkLibrary\PSoC5\GCC\libemWin_nosts_cm3_gcc.a(GUICC_565.o)
 .text._Index2ColorBulk
                0x00002cf0       0x4c ..\emWinGraphics_v5_46\LinkLibrary\PSoC5\GCC\libemWin_nosts_cm3_gcc.a(GUICC_565.o)
 .text._Log2PhysY_X1Y0S0
                0x00002d3c        0x4 ..\emWinGraphics_v5_46\LinkLibrary\PSoC5\GCC\libemWin_nosts_cm3_gcc.a(GUIDRV_FlexColor.o)
 .text._Log2PhysY_X1Y1S0
                0x00002d40        0x8 ..\emWinGraphics_v5_46\LinkLibrary\PSoC5\GCC\libemWin_nosts_cm3_gcc.a(GUIDRV_FlexColor.o)
 .text._Log2PhysY_X1Y0S1
                0x00002d48        0x4 ..\emWinGraphics_v5_46\LinkLibrary\PSoC5\GCC\libemWin_nosts_cm3_gcc.a(GUIDRV_FlexColor.o)
 .text._Log2PhysY_X1Y1S1
                0x00002d4c        0x8 ..\emWinGraphics_v5_46\LinkLibrary\PSoC5\GCC\libemWin_nosts_cm3_gcc.a(GUIDRV_FlexColor.o)
 .text._SetPixelIndex
                0x00002d54        0xe ..\emWinGraphics_v5_46\LinkLibrary\PSoC5\GCC\libemWin_nosts_cm3_gcc.a(GUIDRV_FlexColor.o)
 .text._GetPixelIndex
                0x00002d62        0x8 ..\emWinGraphics_v5_46\LinkLibrary\PSoC5\GCC\libemWin_nosts_cm3_gcc.a(GUIDRV_FlexColor.o)
 .text._XorPixel
                0x00002d6a       0x24 ..\emWinGraphics_v5_46\LinkLibrary\PSoC5\GCC\libemWin_nosts_cm3_gcc.a(GUIDRV_FlexColor.o)
 .text._DrawHLine
                0x00002d8e       0x10 ..\emWinGraphics_v5_46\LinkLibrary\PSoC5\GCC\libemWin_nosts_cm3_gcc.a(GUIDRV_FlexColor.o)
 .text._DrawVLine
                0x00002d9e       0x12 ..\emWinGraphics_v5_46\LinkLibrary\PSoC5\GCC\libemWin_nosts_cm3_gcc.a(GUIDRV_FlexColor.o)
 .text._FillRect
                0x00002db0        0xe ..\emWinGraphics_v5_46\LinkLibrary\PSoC5\GCC\libemWin_nosts_cm3_gcc.a(GUIDRV_FlexColor.o)
 .text._DrawBitmap
                0x00002dbe        0xe ..\emWinGraphics_v5_46\LinkLibrary\PSoC5\GCC\libemWin_nosts_cm3_gcc.a(GUIDRV_FlexColor.o)
 .text._GetDevFunc_SetRect
                0x00002dcc        0x2 ..\emWinGraphics_v5_46\LinkLibrary\PSoC5\GCC\libemWin_nosts_cm3_gcc.a(GUIDRV_FlexColor.o)
 *fill*         0x00002dce        0x2 
 .text._GetDevFunc_SetRectOutside
                0x00002dd0       0x40 ..\emWinGraphics_v5_46\LinkLibrary\PSoC5\GCC\libemWin_nosts_cm3_gcc.a(GUIDRV_FlexColor.o)
 .text._ReadPixelCust_16bpp
                0x00002e10        0xa ..\emWinGraphics_v5_46\LinkLibrary\PSoC5\GCC\libemWin_nosts_cm3_gcc.a(GUIDRV_FlexColor.o)
 .text._ReadPixelCust_18bpp
                0x00002e1a        0xa ..\emWinGraphics_v5_46\LinkLibrary\PSoC5\GCC\libemWin_nosts_cm3_gcc.a(GUIDRV_FlexColor.o)
 .text._ReadRectCust_16bpp
                0x00002e24       0x3a ..\emWinGraphics_v5_46\LinkLibrary\PSoC5\GCC\libemWin_nosts_cm3_gcc.a(GUIDRV_FlexColor.o)
 .text._ReadRectCust_18bpp
                0x00002e5e       0x3a ..\emWinGraphics_v5_46\LinkLibrary\PSoC5\GCC\libemWin_nosts_cm3_gcc.a(GUIDRV_FlexColor.o)
 .text._GetDevFunc
                0x00002e98       0x7c ..\emWinGraphics_v5_46\LinkLibrary\PSoC5\GCC\libemWin_nosts_cm3_gcc.a(GUIDRV_FlexColor.o)
 .text._GetDevProp
                0x00002f14       0x5a ..\emWinGraphics_v5_46\LinkLibrary\PSoC5\GCC\libemWin_nosts_cm3_gcc.a(GUIDRV_FlexColor.o)
 .text._GetDevData
                0x00002f6e        0xc ..\emWinGraphics_v5_46\LinkLibrary\PSoC5\GCC\libemWin_nosts_cm3_gcc.a(GUIDRV_FlexColor.o)
 .text._GetRect
                0x00002f7a       0x16 ..\emWinGraphics_v5_46\LinkLibrary\PSoC5\GCC\libemWin_nosts_cm3_gcc.a(GUIDRV_FlexColor.o)
 .text.GUIDRV_FlexColor__SetLog2Phys
                0x00002f90       0x48 ..\emWinGraphics_v5_46\LinkLibrary\PSoC5\GCC\libemWin_nosts_cm3_gcc.a(GUIDRV_FlexColor.o)
                0x00002f90                GUIDRV_FlexColor__SetLog2Phys
 .text._SetOrg  0x00002fd8       0x16 ..\emWinGraphics_v5_46\LinkLibrary\PSoC5\GCC\libemWin_nosts_cm3_gcc.a(GUIDRV_FlexColor.o)
 .text._Log2PhysY_X0Y0S1
                0x00002fee        0x4 ..\emWinGraphics_v5_46\LinkLibrary\PSoC5\GCC\libemWin_nosts_cm3_gcc.a(GUIDRV_FlexColor.o)
 .text._Log2PhysX_X0Y0S0
                0x00002ff2        0x4 ..\emWinGraphics_v5_46\LinkLibrary\PSoC5\GCC\libemWin_nosts_cm3_gcc.a(GUIDRV_FlexColor.o)
 .text._Log2PhysX_X0Y1S0
                0x00002ff6        0x4 ..\emWinGraphics_v5_46\LinkLibrary\PSoC5\GCC\libemWin_nosts_cm3_gcc.a(GUIDRV_FlexColor.o)
 .text._Log2PhysX_X0Y0S1
                0x00002ffa        0x4 ..\emWinGraphics_v5_46\LinkLibrary\PSoC5\GCC\libemWin_nosts_cm3_gcc.a(GUIDRV_FlexColor.o)
 .text._Log2PhysX_X0Y1S1
                0x00002ffe        0x4 ..\emWinGraphics_v5_46\LinkLibrary\PSoC5\GCC\libemWin_nosts_cm3_gcc.a(GUIDRV_FlexColor.o)
 .text._Log2PhysY_X0Y0S0
                0x00003002        0x4 ..\emWinGraphics_v5_46\LinkLibrary\PSoC5\GCC\libemWin_nosts_cm3_gcc.a(GUIDRV_FlexColor.o)
 .text._Log2PhysY_X0Y1S0
                0x00003006        0x8 ..\emWinGraphics_v5_46\LinkLibrary\PSoC5\GCC\libemWin_nosts_cm3_gcc.a(GUIDRV_FlexColor.o)
 .text._Log2PhysX_X1Y0S0
                0x0000300e        0x8 ..\emWinGraphics_v5_46\LinkLibrary\PSoC5\GCC\libemWin_nosts_cm3_gcc.a(GUIDRV_FlexColor.o)
 .text._Log2PhysX_X1Y1S0
                0x00003016        0x8 ..\emWinGraphics_v5_46\LinkLibrary\PSoC5\GCC\libemWin_nosts_cm3_gcc.a(GUIDRV_FlexColor.o)
 .text._Log2PhysX_X1Y0S1
                0x0000301e        0x8 ..\emWinGraphics_v5_46\LinkLibrary\PSoC5\GCC\libemWin_nosts_cm3_gcc.a(GUIDRV_FlexColor.o)
 .text._Log2PhysX_X1Y1S1
                0x00003026        0x8 ..\emWinGraphics_v5_46\LinkLibrary\PSoC5\GCC\libemWin_nosts_cm3_gcc.a(GUIDRV_FlexColor.o)
 .text._Log2PhysY_X0Y1S1
                0x0000302e        0x8 ..\emWinGraphics_v5_46\LinkLibrary\PSoC5\GCC\libemWin_nosts_cm3_gcc.a(GUIDRV_FlexColor.o)
 .text.GUIDRV_FlexColor__SetPixelIndexNoCache
                0x00003036       0x88 ..\emWinGraphics_v5_46\LinkLibrary\PSoC5\GCC\libemWin_nosts_cm3_gcc.a(GUIDRV_FlexColor.o)
                0x00003036                GUIDRV_FlexColor__SetPixelIndexNoCache
 .text.GUIDRV_FlexColor__GetPixelIndexNoCache
                0x000030be       0xb2 ..\emWinGraphics_v5_46\LinkLibrary\PSoC5\GCC\libemWin_nosts_cm3_gcc.a(GUIDRV_FlexColor.o)
                0x000030be                GUIDRV_FlexColor__GetPixelIndexNoCache
 .text.GUIDRV_FlexColor__InitOnce
                0x00003170       0x3c ..\emWinGraphics_v5_46\LinkLibrary\PSoC5\GCC\libemWin_nosts_cm3_gcc.a(GUIDRV_FlexColor.o)
                0x00003170                GUIDRV_FlexColor__InitOnce
 .text._SetDevFunc
                0x000031ac       0x9c ..\emWinGraphics_v5_46\LinkLibrary\PSoC5\GCC\libemWin_nosts_cm3_gcc.a(GUIDRV_FlexColor.o)
 .text._GetDevFunc_Init
                0x00003248       0x5a ..\emWinGraphics_v5_46\LinkLibrary\PSoC5\GCC\libemWin_nosts_cm3_gcc.a(GUIDRV_FlexColor.o)
 .text._GetDevFunc_SetSize
                0x000032a2       0x14 ..\emWinGraphics_v5_46\LinkLibrary\PSoC5\GCC\libemWin_nosts_cm3_gcc.a(GUIDRV_FlexColor.o)
 .text._GetDevFunc_SetVSize
                0x000032b6       0x14 ..\emWinGraphics_v5_46\LinkLibrary\PSoC5\GCC\libemWin_nosts_cm3_gcc.a(GUIDRV_FlexColor.o)
 .text._GetDevFunc_Off
                0x000032ca       0x16 ..\emWinGraphics_v5_46\LinkLibrary\PSoC5\GCC\libemWin_nosts_cm3_gcc.a(GUIDRV_FlexColor.o)
 .text._GetDevFunc_On
                0x000032e0       0x16 ..\emWinGraphics_v5_46\LinkLibrary\PSoC5\GCC\libemWin_nosts_cm3_gcc.a(GUIDRV_FlexColor.o)
 .text.GUIDRV_FlexColor_Config
                0x000032f6       0x3c ..\emWinGraphics_v5_46\LinkLibrary\PSoC5\GCC\libemWin_nosts_cm3_gcc.a(GUIDRV_FlexColor.o)
                0x000032f6                GUIDRV_FlexColor_Config
 .text.GUIDRV_FlexColor_SetFunc
                0x00003332       0x32 ..\emWinGraphics_v5_46\LinkLibrary\PSoC5\GCC\libemWin_nosts_cm3_gcc.a(GUIDRV_FlexColor.o)
                0x00003332                GUIDRV_FlexColor_SetFunc
 .text._WriteU16_A1
                0x00003364       0x14 ..\emWinGraphics_v5_46\LinkLibrary\PSoC5\GCC\libemWin_nosts_cm3_gcc.a(GUIDRV_FlexColor_16bpp_C0B8.o)
 .text._WriteDataMP
                0x00003378       0x4e ..\emWinGraphics_v5_46\LinkLibrary\PSoC5\GCC\libemWin_nosts_cm3_gcc.a(GUIDRV_FlexColor_16bpp_C0B8.o)
 .text._ReadData
                0x000033c6        0xa ..\emWinGraphics_v5_46\LinkLibrary\PSoC5\GCC\libemWin_nosts_cm3_gcc.a(GUIDRV_FlexColor_16bpp_C0B8.o)
 .text._WriteData
                0x000033d0        0x6 ..\emWinGraphics_v5_46\LinkLibrary\PSoC5\GCC\libemWin_nosts_cm3_gcc.a(GUIDRV_FlexColor_16bpp_C0B8.o)
 *fill*         0x000033d6        0x2 
 .text._FillRect
                0x000033d8      0x104 ..\emWinGraphics_v5_46\LinkLibrary\PSoC5\GCC\libemWin_nosts_cm3_gcc.a(GUIDRV_FlexColor_16bpp_C0B8.o)
 .text._DrawBitmap
                0x000034dc      0x528 ..\emWinGraphics_v5_46\LinkLibrary\PSoC5\GCC\libemWin_nosts_cm3_gcc.a(GUIDRV_FlexColor_16bpp_C0B8.o)
 .text.GUIDRV_FlexColor_SetMode16bppC0B8
                0x00003a04       0x68 ..\emWinGraphics_v5_46\LinkLibrary\PSoC5\GCC\libemWin_nosts_cm3_gcc.a(GUIDRV_FlexColor_16bpp_C0B8.o)
                0x00003a04                GUIDRV_FlexColor_SetMode16bppC0B8
 .text._SetPhysRAMAddr
                0x00003a6c       0xa6 ..\emWinGraphics_v5_46\LinkLibrary\PSoC5\GCC\libemWin_nosts_cm3_gcc.a(GUIDRV_FlexColor_Func66709.o)
 .text._SetRect
                0x00003b12       0xa6 ..\emWinGraphics_v5_46\LinkLibrary\PSoC5\GCC\libemWin_nosts_cm3_gcc.a(GUIDRV_FlexColor_Func66709.o)
 .text._SetOrientation
                0x00003bb8       0x40 ..\emWinGraphics_v5_46\LinkLibrary\PSoC5\GCC\libemWin_nosts_cm3_gcc.a(GUIDRV_FlexColor_Func66709.o)
 .text._ReadPixel_16bpp_B8
                0x00003bf8       0x38 ..\emWinGraphics_v5_46\LinkLibrary\PSoC5\GCC\libemWin_nosts_cm3_gcc.a(GUIDRV_FlexColor_Func66709.o)
 .text._ReadPixel_16bpp_B16_I
                0x00003c30       0x3c ..\emWinGraphics_v5_46\LinkLibrary\PSoC5\GCC\libemWin_nosts_cm3_gcc.a(GUIDRV_FlexColor_Func66709.o)
 .text._SetReg_B8
                0x00003c6c       0x1a ..\emWinGraphics_v5_46\LinkLibrary\PSoC5\GCC\libemWin_nosts_cm3_gcc.a(GUIDRV_FlexColor_Func66709.o)
 .text._SetReg_B16
                0x00003c86        0x8 ..\emWinGraphics_v5_46\LinkLibrary\PSoC5\GCC\libemWin_nosts_cm3_gcc.a(GUIDRV_FlexColor_Func66709.o)
 .text._WritePara_B8
                0x00003c8e        0x8 ..\emWinGraphics_v5_46\LinkLibrary\PSoC5\GCC\libemWin_nosts_cm3_gcc.a(GUIDRV_FlexColor_Func66709.o)
 .text._WritePara_B16
                0x00003c96        0x8 ..\emWinGraphics_v5_46\LinkLibrary\PSoC5\GCC\libemWin_nosts_cm3_gcc.a(GUIDRV_FlexColor_Func66709.o)
 *fill*         0x00003c9e        0x2 
 .text._SetInterface
                0x00003ca0       0x34 ..\emWinGraphics_v5_46\LinkLibrary\PSoC5\GCC\libemWin_nosts_cm3_gcc.a(GUIDRV_FlexColor_Func66709.o)
 .text._ReadRect_16bpp_B8
                0x00003cd4       0x66 ..\emWinGraphics_v5_46\LinkLibrary\PSoC5\GCC\libemWin_nosts_cm3_gcc.a(GUIDRV_FlexColor_Func66709.o)
 .text._ReadRect_16bpp_B16_I
                0x00003d3a       0x6a ..\emWinGraphics_v5_46\LinkLibrary\PSoC5\GCC\libemWin_nosts_cm3_gcc.a(GUIDRV_FlexColor_Func66709.o)
 .text.GUIDRV_FlexColor_SetFunc66709
                0x00003da4       0x6c ..\emWinGraphics_v5_46\LinkLibrary\PSoC5\GCC\libemWin_nosts_cm3_gcc.a(GUIDRV_FlexColor_Func66709.o)
                0x00003da4                GUIDRV_FlexColor_SetFunc66709
 .text._SetDrawMode
                0x00003e10       0x28 ..\emWinGraphics_v5_46\LinkLibrary\PSoC5\GCC\libemWin_nosts_cm3_gcc.a(LCD.o)
 .text.LCD_SetDrawMode
                0x00003e38        0xc ..\emWinGraphics_v5_46\LinkLibrary\PSoC5\GCC\libemWin_nosts_cm3_gcc.a(LCD.o)
                0x00003e38                LCD_SetDrawMode
 .text.LCD_DrawPixel
                0x00003e44       0x60 ..\emWinGraphics_v5_46\LinkLibrary\PSoC5\GCC\libemWin_nosts_cm3_gcc.a(LCD.o)
                0x00003e44                LCD_DrawPixel
 .text.LCD_DrawHLine
                0x00003ea4       0x50 ..\emWinGraphics_v5_46\LinkLibrary\PSoC5\GCC\libemWin_nosts_cm3_gcc.a(LCD.o)
                0x00003ea4                LCD_DrawHLine
 .text.LCD_FillRect
                0x00003ef4       0x58 ..\emWinGraphics_v5_46\LinkLibrary\PSoC5\GCC\libemWin_nosts_cm3_gcc.a(LCD.o)
                0x00003ef4                LCD_FillRect
 .text.LCD__DrawBitmap_1bpp
                0x00003f4c      0x1d8 ..\emWinGraphics_v5_46\LinkLibrary\PSoC5\GCC\libemWin_nosts_cm3_gcc.a(LCD.o)
                0x00003f4c                LCD__DrawBitmap_1bpp
 .text.LCD_DrawBitmap
                0x00004124      0x224 ..\emWinGraphics_v5_46\LinkLibrary\PSoC5\GCC\libemWin_nosts_cm3_gcc.a(LCD.o)
                0x00004124                LCD_DrawBitmap
 .text.LCD_SetClipRectMax
                0x00004348       0x1c ..\emWinGraphics_v5_46\LinkLibrary\PSoC5\GCC\libemWin_nosts_cm3_gcc.a(LCD.o)
                0x00004348                LCD_SetClipRectMax
 .text.LCD_Init
                0x00004364       0x90 ..\emWinGraphics_v5_46\LinkLibrary\PSoC5\GCC\libemWin_nosts_cm3_gcc.a(LCD.o)
                0x00004364                LCD_Init
 .text.LCD_Color2Index
                0x000043f4       0x1c ..\emWinGraphics_v5_46\LinkLibrary\PSoC5\GCC\libemWin_nosts_cm3_gcc.a(LCD.o)
                0x000043f4                LCD_Color2Index
 .text.LCD_Index2Color
                0x00004410       0x1c ..\emWinGraphics_v5_46\LinkLibrary\PSoC5\GCC\libemWin_nosts_cm3_gcc.a(LCD.o)
                0x00004410                LCD_Index2Color
 .text.LCD_SetColorIndex
                0x0000442c       0x18 ..\emWinGraphics_v5_46\LinkLibrary\PSoC5\GCC\libemWin_nosts_cm3_gcc.a(LCD.o)
                0x0000442c                LCD_SetColorIndex
 .text._SetColor
                0x00004444       0x20 ..\emWinGraphics_v5_46\LinkLibrary\PSoC5\GCC\libemWin_nosts_cm3_gcc.a(LCD.o)
 .text.LCD_SetBkColorIndex
                0x00004464       0x18 ..\emWinGraphics_v5_46\LinkLibrary\PSoC5\GCC\libemWin_nosts_cm3_gcc.a(LCD.o)
                0x00004464                LCD_SetBkColorIndex
 .text._SetBkColor
                0x0000447c       0x20 ..\emWinGraphics_v5_46\LinkLibrary\PSoC5\GCC\libemWin_nosts_cm3_gcc.a(LCD.o)
 .text.LCD_SetBkColor
                0x0000449c        0xc ..\emWinGraphics_v5_46\LinkLibrary\PSoC5\GCC\libemWin_nosts_cm3_gcc.a(LCD.o)
                0x0000449c                LCD_SetBkColor
 .text.LCD_SetColor
                0x000044a8        0xc ..\emWinGraphics_v5_46\LinkLibrary\PSoC5\GCC\libemWin_nosts_cm3_gcc.a(LCD.o)
                0x000044a8                LCD_SetColor
 .text._OnExit  0x000044b4       0x1c ..\emWinGraphics_v5_46\LinkLibrary\PSoC5\GCC\libemWin_nosts_cm3_gcc.a(LCD_Color.o)
 .text.LCD_InitColors
                0x000044d0       0x3c ..\emWinGraphics_v5_46\LinkLibrary\PSoC5\GCC\libemWin_nosts_cm3_gcc.a(LCD_Color.o)
                0x000044d0                LCD_InitColors
 .text.LCD_GetpPalConvTableUncached
                0x0000450c       0x6c ..\emWinGraphics_v5_46\LinkLibrary\PSoC5\GCC\libemWin_nosts_cm3_gcc.a(LCD_Color.o)
                0x0000450c                LCD_GetpPalConvTableUncached
 .text.LCD_GetpPalConvTableBM
                0x00004578        0x4 ..\emWinGraphics_v5_46\LinkLibrary\PSoC5\GCC\libemWin_nosts_cm3_gcc.a(LCD_Color.o)
                0x00004578                LCD_GetpPalConvTableBM
 .text.LCD_InitLUT
                0x0000457c       0x88 ..\emWinGraphics_v5_46\LinkLibrary\PSoC5\GCC\libemWin_nosts_cm3_gcc.a(LCD_Color.o)
                0x0000457c                LCD_InitLUT
 .text._GetDevProp.part.0
                0x00004604       0x18 ..\emWinGraphics_v5_46\LinkLibrary\PSoC5\GCC\libemWin_nosts_cm3_gcc.a(LCD_GetEx.o)
 .text._GetDevProp
                0x0000461c        0xc ..\emWinGraphics_v5_46\LinkLibrary\PSoC5\GCC\libemWin_nosts_cm3_gcc.a(LCD_GetEx.o)
 .text._GetMaxValue
                0x00004628       0x10 ..\emWinGraphics_v5_46\LinkLibrary\PSoC5\GCC\libemWin_nosts_cm3_gcc.a(LCD_GetEx.o)
 .text.LCD_GetBitsPerPixelEx
                0x00004638        0x6 ..\emWinGraphics_v5_46\LinkLibrary\PSoC5\GCC\libemWin_nosts_cm3_gcc.a(LCD_GetEx.o)
                0x00004638                LCD_GetBitsPerPixelEx
 .text.LCD_GetNumColorsEx
                0x0000463e        0x6 ..\emWinGraphics_v5_46\LinkLibrary\PSoC5\GCC\libemWin_nosts_cm3_gcc.a(LCD_GetEx.o)
                0x0000463e                LCD_GetNumColorsEx
 .text.LCD_GetNumColors
                0x00004644       0x10 ..\emWinGraphics_v5_46\LinkLibrary\PSoC5\GCC\libemWin_nosts_cm3_gcc.a(LCD_GetEx.o)
                0x00004644                LCD_GetNumColors
 .text.GUI_GetBitsPerPixelEx
                0x00004654       0x14 ..\emWinGraphics_v5_46\LinkLibrary\PSoC5\GCC\libemWin_nosts_cm3_gcc.a(LCD_GetEx.o)
                0x00004654                GUI_GetBitsPerPixelEx
 .text.LCD_GetPaletteEx
                0x00004668       0x16 ..\emWinGraphics_v5_46\LinkLibrary\PSoC5\GCC\libemWin_nosts_cm3_gcc.a(LCD_GetEx.o)
                0x00004668                LCD_GetPaletteEx
 *fill*         0x0000467e        0x2 
 .text.LCD_GetPalette
                0x00004680       0x10 ..\emWinGraphics_v5_46\LinkLibrary\PSoC5\GCC\libemWin_nosts_cm3_gcc.a(LCD_GetEx.o)
                0x00004680                LCD_GetPalette
 .text.GUI_GetpfIndex2ColorEx
                0x00004690       0x10 ..\emWinGraphics_v5_46\LinkLibrary\PSoC5\GCC\libemWin_nosts_cm3_gcc.a(LCD_GetEx.o)
                0x00004690                GUI_GetpfIndex2ColorEx
 .text.GUI_GetpfColor2IndexEx
                0x000046a0       0x10 ..\emWinGraphics_v5_46\LinkLibrary\PSoC5\GCC\libemWin_nosts_cm3_gcc.a(LCD_GetEx.o)
                0x000046a0                GUI_GetpfColor2IndexEx
 .text.LCD_GetXSizeMax
                0x000046b0        0x6 ..\emWinGraphics_v5_46\LinkLibrary\PSoC5\GCC\libemWin_nosts_cm3_gcc.a(LCD_GetEx.o)
                0x000046b0                LCD_GetXSizeMax
 .text.LCD_GetYSizeMax
                0x000046b6        0x6 ..\emWinGraphics_v5_46\LinkLibrary\PSoC5\GCC\libemWin_nosts_cm3_gcc.a(LCD_GetEx.o)
                0x000046b6                LCD_GetYSizeMax
 .text.LCD_SetDisplaySize
                0x000046bc        0xc ..\emWinGraphics_v5_46\LinkLibrary\PSoC5\GCC\libemWin_nosts_cm3_gcc.a(LCD_GetEx.o)
                0x000046bc                LCD_SetDisplaySize
 .text.LCD_GetXSizeDisplay
                0x000046c8        0xc ..\emWinGraphics_v5_46\LinkLibrary\PSoC5\GCC\libemWin_nosts_cm3_gcc.a(LCD_GetEx.o)
                0x000046c8                LCD_GetXSizeDisplay
 .text.LCD_GetYSizeDisplay
                0x000046d4        0xc ..\emWinGraphics_v5_46\LinkLibrary\PSoC5\GCC\libemWin_nosts_cm3_gcc.a(LCD_GetEx.o)
                0x000046d4                LCD_GetYSizeDisplay
 .text.LCD__GetBPP
                0x000046e0       0x7e ..\emWinGraphics_v5_46\LinkLibrary\PSoC5\GCC\libemWin_nosts_cm3_gcc.a(LCD_GetEx.o)
                0x000046e0                LCD__GetBPP
 .text.LCD__GetBPPDevice
                0x0000475e       0x2c ..\emWinGraphics_v5_46\LinkLibrary\PSoC5\GCC\libemWin_nosts_cm3_gcc.a(LCD_GetEx.o)
                0x0000475e                LCD__GetBPPDevice
 .text.LCD_GetNumLayers
                0x0000478a       0x10 ..\emWinGraphics_v5_46\LinkLibrary\PSoC5\GCC\libemWin_nosts_cm3_gcc.a(LCD_GetNumDisplays.o)
                0x0000478a                LCD_GetNumLayers
 *fill*         0x0000479a        0x2 
 .text.LCD_SelectLCD
                0x0000479c       0x40 ..\emWinGraphics_v5_46\LinkLibrary\PSoC5\GCC\libemWin_nosts_cm3_gcc.a(LCD_SelectLCD.o)
                0x0000479c                LCD_SelectLCD
 .text.LCD_SetLUTEntryEx
                0x000047dc       0x30 ..\emWinGraphics_v5_46\LinkLibrary\PSoC5\GCC\libemWin_nosts_cm3_gcc.a(LCD_Set.o)
                0x000047dc                LCD_SetLUTEntryEx
 .text.LCD_SetSizeEx
                0x0000480c       0x30 ..\emWinGraphics_v5_46\LinkLibrary\PSoC5\GCC\libemWin_nosts_cm3_gcc.a(LCD_Set.o)
                0x0000480c                LCD_SetSizeEx
 .text.LCD_SetVSizeEx
                0x0000483c       0x30 ..\emWinGraphics_v5_46\LinkLibrary\PSoC5\GCC\libemWin_nosts_cm3_gcc.a(LCD_Set.o)
                0x0000483c                LCD_SetVSizeEx
 .text.LCD_UpdateColorIndices
                0x0000486c       0x24 ..\emWinGraphics_v5_46\LinkLibrary\PSoC5\GCC\libemWin_nosts_cm3_gcc.a(LCD_UpdateColorIndices.o)
                0x0000486c                LCD_UpdateColorIndices
 .text._OnExit  0x00004890       0x88 ..\emWinGraphics_v5_46\LinkLibrary\PSoC5\GCC\libemWin_nosts_cm3_gcc.a(WM.o)
 .text._Findy1  0x00004918       0xa6 ..\emWinGraphics_v5_46\LinkLibrary\PSoC5\GCC\libemWin_nosts_cm3_gcc.a(WM.o)
 .text._Findx0  0x000049be       0x86 ..\emWinGraphics_v5_46\LinkLibrary\PSoC5\GCC\libemWin_nosts_cm3_gcc.a(WM.o)
 .text._Findx1  0x00004a44       0x72 ..\emWinGraphics_v5_46\LinkLibrary\PSoC5\GCC\libemWin_nosts_cm3_gcc.a(WM.o)
 *fill*         0x00004ab6        0x2 
 .text.WM__ClipAtParentBorders
                0x00004ab8       0x50 ..\emWinGraphics_v5_46\LinkLibrary\PSoC5\GCC\libemWin_nosts_cm3_gcc.a(WM.o)
                0x00004ab8                WM__ClipAtParentBorders
 .text.WM__InsertWindowIntoList
                0x00004b08       0xac ..\emWinGraphics_v5_46\LinkLibrary\PSoC5\GCC\libemWin_nosts_cm3_gcc.a(WM.o)
                0x00004b08                WM__InsertWindowIntoList
 .text.WM__Client2Screen
                0x00004bb4       0x10 ..\emWinGraphics_v5_46\LinkLibrary\PSoC5\GCC\libemWin_nosts_cm3_gcc.a(WM.o)
                0x00004bb4                WM__Client2Screen
 .text._SetClipRectUserIntersect
                0x00004bc4       0x50 ..\emWinGraphics_v5_46\LinkLibrary\PSoC5\GCC\libemWin_nosts_cm3_gcc.a(WM.o)
 .text.WM__ActivateClipRect
                0x00004c14       0x48 ..\emWinGraphics_v5_46\LinkLibrary\PSoC5\GCC\libemWin_nosts_cm3_gcc.a(WM.o)
                0x00004c14                WM__ActivateClipRect
 .text.WM__InvalidateDrawAndDescs
                0x00004c5c       0x50 ..\emWinGraphics_v5_46\LinkLibrary\PSoC5\GCC\libemWin_nosts_cm3_gcc.a(WM.o)
                0x00004c5c                WM__InvalidateDrawAndDescs
 .text.WM__RectIsNZ
                0x00004cac       0x22 ..\emWinGraphics_v5_46\LinkLibrary\PSoC5\GCC\libemWin_nosts_cm3_gcc.a(WM.o)
                0x00004cac                WM__RectIsNZ
 *fill*         0x00004cce        0x2 
 .text._Invalidate1Abs
                0x00004cd0       0x84 ..\emWinGraphics_v5_46\LinkLibrary\PSoC5\GCC\libemWin_nosts_cm3_gcc.a(WM.o)
 .text.WM__Invalidate1Abs
                0x00004d54        0x6 ..\emWinGraphics_v5_46\LinkLibrary\PSoC5\GCC\libemWin_nosts_cm3_gcc.a(WM.o)
                0x00004d54                WM__Invalidate1Abs
 .text.WM_InvalidateWindowAndDescsEx
                0x00004d5a       0x64 ..\emWinGraphics_v5_46\LinkLibrary\PSoC5\GCC\libemWin_nosts_cm3_gcc.a(WM.o)
                0x00004d5a                WM_InvalidateWindowAndDescsEx
 .text.WM__InvalidateRect
                0x00004dbe       0x76 ..\emWinGraphics_v5_46\LinkLibrary\PSoC5\GCC\libemWin_nosts_cm3_gcc.a(WM.o)
                0x00004dbe                WM__InvalidateRect
 .text.WM__InvalidateRectEx
                0x00004e34        0x6 ..\emWinGraphics_v5_46\LinkLibrary\PSoC5\GCC\libemWin_nosts_cm3_gcc.a(WM.o)
                0x00004e34                WM__InvalidateRectEx
 .text.WM__SendMsgNoData
                0x00004e3a       0x16 ..\emWinGraphics_v5_46\LinkLibrary\PSoC5\GCC\libemWin_nosts_cm3_gcc.a(WM.o)
                0x00004e3a                WM__SendMsgNoData
 .text.WM__GetClientRectWin
                0x00004e50       0x18 ..\emWinGraphics_v5_46\LinkLibrary\PSoC5\GCC\libemWin_nosts_cm3_gcc.a(WM.o)
                0x00004e50                WM__GetClientRectWin
 .text.WM_InvalidateRect
                0x00004e68       0x78 ..\emWinGraphics_v5_46\LinkLibrary\PSoC5\GCC\libemWin_nosts_cm3_gcc.a(WM.o)
                0x00004e68                WM_InvalidateRect
 .text.WM_InvalidateWindow
                0x00004ee0        0x6 ..\emWinGraphics_v5_46\LinkLibrary\PSoC5\GCC\libemWin_nosts_cm3_gcc.a(WM.o)
                0x00004ee0                WM_InvalidateWindow
 *fill*         0x00004ee6        0x2 
 .text.WM_SelectWindow
                0x00004ee8       0x38 ..\emWinGraphics_v5_46\LinkLibrary\PSoC5\GCC\libemWin_nosts_cm3_gcc.a(WM.o)
                0x00004ee8                WM_SelectWindow
 .text.WM_CreateWindowAsChild
                0x00004f20      0x154 ..\emWinGraphics_v5_46\LinkLibrary\PSoC5\GCC\libemWin_nosts_cm3_gcc.a(WM.o)
                0x00004f20                WM_CreateWindowAsChild
 .text.WM_CreateWindow
                0x00005074       0x1a ..\emWinGraphics_v5_46\LinkLibrary\PSoC5\GCC\libemWin_nosts_cm3_gcc.a(WM.o)
                0x00005074                WM_CreateWindow
 *fill*         0x0000508e        0x2 
 .text.WM__GetNextIVR
                0x00005090      0x184 ..\emWinGraphics_v5_46\LinkLibrary\PSoC5\GCC\libemWin_nosts_cm3_gcc.a(WM.o)
                0x00005090                WM__GetNextIVR
 .text.WM__InitIVRSearch
                0x00005214      0x100 ..\emWinGraphics_v5_46\LinkLibrary\PSoC5\GCC\libemWin_nosts_cm3_gcc.a(WM.o)
                0x00005214                WM__InitIVRSearch
 .text.WM_Activate
                0x00005314       0x10 ..\emWinGraphics_v5_46\LinkLibrary\PSoC5\GCC\libemWin_nosts_cm3_gcc.a(WM.o)
                0x00005314                WM_Activate
 .text.WM_DefaultProc
                0x00005324       0x4c ..\emWinGraphics_v5_46\LinkLibrary\PSoC5\GCC\libemWin_nosts_cm3_gcc.a(WM.o)
                0x00005324                WM_DefaultProc
 .text._cbBackWin
                0x00005370       0x48 ..\emWinGraphics_v5_46\LinkLibrary\PSoC5\GCC\libemWin_nosts_cm3_gcc.a(WM.o)
 .text.WM_Init  0x000053b8       0xa8 ..\emWinGraphics_v5_46\LinkLibrary\PSoC5\GCC\libemWin_nosts_cm3_gcc.a(WM.o)
                0x000053b8                WM_Init
 .text.WM__GetFirstSibling
                0x00005460       0x12 ..\emWinGraphics_v5_46\LinkLibrary\PSoC5\GCC\libemWin_nosts_cm3_gcc.a(WM__Private.o)
                0x00005460                WM__GetFirstSibling
 .text.WM__GetPrevSibling
                0x00005472       0x26 ..\emWinGraphics_v5_46\LinkLibrary\PSoC5\GCC\libemWin_nosts_cm3_gcc.a(WM__Private.o)
                0x00005472                WM__GetPrevSibling
 .text.WM__SendMessage
                0x00005498       0x3c ..\emWinGraphics_v5_46\LinkLibrary\PSoC5\GCC\libemWin_nosts_cm3_gcc.a(WM__Private.o)
                0x00005498                WM__SendMessage
 .text.WM__AddCriticalHandle
                0x000054d4       0x10 ..\emWinGraphics_v5_46\LinkLibrary\PSoC5\GCC\libemWin_nosts_cm3_gcc.a(WM__Private.o)
                0x000054d4                WM__AddCriticalHandle
 .text.WM__GetClientRectEx
                0x000054e4       0x22 ..\emWinGraphics_v5_46\LinkLibrary\PSoC5\GCC\libemWin_nosts_cm3_gcc.a(WM__Private.o)
                0x000054e4                WM__GetClientRectEx
 *fill*         0x00005506        0x2 
 .text.WM_GetDesktopWindow
                0x00005508        0xc ..\emWinGraphics_v5_46\LinkLibrary\PSoC5\GCC\libemWin_nosts_cm3_gcc.a(WM_Lib.o)
                0x00005508                WM_GetDesktopWindow
 .text.WM_GetFirstChild
                0x00005514       0x10 ..\emWinGraphics_v5_46\LinkLibrary\PSoC5\GCC\libemWin_nosts_cm3_gcc.a(WM_Lib.o)
                0x00005514                WM_GetFirstChild
 .text.WM_GetParent
                0x00005524       0x10 ..\emWinGraphics_v5_46\LinkLibrary\PSoC5\GCC\libemWin_nosts_cm3_gcc.a(WM_Lib.o)
                0x00005524                WM_GetParent
 .text.WM_BringToBottom
                0x00005534       0x86 ..\emWinGraphics_v5_46\LinkLibrary\PSoC5\GCC\libemWin_nosts_cm3_gcc.a(WM_Lib.o)
                0x00005534                WM_BringToBottom
 .text.WM_SendToParent
                0x000055ba       0x1c ..\emWinGraphics_v5_46\LinkLibrary\PSoC5\GCC\libemWin_nosts_cm3_gcc.a(WM_Lib.o)
                0x000055ba                WM_SendToParent
 .text.GUI__IntersectRect
                0x000055d6       0x3a ..\emWinGraphics_v5_46\LinkLibrary\PSoC5\GCC\libemWin_nosts_cm3_gcc.a(GUI__Private.o)
                0x000055d6                GUI__IntersectRect
 .text.GUI__IntersectRects
                0x00005610       0x56 ..\emWinGraphics_v5_46\LinkLibrary\PSoC5\GCC\libemWin_nosts_cm3_gcc.a(GUI__Private.o)
                0x00005610                GUI__IntersectRects
 .text.GUI__memset16
                0x00005666       0x64 ..\emWinGraphics_v5_46\LinkLibrary\PSoC5\GCC\libemWin_nosts_cm3_gcc.a(GUI__Private.o)
                0x00005666                GUI__memset16
 *fill*         0x000056ca        0x2 
 .text.GUI_SelectLayer
                0x000056cc       0x24 ..\emWinGraphics_v5_46\LinkLibrary\PSoC5\GCC\libemWin_nosts_cm3_gcc.a(GUI_SelectLayer.o)
                0x000056cc                GUI_SelectLayer
 .text._GetIndexMask_0
                0x000056f0       0x52 ..\emWinGraphics_v5_46\LinkLibrary\PSoC5\GCC\libemWin_nosts_cm3_gcc.a(GUICC_0.o)
 .text._Index2Color_0
                0x00005742       0x1e ..\emWinGraphics_v5_46\LinkLibrary\PSoC5\GCC\libemWin_nosts_cm3_gcc.a(GUICC_0.o)
 .text._Color2Index_0
                0x00005760       0x52 ..\emWinGraphics_v5_46\LinkLibrary\PSoC5\GCC\libemWin_nosts_cm3_gcc.a(GUICC_0.o)
 .text.GUI_MEMDEV_GetBitsPerPixel
                0x000057b2       0x2a ..\emWinGraphics_v5_46\LinkLibrary\PSoC5\GCC\libemWin_nosts_cm3_gcc.a(GUIDEV.o)
                0x000057b2                GUI_MEMDEV_GetBitsPerPixel
 .text.GUI_MEMDEV_Delete
                0x000057dc       0x44 ..\emWinGraphics_v5_46\LinkLibrary\PSoC5\GCC\libemWin_nosts_cm3_gcc.a(GUIDEV.o)
                0x000057dc                GUI_MEMDEV_Delete
 .text._GetDevData
                0x00005820       0x10 ..\emWinGraphics_v5_46\LinkLibrary\PSoC5\GCC\libemWin_nosts_cm3_gcc.a(GUIDEV_16.o)
 .text._GetDevFunc
                0x00005830       0x10 ..\emWinGraphics_v5_46\LinkLibrary\PSoC5\GCC\libemWin_nosts_cm3_gcc.a(GUIDEV_16.o)
 .text._SetOrg  0x00005840        0xc ..\emWinGraphics_v5_46\LinkLibrary\PSoC5\GCC\libemWin_nosts_cm3_gcc.a(GUIDEV_16.o)
 .text._GetRect
                0x0000584c       0x36 ..\emWinGraphics_v5_46\LinkLibrary\PSoC5\GCC\libemWin_nosts_cm3_gcc.a(GUIDEV_16.o)
 *fill*         0x00005882        0x2 
 .text._XY2PTR  0x00005884       0x40 ..\emWinGraphics_v5_46\LinkLibrary\PSoC5\GCC\libemWin_nosts_cm3_gcc.a(GUIDEV_16.o)
 .text._GetPixelIndex
                0x000058c4        0xe ..\emWinGraphics_v5_46\LinkLibrary\PSoC5\GCC\libemWin_nosts_cm3_gcc.a(GUIDEV_16.o)
 *fill*         0x000058d2        0x2 
 .text._XorPixel
                0x000058d4       0x58 ..\emWinGraphics_v5_46\LinkLibrary\PSoC5\GCC\libemWin_nosts_cm3_gcc.a(GUIDEV_16.o)
 .text._SetPixelIndex
                0x0000592c       0x4c ..\emWinGraphics_v5_46\LinkLibrary\PSoC5\GCC\libemWin_nosts_cm3_gcc.a(GUIDEV_16.o)
 .text._DrawVLine
                0x00005978       0xbc ..\emWinGraphics_v5_46\LinkLibrary\PSoC5\GCC\libemWin_nosts_cm3_gcc.a(GUIDEV_16.o)
 .text._FillRect
                0x00005a34       0xb4 ..\emWinGraphics_v5_46\LinkLibrary\PSoC5\GCC\libemWin_nosts_cm3_gcc.a(GUIDEV_16.o)
 .text._DrawHLine
                0x00005ae8        0xe ..\emWinGraphics_v5_46\LinkLibrary\PSoC5\GCC\libemWin_nosts_cm3_gcc.a(GUIDEV_16.o)
 *fill*         0x00005af6        0x2 
 .text._DrawBitmap
                0x00005af8      0x720 ..\emWinGraphics_v5_46\LinkLibrary\PSoC5\GCC\libemWin_nosts_cm3_gcc.a(GUIDEV_16.o)
 .text._GetDevProp
                0x00006218       0x18 ..\emWinGraphics_v5_46\LinkLibrary\PSoC5\GCC\libemWin_nosts_cm3_gcc.a(GUIDEV_16.o)
 .text.GUI_USAGE_DecUseCnt
                0x00006230       0x28 ..\emWinGraphics_v5_46\LinkLibrary\PSoC5\GCC\libemWin_nosts_cm3_gcc.a(GUIDEV_Usage.o)
                0x00006230                GUI_USAGE_DecUseCnt
 .text.GUI_USAGE_AddRect
                0x00006258       0x26 ..\emWinGraphics_v5_46\LinkLibrary\PSoC5\GCC\libemWin_nosts_cm3_gcc.a(GUIDEV_Usage.o)
                0x00006258                GUI_USAGE_AddRect
 .text._Convert16
                0x0000627e       0x3e ..\emWinGraphics_v5_46\LinkLibrary\PSoC5\GCC\libemWin_nosts_cm3_gcc.a(GUIDEV_WriteToActiveOpaque.o)
 .text._Convert8
                0x000062bc       0x42 ..\emWinGraphics_v5_46\LinkLibrary\PSoC5\GCC\libemWin_nosts_cm3_gcc.a(GUIDEV_WriteToActiveOpaque.o)
 *fill*         0x000062fe        0x2 
 .text.GUI_MEMDEV__WriteToActiveOpaque
                0x00006300      0x74c ..\emWinGraphics_v5_46\LinkLibrary\PSoC5\GCC\libemWin_nosts_cm3_gcc.a(GUIDEV_WriteToActiveOpaque.o)
                0x00006300                GUI_MEMDEV__WriteToActiveOpaque
 .text.LCD_SetClipRectEx
                0x00006a4c       0x30 ..\emWinGraphics_v5_46\LinkLibrary\PSoC5\GCC\libemWin_nosts_cm3_gcc.a(LCD_SetClipRectEx.o)
                0x00006a4c                LCD_SetClipRectEx
 .text.GUI__CompactPixelIndices
                0x00006a7c      0x16e ..\emWinGraphics_v5_46\LinkLibrary\PSoC5\GCC\libemWin_nosts_cm3_gcc.a(GUI__CompactPixelIndices.o)
                0x00006a7c                GUI__CompactPixelIndices
 .text.GUI_MEMDEV_GetDataPtr
                0x00006bea       0x20 ..\emWinGraphics_v5_46\LinkLibrary\PSoC5\GCC\libemWin_nosts_cm3_gcc.a(GUIDEV_GetDataPtr.o)
                0x00006bea                GUI_MEMDEV_GetDataPtr
 *fill*         0x00006c0a        0x2 
 .text.__libc_init_array
                0x00006c0c       0x4c c:/program files (x86)/cypress/psoc creator/3.3/psoc creator/import/gnu/arm/4.9.3/bin/../lib/gcc/arm-none-eabi/4.9.3/../../../../arm-none-eabi/lib/armv7-m\libg_nano.a(lib_a-init.o)
                0x00006c0c                __libc_init_array
 .text.__itoa   0x00006c58       0x2e c:/program files (x86)/cypress/psoc creator/3.3/psoc creator/import/gnu/arm/4.9.3/bin/../lib/gcc/arm-none-eabi/4.9.3/../../../../arm-none-eabi/lib/armv7-m\libg_nano.a(lib_a-itoa.o)
                0x00006c58                __itoa
 .text.itoa     0x00006c86        0x4 c:/program files (x86)/cypress/psoc creator/3.3/psoc creator/import/gnu/arm/4.9.3/bin/../lib/gcc/arm-none-eabi/4.9.3/../../../../arm-none-eabi/lib/armv7-m\libg_nano.a(lib_a-itoa.o)
                0x00006c86                itoa
 .text.memcpy   0x00006c8a       0x16 c:/program files (x86)/cypress/psoc creator/3.3/psoc creator/import/gnu/arm/4.9.3/bin/../lib/gcc/arm-none-eabi/4.9.3/../../../../arm-none-eabi/lib/armv7-m\libg_nano.a(lib_a-memcpy.o)
                0x00006c8a                memcpy
 .text.memmove  0x00006ca0       0x36 c:/program files (x86)/cypress/psoc creator/3.3/psoc creator/import/gnu/arm/4.9.3/bin/../lib/gcc/arm-none-eabi/4.9.3/../../../../arm-none-eabi/lib/armv7-m\libg_nano.a(lib_a-memmove.o)
                0x00006ca0                memmove
 .text.memset   0x00006cd6       0x10 c:/program files (x86)/cypress/psoc creator/3.3/psoc creator/import/gnu/arm/4.9.3/bin/../lib/gcc/arm-none-eabi/4.9.3/../../../../arm-none-eabi/lib/armv7-m\libg_nano.a(lib_a-memset.o)
                0x00006cd6                memset
 *fill*         0x00006ce6        0x2 
 .text.__utoa   0x00006ce8       0x78 c:/program files (x86)/cypress/psoc creator/3.3/psoc creator/import/gnu/arm/4.9.3/bin/../lib/gcc/arm-none-eabi/4.9.3/../../../../arm-none-eabi/lib/armv7-m\libg_nano.a(lib_a-utoa.o)
                0x00006ce8                __utoa
 *(.plt)
 *(.gnu.warning)
 *(.glue_7t)
 .glue_7t       0x00000000        0x0 linker stubs
 *(.glue_7)
 .glue_7        0x00000000        0x0 linker stubs
 *(.vfp11_veneer)
 .vfp11_veneer  0x00000000        0x0 linker stubs
 *(.bootloader)
 *(.ARM.extab* .gnu.linkonce.armextab.*)
 *(.gcc_except_table)

.v4_bx          0x00006d60        0x0
 .v4_bx         0x00000000        0x0 linker stubs

.iplt           0x00006d60        0x0
 .iplt          0x00000000        0x0 c:/program files (x86)/cypress/psoc creator/3.3/psoc creator/import/gnu/arm/4.9.3/bin/../lib/gcc/arm-none-eabi/4.9.3/armv7-m/crtbegin.o

.eh_frame_hdr
 *(.eh_frame_hdr)

.eh_frame       0x00006d60        0x4
 *(.eh_frame)
 .eh_frame      0x00006d60        0x0 c:/program files (x86)/cypress/psoc creator/3.3/psoc creator/import/gnu/arm/4.9.3/bin/../lib/gcc/arm-none-eabi/4.9.3/armv7-m/crtbegin.o
 .eh_frame      0x00006d60        0x4 c:/program files (x86)/cypress/psoc creator/3.3/psoc creator/import/gnu/arm/4.9.3/bin/../lib/gcc/arm-none-eabi/4.9.3/armv7-m/crtend.o
                0x00006d64                PROVIDE (__exidx_start, .)

.ARM.exidx
 *(.ARM.exidx* .gnu.linkonce.armexidx.*)
                0x00006d64                __exidx_end = .

.rodata         0x00006d64      0xf24
 *(.rodata .rodata.* .gnu.linkonce.r.*)
 .rodata.str1.4
                0x00006d64        0x3 .\CortexM3\ARM_GCC_493\Debug\main.o
                                  0x4 (size before relaxing)
 *fill*         0x00006d67        0x1 
 .rodata        0x00006d68       0x48 .\CortexM3\ARM_GCC_493\Debug\ConnectFour.a(cyfitter_cfg.o)
 .rodata.str1.4
                0x00006db0       0x14 .\CortexM3\ARM_GCC_493\Debug\ConnectFour.a(USBUART_std.o)
 .rodata        0x00006dc4      0x160 .\CortexM3\ARM_GCC_493\Debug\ConnectFour.a(USBUART_descr.o)
                0x00006dc4                USBUART_TABLE
                0x00006dcc                USBUART_DEVICE0_TABLE
                0x00006de4                USBUART_DEVICE0_CONFIGURATION0_TABLE
                0x00006e0c                USBUART_DEVICE0_CONFIGURATION0_INTERFACE_CLASS
                0x00006e10                USBUART_DEVICE0_CONFIGURATION0_EP_SETTINGS_TABLE
                0x00006e28                USBUART_SN_STRING_DESCRIPTOR
                0x00006e2c                USBUART_STRING_DESCRIPTORS
                0x00006ecc                USBUART_DEVICE0_CONFIGURATION0_DESCR
                0x00006f10                USBUART_DEVICE0_DESCR
 .rodata        0x00006f24      0x73c ..\emWinGraphics_v5_46\LinkLibrary\PSoC5\GCC\libemWin_nosts_cm3_gcc.a(F6x8.o)
                0x00006f24                GUI_Font6x9
                0x00006f48                GUI_Font6x8
 .rodata        0x00007660        0x8 ..\emWinGraphics_v5_46\LinkLibrary\PSoC5\GCC\libemWin_nosts_cm3_gcc.a(GUI_Core.o)
 .rodata.str1.1
                0x00007668       0x14 ..\emWinGraphics_v5_46\LinkLibrary\PSoC5\GCC\libemWin_nosts_cm3_gcc.a(GUI_Core.o)
 .rodata        0x0000767c       0x10 ..\emWinGraphics_v5_46\LinkLibrary\PSoC5\GCC\libemWin_nosts_cm3_gcc.a(GUI_UC_EncodeNone.o)
                0x0000767c                GUI_UC_None
 .rodata        0x0000768c       0x18 ..\emWinGraphics_v5_46\LinkLibrary\PSoC5\GCC\libemWin_nosts_cm3_gcc.a(GUICC_565.o)
                0x0000768c                LCD_API_ColorConv_565
 .rodata        0x000076a4       0x74 ..\emWinGraphics_v5_46\LinkLibrary\PSoC5\GCC\libemWin_nosts_cm3_gcc.a(GUIDRV_FlexColor.o)
                0x000076e4                GUIDRV_FlexColor_API
 .rodata        0x00007718        0x8 ..\emWinGraphics_v5_46\LinkLibrary\PSoC5\GCC\libemWin_nosts_cm3_gcc.a(GUIDRV_FlexColor_Func66709.o)
 .rodata        0x00007720        0xc ..\emWinGraphics_v5_46\LinkLibrary\PSoC5\GCC\libemWin_nosts_cm3_gcc.a(LCD.o)
 .rodata        0x0000772c      0x370 ..\emWinGraphics_v5_46\LinkLibrary\PSoC5\GCC\libemWin_nosts_cm3_gcc.a(GUI__DivTbl.o)
                0x0000772c                GUI__aConvert_255_63
                0x0000782c                GUI__aConvert_255_31
                0x0000792c                GUI__aConvert_255_15
                0x00007a2c                GUI__aConvert_63_255
                0x00007a6c                GUI__aConvert_31_255
                0x00007a8c                GUI__aConvert_15_255
 .rodata        0x00007a9c       0x18 ..\emWinGraphics_v5_46\LinkLibrary\PSoC5\GCC\libemWin_nosts_cm3_gcc.a(GUICC_0.o)
                0x00007a9c                LCD_API_ColorConv_0
 .rodata        0x00007ab4       0x74 ..\emWinGraphics_v5_46\LinkLibrary\PSoC5\GCC\libemWin_nosts_cm3_gcc.a(GUIDEV_16.o)
                0x00007ab4                GUI_MEMDEV_DEVICE_16
 .rodata        0x00007b28      0x100 ..\emWinGraphics_v5_46\LinkLibrary\PSoC5\GCC\libemWin_nosts_cm3_gcc.a(LCD_Mirror.o)
                0x00007b28                LCD_aMirror
 .rodata.str1.1
                0x00007c28       0x25 c:/program files (x86)/cypress/psoc creator/3.3/psoc creator/import/gnu/arm/4.9.3/bin/../lib/gcc/arm-none-eabi/4.9.3/../../../../arm-none-eabi/lib/armv7-m\libg_nano.a(lib_a-utoa.o)
                0x00007c50                . = ALIGN (0x4)
 *fill*         0x00007c4d        0x3 
 *(.init)
 .init          0x00007c50        0x4 c:/program files (x86)/cypress/psoc creator/3.3/psoc creator/import/gnu/arm/4.9.3/bin/../lib/gcc/arm-none-eabi/4.9.3/armv7-m/crti.o
                0x00007c50                _init
 .init          0x00007c54        0x8 c:/program files (x86)/cypress/psoc creator/3.3/psoc creator/import/gnu/arm/4.9.3/bin/../lib/gcc/arm-none-eabi/4.9.3/armv7-m/crtn.o
                0x00007c5c                . = ALIGN (0x4)
                0x00007c5c                __preinit_array_start = .
 *(.preinit_array)
                0x00007c5c                __preinit_array_end = .
                0x00007c5c                . = ALIGN (0x4)
                0x00007c5c                __init_array_start = .
 *(SORT(.init_array.*))
 *(.init_array)
 .init_array    0x00007c5c        0x4 c:/program files (x86)/cypress/psoc creator/3.3/psoc creator/import/gnu/arm/4.9.3/bin/../lib/gcc/arm-none-eabi/4.9.3/armv7-m/crtbegin.o
 .init_array    0x00007c60        0x4 .\CortexM3\ARM_GCC_493\Debug\Cm3Start.o
                0x00007c64                __init_array_end = .
                0x00007c64                . = ALIGN (0x4)
 *(.fini)
 .fini          0x00007c64        0x4 c:/program files (x86)/cypress/psoc creator/3.3/psoc creator/import/gnu/arm/4.9.3/bin/../lib/gcc/arm-none-eabi/4.9.3/armv7-m/crti.o
                0x00007c64                _fini
 .fini          0x00007c68        0x8 c:/program files (x86)/cypress/psoc creator/3.3/psoc creator/import/gnu/arm/4.9.3/bin/../lib/gcc/arm-none-eabi/4.9.3/armv7-m/crtn.o
                0x00007c70                . = ALIGN (0x4)
                0x00007c70                __fini_array_start = .
 *(.fini_array)
 .fini_array    0x00007c70        0x4 c:/program files (x86)/cypress/psoc creator/3.3/psoc creator/import/gnu/arm/4.9.3/bin/../lib/gcc/arm-none-eabi/4.9.3/armv7-m/crtbegin.o
 *(SORT(.fini_array.*))
                0x00007c74                __fini_array_end = .
                0x00007c74                . = ALIGN (0x4)
 *crtbegin.o(.ctors)
 *(EXCLUDE_FILE(*crtend.o) .ctors)
 *(SORT(.ctors.*))
 *crtend.o(.ctors)
                0x00007c74                . = ALIGN (0x4)
 *crtbegin.o(.dtors)
 *(EXCLUDE_FILE(*crtend.o) .dtors)
 *(SORT(.dtors.*))
 *crtend.o(.dtors)
                0x00007c74                . = ALIGN (0x4)
                0x00007c74                __cy_regions = .
                0x00007c74        0x4 LONG 0x7c88 __cy_region_init_ram
                0x00007c78        0x4 LONG 0x1fff8108 __cy_region_start_data
                0x00007c7c        0x4 LONG 0x60 __cy_region_init_size_ram
                0x00007c80        0x4 LONG 0x3418 __cy_region_zero_size_ram
                0x00007c84                __cy_regions_end = .
                0x00007c88                . = ALIGN (0x8)
 *fill*         0x00007c84        0x4 
                0x00007c88                _etext = .

.cy_checksum_exclude
                0x00007c88        0x0
 *(.cy_checksum_exclude)

.ramvectors     0x1fff8000      0x100
                0x1fff8000                __cy_region_start_ram = .
 *(.ramvectors)
 .ramvectors    0x1fff8000      0x100 .\CortexM3\ARM_GCC_493\Debug\Cm3Start.o
                0x1fff8000                CyRamVectors

.noinit         0x1fff8100        0x5
 *(.noinit)
 .noinit        0x1fff8100        0x4 .\CortexM3\ARM_GCC_493\Debug\Cm3Start.o
 .noinit        0x1fff8104        0x1 .\CortexM3\ARM_GCC_493\Debug\ConnectFour.a(CyLib.o)
                0x1fff8104                CyResetStatus

.data           0x1fff8108       0x60 load address 0x00007c88
                0x1fff8108                __cy_region_start_data = .
 *(.jcr)
 .jcr           0x1fff8108        0x0 c:/program files (x86)/cypress/psoc creator/3.3/psoc creator/import/gnu/arm/4.9.3/bin/../lib/gcc/arm-none-eabi/4.9.3/armv7-m/crtbegin.o
 .jcr           0x1fff8108        0x4 c:/program files (x86)/cypress/psoc creator/3.3/psoc creator/import/gnu/arm/4.9.3/bin/../lib/gcc/arm-none-eabi/4.9.3/armv7-m/crtend.o
 *(.got.plt)
 *(.got)
 *(.shdata)
 *(.data .data.* .gnu.linkonce.d.*)
 .data          0x1fff810c        0x4 .\CortexM3\ARM_GCC_493\Debug\Connect4Board.o
                0x1fff810c                prev_selected
 .data          0x1fff8110       0x10 .\CortexM3\ARM_GCC_493\Debug\ConnectFour.a(CyLib.o)
                0x1fff8110                cydelay_32k_ms
                0x1fff8114                cydelay_freq_khz
                0x1fff8118                cydelay_freq_mhz
                0x1fff811c                cydelay_freq_hz
 .data          0x1fff8120       0x1c .\CortexM3\ARM_GCC_493\Debug\ConnectFour.a(USBUART_cdc.o)
                0x1fff8120                USBUART_linesCoding
 .data          0x1fff813c       0x10 ..\emWinGraphics_v5_46\LinkLibrary\PSoC5\GCC\libemWin_nosts_cm3_gcc.a(GUI_Core.o)
                0x1fff813c                GUI_pContext
                0x1fff8140                GUI_pfGetpPalConvTable
                0x1fff8144                GUI__ColorDefault
                0x1fff8148                GUI__pFontDefault
 .data          0x1fff814c        0x8 ..\emWinGraphics_v5_46\LinkLibrary\PSoC5\GCC\libemWin_nosts_cm3_gcc.a(GUIDRV_FlexColor_Func66709.o)
 .data          0x1fff8154        0x4 ..\emWinGraphics_v5_46\LinkLibrary\PSoC5\GCC\libemWin_nosts_cm3_gcc.a(LCD.o)
                0x1fff8154                LCD__pSetColorAPI
 .data          0x1fff8158        0x4 ..\emWinGraphics_v5_46\LinkLibrary\PSoC5\GCC\libemWin_nosts_cm3_gcc.a(LCD_Color.o)
 .data          0x1fff815c        0x8 ..\emWinGraphics_v5_46\LinkLibrary\PSoC5\GCC\libemWin_nosts_cm3_gcc.a(GUI__Private.o)
                0x1fff815c                GUI__pfMemcpy
                0x1fff8160                GUI__pfMemset
                0x1fff8168                . = ALIGN (0x8)
 *fill*         0x1fff8164        0x4 
 *(.ram)
                0x1fff8168                _edata = .

.igot.plt       0x1fff8168        0x0 load address 0x00007ce8
 .igot.plt      0x00000000        0x0 c:/program files (x86)/cypress/psoc creator/3.3/psoc creator/import/gnu/arm/4.9.3/bin/../lib/gcc/arm-none-eabi/4.9.3/armv7-m/crtbegin.o

.bss            0x1fff8168     0x3418 load address 0x00007ce8
                0x1fff8168                PROVIDE (__bss_start__, .)
 *(.shbss)
 *(.bss .bss.* .gnu.linkonce.b.*)
 .bss           0x1fff8168       0x1c c:/program files (x86)/cypress/psoc creator/3.3/psoc creator/import/gnu/arm/4.9.3/bin/../lib/gcc/arm-none-eabi/4.9.3/armv7-m/crtbegin.o
 .bss           0x1fff8184     0x3000 .\CortexM3\ARM_GCC_493\Debug\GUIConf.o
 .bss           0x1fffb184        0x1 .\CortexM3\ARM_GCC_493\Debug\ConnectFour.a(SPIM_1.o)
                0x1fffb184                SPIM_1_initVar
 *fill*         0x1fffb185        0x3 
 .bss           0x1fffb188       0x1c .\CortexM3\ARM_GCC_493\Debug\ConnectFour.a(CyLib.o)
                0x1fffb1a0                CySysTickInitVar
 .bss           0x1fffb1a4        0x1 .\CortexM3\ARM_GCC_493\Debug\ConnectFour.a(USBUART.o)
                0x1fffb1a4                USBUART_initVar
 .bss           0x1fffb1a5        0x1 .\CortexM3\ARM_GCC_493\Debug\ConnectFour.a(USBUART_cdc.o)
 *fill*         0x1fffb1a6        0x2 
 .bss           0x1fffb1a8        0x4 .\CortexM3\ARM_GCC_493\Debug\ConnectFour.a(USBUART_std.o)
 .bss           0x1fffb1ac       0x10 ..\emWinGraphics_v5_46\LinkLibrary\PSoC5\GCC\libemWin_nosts_cm3_gcc.a(GUI_Alloc.o)
 .bss           0x1fffb1bc       0x90 ..\emWinGraphics_v5_46\LinkLibrary\PSoC5\GCC\libemWin_nosts_cm3_gcc.a(GUI_Core.o)
                0x1fffb230                GUI__BkColorDefault
 .bss           0x1fffb24c       0x60 ..\emWinGraphics_v5_46\LinkLibrary\PSoC5\GCC\libemWin_nosts_cm3_gcc.a(GUI_OnKey.o)
 .bss           0x1fffb2ac        0x8 ..\emWinGraphics_v5_46\LinkLibrary\PSoC5\GCC\libemWin_nosts_cm3_gcc.a(GUI_WaitEvent.o)
 .bss           0x1fffb2b4       0x1c ..\emWinGraphics_v5_46\LinkLibrary\PSoC5\GCC\libemWin_nosts_cm3_gcc.a(GUIDRV_FlexColor.o)
 .bss           0x1fffb2d0        0xc ..\emWinGraphics_v5_46\LinkLibrary\PSoC5\GCC\libemWin_nosts_cm3_gcc.a(LCD_Color.o)
 .bss           0x1fffb2dc        0x8 ..\emWinGraphics_v5_46\LinkLibrary\PSoC5\GCC\libemWin_nosts_cm3_gcc.a(LCD_GetEx.o)
 .bss           0x1fffb2e4       0x30 ..\emWinGraphics_v5_46\LinkLibrary\PSoC5\GCC\libemWin_nosts_cm3_gcc.a(WM.o)
 .bss           0x1fffb314        0x4 ..\emWinGraphics_v5_46\LinkLibrary\PSoC5\GCC\libemWin_nosts_cm3_gcc.a(WM__Private.o)
 *(COMMON)
 COMMON         0x1fffb318        0x4 .\CortexM3\ARM_GCC_493\Debug\main.o
                0x1fffb318                PosY
                0x1fffb31a                PosX
 COMMON         0x1fffb31c        0x4 .\CortexM3\ARM_GCC_493\Debug\GUI_X.o
                0x1fffb31c                OS_TimeMS
 COMMON         0x1fffb320       0x18 .\CortexM3\ARM_GCC_493\Debug\Connect4Board.o
                0x1fffb320                column_width
                0x1fffb324                WIDTH
                0x1fffb328                row_height
                0x1fffb32c                HEIGHT
                0x1fffb330                num_rows
                0x1fffb334                num_columns
 COMMON         0x1fffb338       0x18 .\CortexM3\ARM_GCC_493\Debug\ConnectFour.a(USBUART_cdc.o)
                0x1fffb338                USBUART_linesChanged
                0x1fffb33c                USBUART_cdcDataInEp
                0x1fffb340                USBUART_cdcCommInInterruptEp
                0x1fffb344                USBUART_cdcDataOutEp
                0x1fffb348                USBUART_serialStateBitmap
                0x1fffb34c                USBUART_linesControlBitmap
 COMMON         0x1fffb350       0x9a .\CortexM3\ARM_GCC_493\Debug\ConnectFour.a(USBUART_drv.o)
                0x1fffb350                USBUART_lastPacketSize
                0x1fffb351                USBUART_device
                0x1fffb352                USBUART_transferByteCount
                0x1fffb354                USBUART_transferState
                0x1fffb358                USBUART_interfaceSettingLast
                0x1fffb35c                USBUART_currentTD
                0x1fffb368                USBUART_interfaceNumber
                0x1fffb36c                USBUART_interfaceClass
                0x1fffb370                USBUART_configurationChanged
                0x1fffb371                USBUART_ep0Mode
                0x1fffb372                USBUART_deviceAddress
                0x1fffb373                USBUART_configuration
                0x1fffb374                USBUART_ep0Count
                0x1fffb375                USBUART_deviceStatus
                0x1fffb378                USBUART_EP
                0x1fffb3e4                USBUART_interfaceSetting
                0x1fffb3e6                USBUART_ep0Toggle
                0x1fffb3e8                USBUART_interfaceStatus
 *fill*         0x1fffb3ea        0x2 
 COMMON         0x1fffb3ec       0x22 .\CortexM3\ARM_GCC_493\Debug\ConnectFour.a(USBUART_descr.o)
                0x1fffb3ec                USBUART_idSerialNumberStringDescriptor
 *fill*         0x1fffb40e        0x2 
 COMMON         0x1fffb410       0xc0 ..\emWinGraphics_v5_46\LinkLibrary\PSoC5\GCC\libemWin_nosts_cm3_gcc.a(GUI_Alloc.o)
                0x1fffb410                GUI_ALLOC__Context
 COMMON         0x1fffb4d0       0x5c ..\emWinGraphics_v5_46\LinkLibrary\PSoC5\GCC\libemWin_nosts_cm3_gcc.a(GUI_Core.o)
                0x1fffb4d0                GUI__aNumBuffers
                0x1fffb4d1                GUI__NumLayersInUse
                0x1fffb4d4                GUI__LayerMask
                0x1fffb4d8                GUI__DrawStreamedBitmap
                0x1fffb4d9                GUI_DecChar
                0x1fffb4dc                GUI_pLCD_APIList
                0x1fffb4e0                GUI_AA__ClipX0
                0x1fffb4e4                GUI_DCACHE__pfClearCacheHook
                0x1fffb4e8                GUI_OrgY
                0x1fffb4ec                GUI_pfHookMTOUCH
                0x1fffb4f0                GUI_pfDispCharLine
                0x1fffb4f4                GUI_pfTimerExec
                0x1fffb4f8                GUI_OrgX
                0x1fffb4fc                GUI_pfDispCharStyle
                0x1fffb500                GUI__IsInitialized
                0x1fffb504                GUI__pfDrawM565BitmapFunc
                0x1fffb508                GUI__PreserveTrans
                0x1fffb50c                GUI__pfDrawM565MemdevFunc
                0x1fffb510                GUI_MTOUCH__pStoreEvent
                0x1fffb514                GUI_pfExecAnimations
                0x1fffb518                GUI_pUC_API
                0x1fffb51c                GUI_pfUpdateSoftLayer
                0x1fffb520                GUI__apDevice
                0x1fffb524                GUI__BufferSize
                0x1fffb528                WM_pfHandlePID
 COMMON         0x1fffb52c        0x4 ..\emWinGraphics_v5_46\LinkLibrary\PSoC5\GCC\libemWin_nosts_cm3_gcc.a(LCD_Color.o)
                0x1fffb52c                LCD__aConvTable
 COMMON         0x1fffb530       0x40 ..\emWinGraphics_v5_46\LinkLibrary\PSoC5\GCC\libemWin_nosts_cm3_gcc.a(WM.o)
                0x1fffb530                WM__NumWindows
                0x1fffb534                WM__hATransWindow
                0x1fffb538                WM__ahDesktopWin
                0x1fffb53c                WM_pfPollPID
                0x1fffb540                WM__pExecGestures
                0x1fffb544                WM__ahWinFocus
                0x1fffb548                WM__NumInvalidWindows
                0x1fffb54c                WM__FirstWin
                0x1fffb550                WM__CaptureReleaseAuto
                0x1fffb551                WM__PaintCallbackCnt
                0x1fffb554                WM__CreateFlags
                0x1fffb558                WM__aBkColor
                0x1fffb55c                WM__pFirstCriticalHandle
                0x1fffb560                WM_MULTIBUF__pAPI
                0x1fffb564                WM__ahCapture
                0x1fffb568                WM__hCreateStatic
                0x1fffb56c                WM__TransWindowCnt
 COMMON         0x1fffb570       0x10 ..\emWinGraphics_v5_46\LinkLibrary\PSoC5\GCC\libemWin_nosts_cm3_gcc.a(WM_Touch.o)
                0x1fffb570                WM__aCHWinLast
                0x1fffb578                WM__aCHWinModal
                0x1fffb580                . = ALIGN (0x8)
 *(.ram.b)
                0x1fffb580                _end = .
                0x1fffb580                __end = .
                0x1fffb580                PROVIDE (end, .)
                0x1fffb580                PROVIDE (__bss_end__, .)
                0x00007c88                __cy_region_init_ram = LOADADDR (.data)
                0x00000060                __cy_region_init_size_ram = (_edata - ADDR (.data))
                0x00003418                __cy_region_zero_size_ram = (_end - _edata)

.heap           0x1fffb580       0x80 load address 0x00007ce8
                0x1fffb580                . = _end
                0x1fffb600                . = (. + 0x80)
 *fill*         0x1fffb580       0x80 
                0x1fffb600                __cy_heap_limit = .

.stack          0x20007800      0x800
                0x20007800                __cy_stack_limit = .
                0x20008000                . = (. + 0x800)
 *fill*         0x20007800      0x800 
                0x00000001                ASSERT ((__cy_stack_limit >= __cy_heap_limit), region RAM overflowed with stack)
                0x00000000                cy_checksum_exclude_size = (CY_APPL_LOADABLE == 0x1)?SIZEOF (.cy_checksum_exclude):0x0
                0x00000001                ASSERT ((cy_checksum_exclude_size <= CY_CHECKSUM_EXCLUDE_SIZE), CY_BOOT: Section .cy_checksum_exclude size exceedes specified limit.)

.cyloadermeta
 *(.cyloadermeta)

.cyloadablemeta
 *(.cyloadablemeta)

.cyconfigecc    0x80000000      0x2ac
 *(.cyconfigecc)
 .cyconfigecc   0x80000000      0x2ac .\CortexM3\ARM_GCC_493\Debug\cymetadata.o
                0x80000000                cy_meta_configecc

.cycustnvl      0x90000000        0x4
 *(.cycustnvl)
 .cycustnvl     0x90000000        0x4 .\CortexM3\ARM_GCC_493\Debug\cymetadata.o
                0x90000000                cy_meta_custnvl

.cywolatch      0x90100000        0x4
 *(.cywolatch)
 .cywolatch     0x90100000        0x4 .\CortexM3\ARM_GCC_493\Debug\cymetadata.o
                0x90100000                cy_meta_wonvl

.cyeeprom       0x90200000        0x0
 *(.cyeeprom)
                0x00000001                ASSERT ((. <= ((0x90200000 + ee_offset) + ee_size)), .cyeeprom data will not fit in EEPROM)

.cyflashprotect
                0x90400000      0x100
 *(.cyflashprotect)
 .cyflashprotect
                0x90400000      0x100 .\CortexM3\ARM_GCC_493\Debug\cymetadata.o
                0x90400000                cy_meta_flashprotect

.cymeta         0x90500000        0xc
 *(.cymeta)
 .cymeta        0x90500000        0xc .\CortexM3\ARM_GCC_493\Debug\cymetadata.o
                0x90500000                cy_metadata

.rel.dyn        0x00007ce8        0x0 load address 0x9050000c
 .rel.iplt      0x00000000        0x0 c:/program files (x86)/cypress/psoc creator/3.3/psoc creator/import/gnu/arm/4.9.3/bin/../lib/gcc/arm-none-eabi/4.9.3/armv7-m/crtbegin.o

.stab
 *(.stab)

.stabstr
 *(.stabstr)

.debug
 *(.debug)

.line
 *(.line)

.debug_srcinfo
 *(.debug_srcinfo)

.debug_sfnames
 *(.debug_sfnames)

.debug_aranges  0x00000000      0xca8
 *(.debug_aranges)
 .debug_aranges
                0x00000000       0x28 .\CortexM3\ARM_GCC_493\Debug\main.o
 .debug_aranges
                0x00000028       0x48 .\CortexM3\ARM_GCC_493\Debug\tft.o
 .debug_aranges
                0x00000070       0x60 .\CortexM3\ARM_GCC_493\Debug\GUI_X.o
 .debug_aranges
                0x000000d0       0x20 .\CortexM3\ARM_GCC_493\Debug\GUIConf.o
 .debug_aranges
                0x000000f0       0x30 .\CortexM3\ARM_GCC_493\Debug\LCDConf.o
 .debug_aranges
                0x00000120       0x40 .\CortexM3\ARM_GCC_493\Debug\Connect4Board.o
 .debug_aranges
                0x00000160       0x38 .\CortexM3\ARM_GCC_493\Debug\XPT2046.o